--------- beginning of main
D/Diag_Lib(  307): wwh listen_modem_state rcv :ACTION=add
D/Diag_Lib(  307): wwh listen_modem_state rcv :DEVPATH=/devices/platform/QMI00000124:00000001.1
D/Diag_Lib(  307): wwh listen_modem_state rcv :SUBSYSTEM=platform
D/Diag_Lib(  307): wwh listen_modem_state rcv :MODALIAS=platform:QMI00000124:00000001
D/Diag_Lib(  307): wwh listen_modem_state rcv :SEQNUM=4045
D/Diag_Lib(  307): wwh listen_modem_state buffer :add@/devices/platform/DATA40.0
D/Diag_Lib(  307): wwh listen_modem_state rcv :add@/devices/platform/DATA40.0
D/Diag_Lib(  307): wwh listen_modem_state rcv :ACTION=add
D/Diag_Lib(  307): wwh listen_modem_state rcv :DEVPATH=/devices/platform/DATA40.0
D/Diag_Lib(  307): wwh listen_modem_state rcv :SUBSYSTEM=platform
D/Diag_Lib(  307): wwh listen_modem_state rcv :MODALIAS=platform:DATA40
D/Diag_Lib(  307): wwh listen_modem_state rcv :SEQNUM=4046
D/Diag_Lib(  307): wwh listen_modem_state buffer :add@/devices/platform/DATA5_CNTL.0
D/Diag_Lib(  307): wwh listen_modem_state rcv :add@/devices/platform/DATA5_CNTL.0
D/Diag_Lib(  307): wwh listen_modem_state rcv :ACTION=add
D/Diag_Lib(  307): wwh listen_modem_state rcv :DEVPATH=/devices/platform/DATA5_CNTL.0
D/Diag_Lib(  307): wwh listen_modem_state rcv :SUBSYSTEM=platform
D/Diag_Lib(  307): wwh listen_modem_state rcv :MODALIAS=platform:DATA5_CNTL
D/Diag_Lib(  307): wwh listen_modem_state rcv :SEQNUM=4047
D/Diag_Lib(  307): wwh listen_modem_state buffer :add@/devices/platform/DATA6_CNTL.0
D/Diag_Lib(  307): wwh listen_modem_state rcv :add@/devices/platform/DATA6_CNTL.0
D/Diag_Lib(  307): wwh listen_modem_state rcv :ACTION=add
D/Diag_Lib(  307): wwh listen_modem_state rcv :DEVPATH=/devices/platform/DATA6_CNTL.0
D/Diag_Lib(  307): wwh listen_modem_state rcv :SUBSYSTEM=platform
D/Diag_Lib(  307): wwh listen_modem_state rcv :MODALIAS=platform:DATA6_CNTL
D/Diag_Lib(  307): wwh listen_modem_state rcv :SEQNUM=4048
D/Diag_Lib(  307): wwh listen_modem_state buffer :add@/devices/platform/DATA7_CNTL.0
D/Diag_Lib(  307): wwh listen_modem_state rcv :add@/devices/platform/DATA7_CNTL.0
D/Diag_Lib(  307): wwh listen_modem_state rcv :ACTION=add
D/Diag_Lib(  307): wwh listen_modem_state rcv :DEVPATH=/devices/platform/DATA7_CNTL.0
D/Diag_Lib(  307): wwh listen_modem_state rcv :SUBSYSTEM=platform
D/Diag_Lib(  307): wwh listen_modem_state rcv :MODALIAS=platform:DATA7_CNTL
D/Diag_Lib(  307): wwh listen_modem_state rcv :SEQNUM=4049
D/Diag_Lib(  307): wwh listen_modem_state buffer :add@/devices/platform/bam_dmux_ch_0.2
D/Diag_Lib(  307): wwh listen_modem_state rcv :add@/devices/platform/bam_dmux_ch_0.2
D/Diag_Lib(  307): wwh listen_modem_state rcv :ACTION=add
D/Diag_Lib(  307): wwh listen_modem_state rcv :DEVPATH=/devices/platform/bam_dmux_ch_0.2
D/Diag_Lib(  307): wwh listen_modem_state rcv :SUBSYSTEM=platform
D/Diag_Lib(  307): wwh listen_modem_state rcv :MODALIAS=platform:bam_dmux_ch_0
D/Diag_Lib(  307): wwh listen_modem_state rcv :SEQNUM=4050
D/Diag_Lib(  307): wwh listen_modem_state buffer :add@/devices/platform/DATA8_CNTL.0
D/Diag_Lib(  307): wwh listen_modem_state rcv :add@/devices/platform/DATA8_CNTL.0
D/Diag_Lib(  307): wwh listen_modem_state rcv :ACTION=add
D/Diag_Lib(  307): wwh listen_modem_state rcv :DEVPATH=/devices/platform/DATA8_CNTL.0
D/Diag_Lib(  307): wwh listen_modem_state rcv :SUBSYSTEM=platform
D/Diag_Lib(  307): wwh listen_modem_state rcv :MODALIAS=platform:DATA8_CNTL
D/Diag_Lib(  307): wwh listen_modem_state rcv :SEQNUM=4051
D/Diag_Lib(  307): wwh listen_modem_state buffer :add@/devices/platform/DATA9_CNTL.0
D/Diag_Lib(  307): wwh listen_modem_state rcv :add@/devices/platform/DATA9_CNTL.0
D/Diag_Lib(  307): wwh listen_modem_state rcv :ACTION=add
D/Diag_Lib(  307): wwh listen_modem_state rcv :DEVPATH=/devices/platform/DATA9_CNTL.0
D/Diag_Lib(  307): wwh listen_modem_state rcv :SUBSYSTEM=platform
D/Diag_Lib(  307): wwh listen_modem_state rcv :MODALIAS=platform:DATA9_CNTL
D/Diag_Lib(  307): wwh listen_modem_state rcv :SEQNUM=4052
D/Diag_Lib(  307): wwh listen_modem_state buffer :add@/devices/platform/DATA12_CNTL.0
D/Diag_Lib(  307): wwh listen_modem_state rcv :add@/devices/platform/DATA12_CNTL.0
D/Diag_Lib(  307): wwh listen_modem_state rcv :ACTION=add
D/Diag_Lib(  307): wwh listen_modem_state rcv :DEVPATH=/devices/platform/DATA12_CNTL.0
D/Diag_Lib(  307): wwh listen_modem_state rcv :SUBSYSTEM=platform
D/Diag_Lib(  307): wwh listen_modem_state rcv :MODALIAS=platform:DATA12_CNTL
D/Diag_Lib(  307): wwh listen_modem_state rcv :SEQNUM=4053
D/Diag_Lib(  307): wwh listen_modem_state buffer :add@/devices/platform/bam_dmux_ch_1.2
D/Diag_Lib(  307): wwh listen_modem_state rcv :add@/devices/platform/bam_dmux_ch_1.2
D/Diag_Lib(  307): wwh listen_modem_state rcv :ACTION=add
D/Diag_Lib(  307): wwh listen_modem_state rcv :DEVPATH=/devices/platform/bam_dmux_ch_1.2
D/Diag_Lib(  307): wwh listen_modem_state rcv :SUBSYSTEM=platform
D/Diag_Lib(  307): wwh listen_modem_state rcv :MODALIAS=platform:bam_dmux_ch_1
D/Diag_Lib(  307): wwh listen_modem_state rcv :SEQNUM=4054
D/Diag_Lib(  307): wwh listen_modem_state buffer :add@/devices/platform/bam_dmux_ch_2.2
D/Diag_Lib(  307): wwh listen_modem_state rcv :add@/devices/platform/bam_dmux_ch_2.2
D/Diag_Lib(  307): wwh listen_modem_state rcv :ACTION=add
D/Diag_Lib(  307): wwh listen_modem_state rcv :DEVPATH=/devices/platform/bam_dmux_ch_2.2
D/Diag_Lib(  307): wwh listen_modem_state rcv :SUBSYSTEM=platform
D/Diag_Lib(  307): wwh listen_modem_state rcv :MODALIAS=platform:bam_dmux_ch_2
D/Diag_Lib(  307): wwh listen_modem_state rcv :SEQNUM=4055
D/Diag_Lib(  307): wwh listen_modem_state buffer :add@/devices/platform/bam_dmux_ch_3.2
D/Diag_Lib(  307): wwh listen_modem_state rcv :add@/devices/platform/bam_dmux_ch_3.2
D/Diag_Lib(  307): wwh listen_modem_state rcv :ACTION=add
D/Diag_Lib(  307): wwh listen_modem_state rcv :DEVPATH=/devices/platform/bam_dmux_ch_3.2
D/Diag_Lib(  307): wwh listen_modem_state rcv :SUBSYSTEM=platform
D/Diag_Lib(  307): wwh listen_modem_state rcv :MODALIAS=platform:bam_dmux_ch_3
D/Diag_Lib(  307): wwh listen_modem_state rcv :SEQNUM=4056
D/Diag_Lib(  307): wwh listen_modem_state buffer :add@/devices/platform/bam_dmux_ch_4.2
D/Diag_Lib(  307): wwh listen_modem_state rcv :add@/devices/platform/bam_dmux_ch_4.2
D/Diag_Lib(  307): wwh listen_modem_state rcv :ACTION=add
D/Diag_Lib(  307): wwh listen_modem_state rcv :DEVPATH=/devices/platform/bam_dmux_ch_4.2
D/Diag_Lib(  307): wwh listen_modem_state rcv :SUBSYSTEM=platform
D/Diag_Lib(  307): wwh listen_modem_state rcv :MODALIAS=platform:bam_dmux_ch_4
D/Diag_Lib(  307): wwh listen_modem_state rcv :SEQNUM=4057
D/Diag_Lib(  307): wwh listen_modem_state buffer :add@/devices/platform/bam_dmux_ch_5.2
D/Diag_Lib(  307): wwh listen_modem_state rcv :add@/devices/platform/bam_dmux_ch_5.2
D/Diag_Lib(  307): wwh listen_modem_state rcv :ACTION=add
D/Diag_Lib(  307): wwh listen_modem_state rcv :DEVPATH=/devices/platform/bam_dmux_ch_5.2
D/Diag_Lib(  307): wwh listen_modem_state rcv :SUBSYSTEM=platform
D/Diag_Lib(  307): wwh listen_modem_state rcv :MODALIAS=platform:bam_dmux_ch_5
D/Diag_Lib(  307): wwh listen_modem_state rcv :SEQNUM=4058
D/Diag_Lib(  307): wwh listen_modem_state buffer :add@/devices/platform/bam_dmux_ch_6.2
D/Diag_Lib(  307): wwh listen_modem_state rcv :add@/devices/platform/bam_dmux_ch_6.2
D/Diag_Lib(  307): wwh listen_modem_state rcv :ACTION=add
D/Diag_Lib(  307): wwh listen_modem_state rcv :DEVPATH=/devices/platform/bam_dmux_ch_6.2
D/Diag_Lib(  307): wwh listen_modem_state rcv :SUBSYSTEM=platform
D/Diag_Lib(  307): wwh listen_modem_state rcv :MODALIAS=platform:bam_dmux_ch_6
D/Diag_Lib(  307): wwh listen_modem_state rcv :SEQNUM=4059
D/Diag_Lib(  307): wwh listen_modem_state buffer :add@/devices/platform/bam_dmux_ch_7.2
D/Diag_Lib(  307): wwh listen_modem_state rcv :add@/devices/platform/bam_dmux_ch_7.2
D/Diag_Lib(  307): wwh listen_modem_state rcv :ACTION=add
D/Diag_Lib(  307): wwh listen_modem_state rcv :DEVPATH=/devices/platform/bam_dmux_ch_7.2
D/Diag_Lib(  307): wwh listen_modem_state rcv :SUBSYSTEM=platform
D/Diag_Lib(  307): wwh listen_modem_state rcv :MODALIAS=platform:bam_dmux_ch_7
D/Diag_Lib(  307): wwh listen_modem_state rcv :SEQNUM=4060
D/Diag_Lib(  307): wwh listen_modem_state buffer :add@/devices/platform/bam_dmux_ch_10.2
D/Diag_Lib(  307): wwh listen_modem_state rcv :add@/devices/platform/bam_dmux_ch_10.2
D/Diag_Lib(  307): wwh listen_modem_state rcv :ACTION=add
D/Diag_Lib(  307): wwh listen_modem_state rcv :DEVPATH=/devices/platform/bam_dmux_ch_10.2
D/Diag_Lib(  307): wwh listen_modem_state rcv :SUBSYSTEM=platform
D/Diag_Lib(  307): wwh listen_modem_state rcv :MODALIAS=platform:bam_dmux_ch_10
D/Diag_Lib(  307): wwh listen_modem_state rcv :SEQNUM=4061
D/Diag_Lib(  307): wwh listen_modem_state buffer :add@/devices/platform/bam_dmux_ch_11.2
D/Diag_Lib(  307): wwh listen_modem_state rcv :add@/devices/platform/bam_dmux_ch_11.2
D/Diag_Lib(  307): wwh listen_modem_state rcv :ACTION=add
D/Diag_Lib(  307): wwh listen_modem_state rcv :DEVPATH=/devices/platform/bam_dmux_ch_11.2
D/Diag_Lib(  307): wwh listen_modem_state rcv :SUBSYSTEM=platform
D/Diag_Lib(  307): wwh listen_modem_state rcv :MODALIAS=platform:bam_dmux_ch_11
D/Diag_Lib(  307): wwh listen_modem_state rcv :SEQNUM=4062
D/Diag_Lib(  307): wwh listen_modem_state buffer :add@/devices/platform/bam_dmux_ch_8.2
D/Diag_Lib(  307): wwh listen_modem_state rcv :add@/devices/platform/bam_dmux_ch_8.2
D/Diag_Lib(  307): wwh listen_modem_state rcv :ACTION=add
D/Diag_Lib(  307): wwh listen_modem_state rcv :DEVPATH=/devices/platform/bam_dmux_ch_8.2
D/Diag_Lib(  307): wwh listen_modem_state rcv :SUBSYSTEM=platform
D/Diag_Lib(  307): wwh listen_modem_state rcv :MODALIAS=platform:bam_dmux_ch_8
D/Diag_Lib(  307): wwh listen_modem_state rcv :SEQNUM=4063
D/Diag_Lib(  307): wwh listen_modem_state buffer :add@/devices/platform/bam_dmux_ch_12.2
D/Diag_Lib(  307): wwh listen_modem_state rcv :add@/devices/platform/bam_dmux_ch_12.2
D/Diag_Lib(  307): wwh listen_modem_state rcv :ACTION=add
D/Diag_Lib(  307): wwh listen_modem_state rcv :DEVPATH=/devices/platform/bam_dmux_ch_12.2
D/Diag_Lib(  307): wwh listen_modem_state rcv :SUBSYSTEM=platform
D/Diag_Lib(  307): wwh listen_modem_state rcv :MODALIAS=platform:bam_dmux_ch_12
D/Diag_Lib(  307): wwh listen_modem_state rcv :SEQNUM=4064
D/Diag_Lib(  307): wwh listen_modem_state buffer :add@/devices/platform/DATA13_CNTL.0
D/Diag_Lib(  307): wwh listen_modem_state rcv :add@/devices/platform/DATA13_CNTL.0
D/Diag_Lib(  307): wwh listen_modem_state rcv :ACTION=add
D/Diag_Lib(  307): wwh listen_modem_state rcv :DEVPATH=/devices/platform/DATA13_CNTL.0
D/Diag_Lib(  307): wwh listen_modem_state rcv :SUBSYSTEM=platform
D/Diag_Lib(  307): wwh listen_modem_state rcv :MODALIAS=platform:DATA13_CNTL
D/Diag_Lib(  307): wwh listen_modem_state rcv :SEQNUM=4065
D/Diag_Lib(  307): wwh listen_modem_state buffer :add@/devices/platform/DATA14_CNTL.0
D/Diag_Lib(  307): wwh listen_modem_state rcv :add@/devices/platform/DATA14_CNTL.0
D/Diag_Lib(  307): wwh listen_modem_state rcv :ACTION=add
D/Diag_Lib(  307): wwh listen_modem_state rcv :DEVPATH=/devices/platform/DATA14_CNTL.0
D/Diag_Lib(  307): wwh listen_modem_state rcv :SUBSYSTEM=platform
D/Diag_Lib(  307): wwh listen_modem_state rcv :MODALIAS=platform:DATA14_CNTL
D/Diag_Lib(  307): wwh listen_modem_state rcv :SEQNUM=4066
D/Diag_Lib(  307): wwh listen_modem_state buffer :add@/devices/platform/DATA15_CNTL.0
D/Diag_Lib(  307): wwh listen_modem_state rcv :add@/devices/platform/DATA15_CNTL.0
D/Diag_Lib(  307): wwh listen_modem_state rcv :ACTION=add
D/Diag_Lib(  307): wwh listen_modem_state rcv :DEVPATH=/devices/platform/DATA15_CNTL.0
D/Diag_Lib(  307): wwh listen_modem_state rcv :SUBSYSTEM=platform
D/Diag_Lib(  307): wwh listen_modem_state rcv :MODALIAS=platform:DATA15_CNTL
D/Diag_Lib(  307): wwh listen_modem_state rcv :SEQNUM=4067
D/Diag_Lib(  307): wwh listen_modem_state buffer :add@/devices/platform/DATA16_CNTL.0
D/Diag_Lib(  307): wwh listen_modem_state rcv :add@/devices/platform/DATA16_CNTL.0
D/Diag_Lib(  307): wwh listen_modem_state rcv :ACTION=add
D/Diag_Lib(  307): wwh listen_modem_state rcv :DEVPATH=/devices/platform/DATA16_CNTL.0
D/Diag_Lib(  307): wwh listen_modem_state rcv :SUBSYSTEM=platform
D/Diag_Lib(  307): wwh listen_modem_state rcv :MODALIAS=platform:DATA16_CNTL
D/Diag_Lib(  307): wwh listen_modem_state rcv :SEQNUM=4068
D/Diag_Lib(  307): wwh listen_modem_state buffer :add@/devices/platform/DATA40_CNTL.0
D/Diag_Lib(  307): wwh listen_modem_state rcv :add@/devices/platform/DATA40_CNTL.0
D/Diag_Lib(  307): wwh listen_modem_state rcv :ACTION=add
D/Diag_Lib(  307): wwh listen_modem_state rcv :DEVPATH=/devices/platform/DATA40_CNTL.0
D/Diag_Lib(  307): wwh listen_modem_state rcv :SUBSYSTEM=platform
D/Diag_Lib(  307): wwh listen_modem_state rcv :MODALIAS=platform:DATA40_CNTL
D/Diag_Lib(  307): wwh listen_modem_state rcv :SEQNUM=4069
D/Diag_Lib(  307): wwh listen_modem_state buffer :add@/devices/platform/DATA23_CNTL.0
D/Diag_Lib(  307): wwh listen_modem_state rcv :add@/devices/platform/DATA23_CNTL.0
D/Diag_Lib(  307): wwh listen_modem_state rcv :ACTION=add
D/Diag_Lib(  307): wwh listen_modem_state rcv :DEVPATH=/devices/platform/DATA23_CNTL.0
D/Diag_Lib(  307): wwh listen_modem_state rcv :SUBSYSTEM=platform
D/Diag_Lib(  307): wwh listen_modem_state rcv :MODALIAS=platform:DATA23_CNTL
D/Diag_Lib(  307): wwh listen_modem_state rcv :SEQNUM=4070
D/Diag_Lib(  307): wwh listen_modem_state buffer :add@/devices/platform/DATA24_CNTL.0
D/Diag_Lib(  307): wwh listen_modem_state rcv :add@/devices/platform/DATA24_CNTL.0
D/Diag_Lib(  307): wwh listen_modem_state rcv :ACTION=add
D/Diag_Lib(  307): wwh listen_modem_state rcv :DEVPATH=/devices/platform/DATA24_CNTL.0
D/Diag_Lib(  307): wwh listen_modem_state rcv :SUBSYSTEM=platform
D/Diag_Lib(  307): wwh listen_modem_state rcv :MODALIAS=platform:DATA24_CNTL
D/Diag_Lib(  307): wwh listen_modem_state rcv :SEQNUM=4071
D/Diag_Lib(  307): wwh listen_modem_state buffer :add@/devices/platform/DATA25_CNTL.0
D/Diag_Lib(  307): wwh listen_modem_state rcv :add@/devices/platform/DATA25_CNTL.0
D/Diag_Lib(  307): wwh listen_modem_state rcv :ACTION=add
D/Diag_Lib(  307): wwh listen_modem_state rcv :DEVPATH=/devices/platform/DATA25_CNTL.0
D/Diag_Lib(  307): wwh listen_modem_state rcv :SUBSYSTEM=platform
D/Diag_Lib(  307): wwh listen_modem_state rcv :MODALIAS=platform:DATA25_CNTL
D/Diag_Lib(  307): wwh listen_modem_state rcv :SEQNUM=4072
D/Diag_Lib(  307): wwh listen_modem_state buffer :add@/devices/platform/bam_dmux_ch_13.2
D/Diag_Lib(  307): wwh listen_modem_state rcv :add@/devices/platform/bam_dmux_ch_13.2
D/Diag_Lib(  307): wwh listen_modem_state rcv :ACTION=add
D/Diag_Lib(  307): wwh listen_modem_state rcv :DEVPATH=/devices/platform/bam_dmux_ch_13.2
D/Diag_Lib(  307): wwh listen_modem_state rcv :SUBSYSTEM=platform
D/Diag_Lib(  307): wwh listen_modem_state rcv :MODALIAS=platform:bam_dmux_ch_13
D/Diag_Lib(  307): wwh listen_modem_state rcv :SEQNUM=4073
D/Diag_Lib(  307): wwh listen_modem_state buffer :add@/devices/platform/DATA26_CNTL.0
D/Diag_Lib(  307): wwh listen_modem_state rcv :add@/devices/platform/DATA26_CNTL.0
D/Diag_Lib(  307): wwh listen_modem_state rcv :ACTION=add
D/Diag_Lib(  307): wwh listen_modem_state rcv :DEVPATH=/devices/platform/DATA26_CNTL.0
D/Diag_Lib(  307): wwh listen_modem_state rcv :SUBSYSTEM=platform
D/Diag_Lib(  307): wwh listen_modem_state rcv :MODALIAS=platform:DATA26_CNTL
D/Diag_Lib(  307): wwh listen_modem_state rcv :SEQNUM=4074
D/Diag_Lib(  307): wwh listen_modem_state buffer :add@/devices/platform/bam_dmux_ch_14.2
D/Diag_Lib(  307): wwh listen_modem_state rcv :add@/devices/platform/bam_dmux_ch_14.2
D/Diag_Lib(  307): wwh listen_modem_state rcv :ACTION=add
D/Diag_Lib(  307): wwh listen_modem_state rcv :DEVPATH=/devices/platform/bam_dmux_ch_14.2
D/Diag_Lib(  307): wwh listen_modem_state rcv :SUBSYSTEM=platform
D/Diag_Lib(  307): wwh listen_modem_state rcv :MODALIAS=platform:bam_dmux_ch_14
D/Diag_Lib(  307): wwh listen_modem_state rcv :SEQNUM=4075
D/Diag_Lib(  307): wwh listen_modem_state buffer :add@/devices/platform/bam_dmux_ch_15.2
D/Diag_Lib(  307): wwh listen_modem_state rcv :add@/devices/platform/bam_dmux_ch_15.2
D/Diag_Lib(  307): wwh listen_modem_state rcv :ACTION=add
D/Diag_Lib(  307): wwh listen_modem_state rcv :DEVPATH=/devices/platform/bam_dmux_ch_15.2
D/Diag_Lib(  307): wwh listen_modem_state rcv :SUBSYSTEM=platform
D/Diag_Lib(  307): wwh listen_modem_state rcv :MODALIAS=platform:bam_dmux_ch_15
D/Diag_Lib(  307): wwh listen_modem_state rcv :SEQNUM=4076
I/art     (  330): WaitForGcToComplete blocked for 7.168ms for cause Explicit
I/art     (  330): Explicit concurrent mark sweep GC freed 31(1232B) AllocSpace objects, 0(0B) LOS objects, 44% free, 1272KB/2MB, paused 248us total 10.188ms
I/art     (  330): Explicit concurrent mark sweep GC freed 5(160B) AllocSpace objects, 0(0B) LOS objects, 44% free, 1272KB/2MB, paused 1.128ms total 11.451ms
I/art     (  330): Explicit concurrent mark sweep GC freed 570(33KB) AllocSpace objects, 0(0B) LOS objects, 44% free, 1288KB/2MB, paused 252us total 13.412ms
I/art     (  330): Explicit concurrent mark sweep GC freed 5(160B) AllocSpace objects, 0(0B) LOS objects, 44% free, 1288KB/2MB, paused 391us total 8.802ms
I/art     (  330): Explicit concurrent mark sweep GC freed 739(45KB) AllocSpace objects, 0(0B) LOS objects, 44% free, 1292KB/2MB, paused 249us total 9.551ms
I/art     (  330): Explicit concurrent mark sweep GC freed 5(160B) AllocSpace objects, 0(0B) LOS objects, 44% free, 1292KB/2MB, paused 245us total 10.526ms
I/ThermalEngine(  326): Sensor:tsens_tz_sensor1:65000 mC
I/ThermalEngine(  326): Sensor:tsens_tz_sensor5:66000 mC
I/ThermalEngine(  326): ACTION: CPU - Setting CPU[0] to 1190400
I/ThermalEngine(  326): ACTION: CPU - Setting CPU[1] to 1190400
I/ThermalEngine(  326): ACTION: CPU - Setting CPU[2] to 1190400
I/ThermalEngine(  326): ACTION: CPU - Setting CPU[3] to 1190400
I/System  (  330): Loaded time zone names for "" in 70ms (67ms in ICU)
I/System  (  330): Loaded time zone names for "en_US" in 49ms (40ms in ICU)
I/System  (  330): Loaded time zone names for "zh_CN" in 51ms (47ms in ICU)
I/art     (  330): Explicit concurrent mark sweep GC freed 3709(222KB) AllocSpace objects, 0(0B) LOS objects, 40% free, 1481KB/2MB, paused 272us total 12.100ms
I/art     (  330): Explicit concurrent mark sweep GC freed 5(160B) AllocSpace objects, 0(0B) LOS objects, 40% free, 1481KB/2MB, paused 269us total 9.935ms
E/libsensor1(  346): sensor1_open: Error in connect() errno=2 No such file or directory
E/gsiff_dmn(  346): V/main: Sensor1 open: 11
E/gsiff_dmn(  346): I/main: Pending Sensor1 connection opening!
E/gpsone_dmn(  346): gpsone_glue_pipeget:46] /data/misc/gsiff_ctrl_q, mode = 2
E/gpsone_dmn(  346): gpsone_glue_pipeget:65] fd = 9, /data/misc/gsiff_ctrl_q
E/gsiff_sp_sns1(  346): I/sp_sns1_init: Initializing Sensor1
E/gsiff_sp_sns1(  346): W/sensor process is not up and running yet!
I/art     (  330): Explicit concurrent mark sweep GC freed 152(12KB) AllocSpace objects, 0(0B) LOS objects, 39% free, 1545KB/2MB, paused 270us total 10.751ms
I/art     (  330): Explicit concurrent mark sweep GC freed 5(160B) AllocSpace objects, 0(0B) LOS objects, 39% free, 1545KB/2MB, paused 269us total 10.239ms
I/art     (  330): Explicit concurrent mark sweep GC freed 286(24KB) AllocSpace objects, 0(0B) LOS objects, 39% free, 1591KB/2MB, paused 270us total 17.735ms
I/art     (  330): Explicit concurrent mark sweep GC freed 13(416B) AllocSpace objects, 0(0B) LOS objects, 39% free, 1591KB/2MB, paused 270us total 10.509ms
I/ThermalEngine(  326): Sensor:tsens_tz_sensor1:65000 mC
I/ThermalEngine(  326): Sensor:tsens_tz_sensor5:66000 mC
I/ThermalEngine(  326): ACTION: CPU - Setting CPU[0] to 1094400
I/ThermalEngine(  326): ACTION: CPU - Setting CPU[1] to 1094400
I/ThermalEngine(  326): ACTION: CPU - Setting CPU[2] to 1094400
I/ThermalEngine(  326): ACTION: CPU - Setting CPU[3] to 1094400
I/art     (  330): Explicit concurrent mark sweep GC freed 667(47KB) AllocSpace objects, 0(0B) LOS objects, 39% free, 1592KB/2MB, paused 294us total 11.747ms
I/art     (  330): Explicit concurrent mark sweep GC freed 25(800B) AllocSpace objects, 0(0B) LOS objects, 39% free, 1592KB/2MB, paused 292us total 11.360ms
I/Zygote  (  330): ...preloaded 3005 classes in 1813ms.
I/art     (  330): VMRuntime.preloadDexCaches starting
I/ThermalEngine(  326): Sensor:pm8226_tz:58810 mC
D/Diag_Lib(  307): wwh listen_modem_state buffer :add@/bus/platform/drivers/DATA6_CNTL
D/Diag_Lib(  307): wwh listen_modem_state rcv :add@/bus/platform/drivers/DATA6_CNTL
D/Diag_Lib(  307): wwh listen_modem_state rcv :ACTION=add
D/Diag_Lib(  307): wwh listen_modem_state rcv :DEVPATH=/bus/platform/drivers/DATA6_CNTL
D/Diag_Lib(  307): wwh listen_modem_state rcv :SUBSYSTEM=drivers
D/Diag_Lib(  307): wwh listen_modem_state rcv :SEQNUM=4077
D/Diag_Lib(  307): wwh listen_modem_state buffer :add@/bus/platform/drivers/DATA7_CNTL
D/Diag_Lib(  307): wwh listen_modem_state rcv :add@/bus/platform/drivers/DATA7_CNTL
D/Diag_Lib(  307): wwh listen_modem_state rcv :ACTION=add
D/Diag_Lib(  307): wwh listen_modem_state rcv :DEVPATH=/bus/platform/drivers/DATA7_CNTL
D/Diag_Lib(  307): wwh listen_modem_state rcv :SUBSYSTEM=drivers
D/Diag_Lib(  307): wwh listen_modem_state rcv :SEQNUM=4078
D/Diag_Lib(  307): wwh listen_modem_state buffer :add@/bus/platform/drivers/DATA8_CNTL
D/Diag_Lib(  307): wwh listen_modem_state rcv :add@/bus/platform/drivers/DATA8_CNTL
D/Diag_Lib(  307): wwh listen_modem_state rcv :ACTION=add
D/Diag_Lib(  307): wwh listen_modem_state rcv :DEVPATH=/bus/platform/drivers/DATA8_CNTL
D/Diag_Lib(  307): wwh listen_modem_state rcv :SUBSYSTEM=drivers
D/Diag_Lib(  307): wwh listen_modem_state rcv :SEQNUM=4079
D/Diag_Lib(  307): wwh listen_modem_state buffer :add@/bus/platform/drivers/DATA9_CNTL
D/Diag_Lib(  307): wwh listen_modem_state rcv :add@/bus/platform/drivers/DATA9_CNTL
D/Diag_Lib(  307): wwh listen_modem_state rcv :ACTION=add
D/Diag_Lib(  307): wwh listen_modem_state rcv :DEVPATH=/bus/platform/drivers/DATA9_CNTL
D/Diag_Lib(  307): wwh listen_modem_state rcv :SUBSYSTEM=drivers
D/Diag_Lib(  307): wwh listen_modem_state rcv :SEQNUM=4080
D/Diag_Lib(  307): wwh listen_modem_state buffer :add@/bus/platform/drivers/DATA12_CNTL
D/Diag_Lib(  307): wwh listen_modem_state rcv :add@/bus/platform/drivers/DATA12_CNTL
D/Diag_Lib(  307): wwh listen_modem_state rcv :ACTION=add
D/Diag_Lib(  307): wwh listen_modem_state rcv :DEVPATH=/bus/platform/drivers/DATA12_CNTL
D/Diag_Lib(  307): wwh listen_modem_state rcv :SUBSYSTEM=drivers
D/Diag_Lib(  307): wwh listen_modem_state rcv :SEQNUM=4081
D/Diag_Lib(  307): wwh listen_modem_state buffer :add@/bus/platform/drivers/DATA13_CNTL
D/Diag_Lib(  307): wwh listen_modem_state rcv :add@/bus/platform/drivers/DATA13_CNTL
D/Diag_Lib(  307): wwh listen_modem_state rcv :ACTION=add
D/Diag_Lib(  307): wwh listen_modem_state rcv :DEVPATH=/bus/platform/drivers/DATA13_CNTL
D/Diag_Lib(  307): wwh listen_modem_state rcv :SUBSYSTEM=drivers
D/Diag_Lib(  307): wwh listen_modem_state rcv :SEQNUM=4082
D/Diag_Lib(  307): wwh listen_modem_state buffer :add@/bus/platform/drivers/DATA14_CNTL
D/Diag_Lib(  307): wwh listen_modem_state rcv :add@/bus/platform/drivers/DATA14_CNTL
D/Diag_Lib(  307): wwh listen_modem_state rcv :ACTION=add
D/Diag_Lib(  307): wwh listen_modem_state rcv :DEVPATH=/bus/platform/drivers/DATA14_CNTL
D/Diag_Lib(  307): wwh listen_modem_state rcv :SUBSYSTEM=drivers
D/Diag_Lib(  307): wwh listen_modem_state rcv :SEQNUM=4083
I/art     (  330): VMRuntime.preloadDexCaches strings total=249522 before=44209 after=44209
I/art     (  330): VMRuntime.preloadDexCaches types total=21232 before=7241 after=7282
I/art     (  330): VMRuntime.preloadDexCaches fields total=108748 before=33433 after=33881
I/art     (  330): VMRuntime.preloadDexCaches methods total=168847 before=71108 after=72123
I/art     (  330): VMRuntime.preloadDexCaches finished
I/art     (  330): Counter: 0
I/art     (  330): Counter: 1
I/art     (  330): Explicit concurrent mark sweep GC freed 41(15KB) AllocSpace objects, 0(0B) LOS objects, 40% free, 1578KB/2MB, paused 293us total 16.871ms
D/Diag_Lib(  307): wwh listen_modem_state buffer :add@/devices/fb000000.qcom,wcnss-wlan/firmware/fb000000.qcom,wcnss-wlan
D/Diag_Lib(  307): wwh listen_modem_state rcv :add@/devices/fb000000.qcom,wcnss-wlan/firmware/fb000000.qcom,wcnss-wlan
D/Diag_Lib(  307): wwh listen_modem_state rcv :ACTION=add
D/Diag_Lib(  307): wwh listen_modem_state rcv :DEVPATH=/devices/fb000000.qcom,wcnss-wlan/firmware/fb000000.qcom,wcnss-wlan
D/Diag_Lib(  307): wwh listen_modem_state rcv :SUBSYSTEM=firmware
D/Diag_Lib(  307): wwh listen_modem_state rcv :FIRMWARE=wlan/prima/WCNSS_qcom_wlan_nv.bin
D/Diag_Lib(  307): wwh listen_modem_state rcv :TIMEOUT=60
D/Diag_Lib(  307): wwh listen_modem_state rcv :ASYNC=0
D/Diag_Lib(  307): wwh listen_modem_state rcv :SEQNUM=4084
D/Diag_Lib(  307): wwh listen_modem_state buffer :remove@/devices/fb000000.qcom,wcnss-wlan/firmware/fb000000.qcom,wcnss-wlan
D/Diag_Lib(  307): wwh listen_modem_state rcv :remove@/devices/fb000000.qcom,wcnss-wlan/firmware/fb000000.qcom,wcnss-wlan
D/Diag_Lib(  307): wwh listen_modem_state rcv :ACTION=remove
D/Diag_Lib(  307): wwh listen_modem_state rcv :DEVPATH=/devices/fb000000.qcom,wcnss-wlan/firmware/fb000000.qcom,wcnss-wlan
D/Diag_Lib(  307): wwh listen_modem_state rcv :SUBSYSTEM=firmware
D/Diag_Lib(  307): wwh listen_modem_state rcv :FIRMWARE=wlan/prima/WCNSS_qcom_wlan_nv.bin
D/Diag_Lib(  307): wwh listen_modem_state rcv :TIMEOUT=60
D/Diag_Lib(  307): wwh listen_modem_state rcv :ASYNC=0
D/Diag_Lib(  307): wwh listen_modem_state rcv :SEQNUM=4085
D/idmap   (  909): error: no read access to /vendor/overlay: No such file or directory
I/ThermalEngine(  326): Sensor:tsens_tz_sensor1:62000 mC
I/ThermalEngine(  326): Sensor:tsens_tz_sensor5:64000 mC
I/ThermalEngine(  326): ACTION: CPU - Setting CPU[0] to 1190400
I/ThermalEngine(  326): ACTION: CPU - Setting CPU[1] to 1190400
I/ThermalEngine(  326): ACTION: CPU - Setting CPU[2] to 1190400
I/ThermalEngine(  326): ACTION: CPU - Setting CPU[3] to 1190400
I/ThermalEngine(  326): qmi: Instance id 37 for fusion TS
I/ThermalEngine(  326): MODEM thermal mitigation available.
I/ThermalEngine(  326): ACTION: MODEM - Pending request: pa mitigation succeeded for level 0.
I/ThermalEngine(  326): Mitigation:Modem:0
I/ThermalEngine(  326): ACTION: MODEM - Pending request: cpuv_restriction_cold mitigation succeeded for level 0.
I/ThermalEngine(  326): Mitigation:VDD[MODEM-cpuv_restriction_cold]:0
I/Zygote  (  330): Preloading resources...
W/Resources(  330): Preloaded drawable resource #0x1080096 (android:drawable/toast_frame) that varies with configuration!!
W/Resources(  330): Preloaded drawable resource #0x108010d (android:drawable/btn_check_on_pressed_holo_light) that varies with configuration!!
W/Resources(  330): Preloaded drawable resource #0x108010c (android:drawable/btn_check_on_pressed_holo_dark) that varies with configuration!!
W/Resources(  330): Preloaded drawable resource #0x108010a (android:drawable/btn_check_on_holo_light) that varies with configuration!!
W/Resources(  330): Preloaded drawable resource #0x1080109 (android:drawable/btn_check_on_holo_dark) that varies with configuration!!
W/Resources(  330): Preloaded drawable resource #0x1080107 (android:drawable/btn_check_on_focused_holo_light) that varies with configuration!!
W/Resources(  330): Preloaded drawable resource #0x1080106 (android:drawable/btn_check_on_focused_holo_dark) that varies with configuration!!
W/Resources(  330): Preloaded drawable resource #0x1080105 (android:drawable/btn_check_on_disabled_holo_light) that varies with configuration!!
W/Resources(  330): Preloaded drawable resource #0x1080104 (android:drawable/btn_check_on_disabled_holo_dark) that varies with configuration!!
W/Resources(  330): Preloaded drawable resource #0x1080103 (android:drawable/btn_check_on_disabled_focused_holo_light) that varies with configuration!!
W/Resources(  330): Preloaded drawable resource #0x1080102 (android:drawable/btn_check_on_disabled_focused_holo_dark) that varies with configuration!!
W/Resources(  330): Preloaded drawable resource #0x10800fa (android:drawable/btn_check_off_pressed_holo_light) that varies with configuration!!
W/Resources(  330): Preloaded drawable resource #0x10800f9 (android:drawable/btn_check_off_pressed_holo_dark) that varies with configuration!!
W/Resources(  330): Preloaded drawable resource #0x10800f5 (android:drawable/btn_check_off_holo_light) that varies with configuration!!
W/Resources(  330): Preloaded drawable resource #0x10800f4 (android:drawable/btn_check_off_holo_dark) that varies with configuration!!
W/Resources(  330): Preloaded drawable resource #0x10800f2 (android:drawable/btn_check_off_focused_holo_light) that varies with configuration!!
W/Resources(  330): Preloaded drawable resource #0x10800f1 (android:drawable/btn_check_off_focused_holo_dark) that varies with configuration!!
W/Resources(  330): Preloaded drawable resource #0x10800f0 (android:drawable/btn_check_off_disabled_holo_light) that varies with configuration!!
W/Resources(  330): Preloaded drawable resource #0x10800ef (android:drawable/btn_check_off_disabled_holo_dark) that varies with configuration!!
W/Resources(  330): Preloaded drawable resource #0x10800ee (android:drawable/btn_check_off_disabled_focused_holo_light) that varies with configuration!!
W/Resources(  330): Preloaded drawable resource #0x10800ed (android:drawable/btn_check_off_disabled_focused_holo_dark) that varies with configuration!!
W/Resources(  330): Preloaded drawable resource #0x108010a (android:drawable/btn_check_on_holo_light) that varies with configuration!!
W/Resources(  330): Preloaded drawable resource #0x10800f5 (android:drawable/btn_check_off_holo_light) that varies with configuration!!
I/ServiceManager(  309): Waiting for service batterystats...
W/Resources(  330): Preloaded drawable resource #0x108010d (android:drawable/btn_check_on_pressed_holo_light) that varies with configuration!!
W/Resources(  330): Preloaded drawable resource #0x10800fa (android:drawable/btn_check_off_pressed_holo_light) that varies with configuration!!
W/Resources(  330): Preloaded drawable resource #0x1080107 (android:drawable/btn_check_on_focused_holo_light) that varies with configuration!!
D/Diag_Lib(  307): wwh listen_modem_state buffer :add@/devices/platform/APPS_RIVA_BT_CMD.6
D/Diag_Lib(  307): wwh listen_modem_state rcv :add@/devices/platform/APPS_RIVA_BT_CMD.6
D/Diag_Lib(  307): wwh listen_modem_state rcv :ACTION=add
D/Diag_Lib(  307): wwh listen_modem_state rcv :DEVPATH=/devices/platform/APPS_RIVA_BT_CMD.6
D/Diag_Lib(  307): wwh listen_modem_state rcv :SUBSYSTEM=platform
D/Diag_Lib(  307): wwh listen_modem_state rcv :MODALIAS=platform:APPS_RIVA_BT_CMD
D/Diag_Lib(  307): wwh listen_modem_state rcv :SEQNUM=4086
D/Diag_Lib(  307): wwh listen_modem_state buffer :add@/devices/platform/APPS_RIVA_BT_ACL.6
D/Diag_Lib(  307): wwh listen_modem_state rcv :add@/devices/platform/APPS_RIVA_BT_ACL.6
D/Diag_Lib(  307): wwh listen_modem_state rcv :ACTION=add
D/Diag_Lib(  307): wwh listen_modem_state rcv :DEVPATH=/devices/platform/APPS_RIVA_BT_ACL.6
D/Diag_Lib(  307): wwh listen_modem_state rcv :SUBSYSTEM=platform
D/Diag_Lib(  307): wwh listen_modem_state rcv :MODALIAS=platform:APPS_RIVA_BT_ACL
D/Diag_Lib(  307): wwh listen_modem_state rcv :SEQNUM=4087
W/Resources(  330): Preloaded drawable resource #0x10800f2 (android:drawable/btn_check_off_focused_holo_light) that varies with configuration!!
D/Diag_Lib(  307): wwh listen_modem_state buffer :add@/devices/platform/APPS_RIVA_ANT_CMD.6
D/Diag_Lib(  307): wwh listen_modem_state rcv :add@/devices/platform/APPS_RIVA_ANT_CMD.6
D/Diag_Lib(  307): wwh listen_modem_state rcv :ACTION=add
D/Diag_Lib(  307): wwh listen_modem_state rcv :DEVPATH=/devices/platform/APPS_RIVA_ANT_CMD.6
D/Diag_Lib(  307): wwh listen_modem_state rcv :SUBSYSTEM=platform
D/Diag_Lib(  307): wwh listen_modem_state rcv :MODALIAS=platform:APPS_RIVA_ANT_CMD
D/Diag_Lib(  307): wwh listen_modem_state rcv :SEQNUM=4088
W/Resources(  330): Preloaded drawable resource #0x10800f5 (android:drawable/btn_check_off_holo_light) that varies with configuration!!
D/Diag_Lib(  307): wwh listen_modem_state buffer :add@/devices/platform/APPS_RIVA_ANT_DATA.6
D/Diag_Lib(  307): wwh listen_modem_state rcv :add@/devices/platform/APPS_RIVA_ANT_DATA.6
D/Diag_Lib(  307): wwh listen_modem_state rcv :ACTION=add
D/Diag_Lib(  307): wwh listen_modem_state rcv :DEVPATH=/devices/platform/APPS_RIVA_ANT_DATA.6
D/Diag_Lib(  307): wwh listen_modem_state rcv :SUBSYSTEM=platform
D/Diag_Lib(  307): wwh listen_modem_state rcv :MODALIAS=platform:APPS_RIVA_ANT_DATA
D/Diag_Lib(  307): wwh listen_modem_state rcv :SEQNUM=4089
W/Resources(  330): Preloaded drawable resource #0x108010a (android:drawable/btn_check_on_holo_light) that varies with configuration!!
W/Resources(  330): Preloaded drawable resource #0x1080105 (android:drawable/btn_check_on_disabled_holo_light) that varies with configuration!!
W/Resources(  330): Preloaded drawable resource #0x10800f0 (android:drawable/btn_check_off_disabled_holo_light) that varies with configuration!!
W/Resources(  330): Preloaded drawable resource #0x1080103 (android:drawable/btn_check_on_disabled_focused_holo_light) that varies with configuration!!
W/Resources(  330): Preloaded drawable resource #0x10800ee (android:drawable/btn_check_off_disabled_focused_holo_light) that varies with configuration!!
W/Resources(  330): Preloaded drawable resource #0x10800f0 (android:drawable/btn_check_off_disabled_holo_light) that varies with configuration!!
W/Resources(  330): Preloaded drawable resource #0x1080105 (android:drawable/btn_check_on_disabled_holo_light) that varies with configuration!!
W/Resources(  330): Preloaded drawable resource #0x10800e3 (android:drawable/btn_check_holo_light) that varies with configuration!!
W/Resources(  330): Preloaded drawable resource #0x1080109 (android:drawable/btn_check_on_holo_dark) that varies with configuration!!
W/Resources(  330): Preloaded drawable resource #0x10800f4 (android:drawable/btn_check_off_holo_dark) that varies with configuration!!
W/Resources(  330): Preloaded drawable resource #0x108010c (android:drawable/btn_check_on_pressed_holo_dark) that varies with configuration!!
W/Resources(  330): Preloaded drawable resource #0x10800f9 (android:drawable/btn_check_off_pressed_holo_dark) that varies with configuration!!
W/Resources(  330): Preloaded drawable resource #0x1080106 (android:drawable/btn_check_on_focused_holo_dark) that varies with configuration!!
W/Resources(  330): Preloaded drawable resource #0x10800f1 (android:drawable/btn_check_off_focused_holo_dark) that varies with configuration!!
W/Resources(  330): Preloaded drawable resource #0x10800f4 (android:drawable/btn_check_off_holo_dark) that varies with configuration!!
D/Diag_Lib(  307): wwh listen_modem_state buffer :add@/devices/platform/APPS_FM.6
W/Resources(  330): Preloaded drawable resource #0x1080109 (android:drawable/btn_check_on_holo_dark) that varies with configuration!!
D/Diag_Lib(  307): wwh listen_modem_state rcv :add@/devices/platform/APPS_FM.6
D/Diag_Lib(  307): wwh listen_modem_state rcv :ACTION=add
D/Diag_Lib(  307): wwh listen_modem_state rcv :DEVPATH=/devices/platform/APPS_FM.6
D/Diag_Lib(  307): wwh listen_modem_state rcv :SUBSYSTEM=platform
D/Diag_Lib(  307): wwh listen_modem_state rcv :MODALIAS=platform:APPS_FM
D/Diag_Lib(  307): wwh listen_modem_state rcv :SEQNUM=4090
W/Resources(  330): Preloaded drawable resource #0x1080104 (android:drawable/btn_check_on_disabled_holo_dark) that varies with configuration!!
W/Resources(  330): Preloaded drawable resource #0x10800ef (android:drawable/btn_check_off_disabled_holo_dark) that varies with configuration!!
W/Resources(  330): Preloaded drawable resource #0x1080102 (android:drawable/btn_check_on_disabled_focused_holo_dark) that varies with configuration!!
W/Resources(  330): Preloaded drawable resource #0x10800ed (android:drawable/btn_check_off_disabled_focused_holo_dark) that varies with configuration!!
W/Resources(  330): Preloaded drawable resource #0x10800ef (android:drawable/btn_check_off_disabled_holo_dark) that varies with configuration!!
W/Resources(  330): Preloaded drawable resource #0x1080104 (android:drawable/btn_check_on_disabled_holo_dark) that varies with configuration!!
W/Resources(  330): Preloaded drawable resource #0x10800e2 (android:drawable/btn_check_holo_dark) that varies with configuration!!
W/Resources(  330): Preloaded drawable resource #0x10801bd (android:drawable/btn_radio_on_pressed_holo_light) that varies with configuration!!
W/Resources(  330): Preloaded drawable resource #0x10801bc (android:drawable/btn_radio_on_pressed_holo_dark) that varies with configuration!!
W/Resources(  330): Preloaded drawable resource #0x10801b9 (android:drawable/btn_radio_on_holo_light) that varies with configuration!!
W/Resources(  330): Preloaded drawable resource #0x10801b8 (android:drawable/btn_radio_on_holo_dark) that varies with configuration!!
W/Resources(  330): Preloaded drawable resource #0x10801b6 (android:drawable/btn_radio_on_focused_holo_light) that varies with configuration!!
W/Resources(  330): Preloaded drawable resource #0x10801b5 (android:drawable/btn_radio_on_focused_holo_dark) that varies with configuration!!
W/Resources(  330): Preloaded drawable resource #0x10801b4 (android:drawable/btn_radio_on_disabled_holo_light) that varies with configuration!!
W/Resources(  330): Preloaded drawable resource #0x10801b3 (android:drawable/btn_radio_on_disabled_holo_dark) that varies with configuration!!
W/Resources(  330): Preloaded drawable resource #0x10801b2 (android:drawable/btn_radio_on_disabled_focused_holo_light) that varies with configuration!!
W/Resources(  330): Preloaded drawable resource #0x10801b1 (android:drawable/btn_radio_on_disabled_focused_holo_dark) that varies with configuration!!
W/Resources(  330): Preloaded drawable resource #0x10801ae (android:drawable/btn_radio_off_pressed_holo_light) that varies with configuration!!
W/Resources(  330): Preloaded drawable resource #0x10801ad (android:drawable/btn_radio_off_pressed_holo_dark) that varies with configuration!!
W/Resources(  330): Preloaded drawable resource #0x10801ab (android:drawable/btn_radio_off_holo_light) that varies with configuration!!
W/Resources(  330): Preloaded drawable resource #0x10801aa (android:drawable/btn_radio_off_holo_dark) that varies with configuration!!
W/Resources(  330): Preloaded drawable resource #0x10801a8 (android:drawable/btn_radio_off_focused_holo_light) that varies with configuration!!
W/Resources(  330): Preloaded drawable resource #0x10801a7 (android:drawable/btn_radio_off_focused_holo_dark) that varies with configuration!!
W/Resources(  330): Preloaded drawable resource #0x10801a6 (android:drawable/btn_radio_off_disabled_holo_light) that varies with configuration!!
W/Resources(  330): Preloaded drawable resource #0x10801a5 (android:drawable/btn_radio_off_disabled_holo_dark) that varies with configuration!!
W/Resources(  330): Preloaded drawable resource #0x10801a4 (android:drawable/btn_radio_off_disabled_focused_holo_light) that varies with configuration!!
W/Resources(  330): Preloaded drawable resource #0x10801a3 (android:drawable/btn_radio_off_disabled_focused_holo_dark) that varies with configuration!!
W/Resources(  330): Preloaded drawable resource #0x108014e (android:drawable/btn_default_pressed_holo_light) that varies with configuration!!
W/Resources(  330): Preloaded drawable resource #0x108014d (android:drawable/btn_default_pressed_holo_dark) that varies with configuration!!
W/Resources(  330): Preloaded drawable resource #0x108014a (android:drawable/btn_default_normal_holo_light) that varies with configuration!!
W/Resources(  330): Preloaded drawable resource #0x1080149 (android:drawable/btn_default_normal_holo_dark) that varies with configuration!!
W/Resources(  330): Preloaded drawable resource #0x1080140 (android:drawable/btn_default_focused_holo_light) that varies with configuration!!
W/Resources(  330): Preloaded drawable resource #0x108013f (android:drawable/btn_default_focused_holo_dark) that varies with configuration!!
W/Resources(  330): Preloaded drawable resource #0x108013d (android:drawable/btn_default_disabled_holo_light) that varies with configuration!!
W/Resources(  330): Preloaded drawable resource #0x108013c (android:drawable/btn_default_disabled_holo_dark) that varies with configuration!!
W/Resources(  330): Preloaded drawable resource #0x108013a (android:drawable/btn_default_disabled_focused_holo_light) that varies with configuration!!
W/Resources(  330): Preloaded drawable resource #0x1080139 (android:drawable/btn_default_disabled_focused_holo_dark) that varies with configuration!!
W/Resources(  330): Preloaded drawable resource #0x1080149 (android:drawable/btn_default_normal_holo_dark) that varies with configuration!!
W/Resources(  330): Preloaded drawable resource #0x108013c (android:drawable/btn_default_disabled_holo_dark) that varies with configuration!!
W/Resources(  330): Preloaded drawable resource #0x108014d (android:drawable/btn_default_pressed_holo_dark) that varies with configuration!!
W/Resources(  330): Preloaded drawable resource #0x108013f (android:drawable/btn_default_focused_holo_dark) that varies with configuration!!
W/Resources(  330): Preloaded drawable resource #0x1080149 (android:drawable/btn_default_normal_holo_dark) that varies with configuration!!
W/Resources(  330): Preloaded drawable resource #0x1080139 (android:drawable/btn_default_disabled_focused_holo_dark) that varies with configuration!!
W/Resources(  330): Preloaded drawable resource #0x108013c (android:drawable/btn_default_disabled_holo_dark) that varies with configuration!!
W/Resources(  330): Preloaded drawable resource #0x1080141 (android:drawable/btn_default_holo_dark) that varies with configuration!!
W/Resources(  330): Preloaded drawable resource #0x108014a (android:drawable/btn_default_normal_holo_light) that varies with configuration!!
W/Resources(  330): Preloaded drawable resource #0x108013d (android:drawable/btn_default_disabled_holo_light) that varies with configuration!!
W/Resources(  330): Preloaded drawable resource #0x108014e (android:drawable/btn_default_pressed_holo_light) that varies with configuration!!
W/Resources(  330): Preloaded drawable resource #0x1080140 (android:drawable/btn_default_focused_holo_light) that varies with configuration!!
W/Resources(  330): Preloaded drawable resource #0x108014a (android:drawable/btn_default_normal_holo_light) that varies with configuration!!
W/Resources(  330): Preloaded drawable resource #0x108013a (android:drawable/btn_default_disabled_focused_holo_light) that varies with configuration!!
W/Resources(  330): Preloaded drawable resource #0x108013d (android:drawable/btn_default_disabled_holo_light) that varies with configuration!!
W/Resources(  330): Preloaded drawable resource #0x1080142 (android:drawable/btn_default_holo_light) that varies with configuration!!
W/Resources(  330): Preloaded drawable resource #0x108021e (android:drawable/btn_star_off_normal_holo_light) that varies with configuration!!
W/Resources(  330): Preloaded drawable resource #0x1080228 (android:drawable/btn_star_on_normal_holo_light) that varies with configuration!!
W/Resources(  330): Preloaded drawable resource #0x1080224 (android:drawable/btn_star_on_disabled_holo_light) that varies with configuration!!
W/Resources(  330): Preloaded drawable resource #0x108021a (android:drawable/btn_star_off_disabled_holo_light) that varies with configuration!!
W/Resources(  330): Preloaded drawable resource #0x108022a (android:drawable/btn_star_on_pressed_holo_light) that varies with configuration!!
W/Resources(  330): Preloaded drawable resource #0x1080220 (android:drawable/btn_star_off_pressed_holo_light) that varies with configuration!!
I/ThermalEngine(  326): Sensor:tsens_tz_sensor1:62000 mC
I/ThermalEngine(  326): Sensor:tsens_tz_sensor5:63000 mC
I/ThermalEngine(  326): ACTION: CPU - Setting CPU[0] to 1305600
--------- beginning of system
D/SambaConfigFile(  315): writeconfig![/data/misc/samba/lib/smb.conf]
I/ThermalEngine(  326): ACTION: CPU - Setting CPU[1] to 1305600
I/ThermalEngine(  326): ACTION: CPU - Setting CPU[2] to 1305600
I/ThermalEngine(  326): ACTION: CPU - Setting CPU[3] to 1305600
W/Resources(  330): Preloaded drawable resource #0x1080226 (android:drawable/btn_star_on_focused_holo_light) that varies with configuration!!
D/SambaController(  315): path[/system/bin/rm]
W/Resources(  330): Preloaded drawable resource #0x108021c (android:drawable/btn_star_off_focused_holo_light) that varies with configuration!!
W/Resources(  330): Preloaded drawable resource #0x1080222 (android:drawable/btn_star_on_disabled_focused_holo_light) that varies with configuration!!
W/Resources(  330): Preloaded drawable resource #0x1080218 (android:drawable/btn_star_off_disabled_focused_holo_light) that varies with configuration!!
D/SambaController(  315): [/data/misc/samba/var/locks/nmbd.pid] not exist!
D/SambaController(  315): nmbd is not running!
D/SambaController(  315): [/data/misc/samba/var/locks/smbd.pid] not exist!
D/SambaController(  315): smbd is not running!
D/SambaConfigFile(  315): writeconfig![/data/misc/samba/lib/smb.conf]
D/SambaController(  315): path[/system/bin/rm]
W/Resources(  330): Preloaded drawable resource #0x108021e (android:drawable/btn_star_off_normal_holo_light) that varies with configuration!!
W/Resources(  330): Preloaded drawable resource #0x1080228 (android:drawable/btn_star_on_normal_holo_light) that varies with configuration!!
W/Resources(  330): Preloaded drawable resource #0x1080224 (android:drawable/btn_star_on_disabled_holo_light) that varies with configuration!!
W/Resources(  330): Preloaded drawable resource #0x108021a (android:drawable/btn_star_off_disabled_holo_light) that varies with configuration!!
W/Resources(  330): Preloaded drawable resource #0x108022a (android:drawable/btn_star_on_pressed_holo_light) that varies with configuration!!
W/Resources(  330): Preloaded drawable resource #0x1080220 (android:drawable/btn_star_off_pressed_holo_light) that varies with configuration!!
W/Resources(  330): Preloaded drawable resource #0x1080226 (android:drawable/btn_star_on_focused_holo_light) that varies with configuration!!
W/Resources(  330): Preloaded drawable resource #0x108021c (android:drawable/btn_star_off_focused_holo_light) that varies with configuration!!
W/Resources(  330): Preloaded drawable resource #0x1080222 (android:drawable/btn_star_on_disabled_focused_holo_light) that varies with configuration!!
W/Resources(  330): Preloaded drawable resource #0x1080224 (android:drawable/btn_star_on_disabled_holo_light) that varies with configuration!!
D/SambaController(  315): path[/system/bin/rm]
W/Resources(  330): Preloaded drawable resource #0x1080218 (android:drawable/btn_star_off_disabled_focused_holo_light) that varies with configuration!!
W/Resources(  330): Preloaded drawable resource #0x108021a (android:drawable/btn_star_off_disabled_holo_light) that varies with configuration!!
W/Resources(  330): Preloaded drawable resource #0x108021e (android:drawable/btn_star_off_normal_holo_light) that varies with configuration!!
W/Resources(  330): Preloaded drawable resource #0x1080228 (android:drawable/btn_star_on_normal_holo_light) that varies with configuration!!
W/Resources(  330): Preloaded drawable resource #0x1080213 (android:drawable/btn_star_holo_light) that varies with configuration!!
W/Resources(  330): Preloaded drawable resource #0x108021d (android:drawable/btn_star_off_normal_holo_dark) that varies with configuration!!
W/Resources(  330): Preloaded drawable resource #0x1080227 (android:drawable/btn_star_on_normal_holo_dark) that varies with configuration!!
W/Resources(  330): Preloaded drawable resource #0x1080223 (android:drawable/btn_star_on_disabled_holo_dark) that varies with configuration!!
W/Resources(  330): Preloaded drawable resource #0x1080219 (android:drawable/btn_star_off_disabled_holo_dark) that varies with configuration!!
D/SambaController(  315): path[/system/bin/rm]
W/Resources(  330): Preloaded drawable resource #0x1080229 (android:drawable/btn_star_on_pressed_holo_dark) that varies with configuration!!
W/Resources(  330): Preloaded drawable resource #0x108021f (android:drawable/btn_star_off_pressed_holo_dark) that varies with configuration!!
W/Resources(  330): Preloaded drawable resource #0x1080225 (android:drawable/btn_star_on_focused_holo_dark) that varies with configuration!!
W/Resources(  330): Preloaded drawable resource #0x108021b (android:drawable/btn_star_off_focused_holo_dark) that varies with configuration!!
W/Resources(  330): Preloaded drawable resource #0x1080221 (android:drawable/btn_star_on_disabled_focused_holo_dark) that varies with configuration!!
W/Resources(  330): Preloaded drawable resource #0x1080217 (android:drawable/btn_star_off_disabled_focused_holo_dark) that varies with configuration!!
W/Resources(  330): Preloaded drawable resource #0x108021d (android:drawable/btn_star_off_normal_holo_dark) that varies with configuration!!
W/Resources(  330): Preloaded drawable resource #0x1080227 (android:drawable/btn_star_on_normal_holo_dark) that varies with configuration!!
W/Resources(  330): Preloaded drawable resource #0x1080223 (android:drawable/btn_star_on_disabled_holo_dark) that varies with configuration!!
W/Resources(  330): Preloaded drawable resource #0x1080219 (android:drawable/btn_star_off_disabled_holo_dark) that varies with configuration!!
W/Resources(  330): Preloaded drawable resource #0x1080229 (android:drawable/btn_star_on_pressed_holo_dark) that varies with configuration!!
I/flymed  (  315): execIptablesCommand android_fork_execvp enter
W/Resources(  330): Preloaded drawable resource #0x108021f (android:drawable/btn_star_off_pressed_holo_dark) that varies with configuration!!
