W/PackageManager( 1052): Unknown permission com.meizu.flyme.permission.UPDATE in package com.meizu.media.video
W/PackageManager( 1052): Unknown permission com.meizu.c2dm.permission.RECEIVE in package com.meizu.media.video
W/PackageManager( 1052): Unknown permission android.permission.ROOT_RECOVERY_STATE in package com.meizu.media.video
W/PackageManager( 1052): Unknown permission android.permission.LOCAL_MAC_ADDRESS in package com.meizu.media.video
W/PackageManager( 1052): Unknown permission com.meizu.flyme.providers.forcetouch.permission.READ_SETTINGS in package com.meizu.media.video
W/PackageManager( 1052): Unknown permission com.meizu.flyme.providers.forcetouch.permission.WRITE_SETTINGS in package com.meizu.media.video
W/PackageManager( 1052): Unknown permission com.android.permission.WHITELIST_BLUETOOTH_DEVICE in package com.meizu.media.gallery
W/PackageManager( 1052): Unknown permission com.android.usagestats.permission.WRITE_USAGESTATS in package com.meizu.media.gallery
W/PackageManager( 1052): Unknown permission com.android.usagestats.permission.READ_USAGESTATS in package com.meizu.media.gallery
W/PackageManager( 1052): Unknown permission com.meizu.flyme.push.permission.RECEIVE in package com.meizu.media.gallery
W/PackageManager( 1052): Unknown permission com.meizu.flyme.permission.UPDATE in package com.meizu.media.gallery
W/PackageManager( 1052): Unknown permission android.Manifest.permission.RECEIVE_BOOT_COMPLETED in package com.meizu.media.gallery
W/PackageManager( 1052): Unknown permission android.permission.ROOT_RECOVERY_STATE in package com.meizu.media.gallery
W/PackageManager( 1052): Unknown permission android.permission.LOCAL_MAC_ADDRESS in package com.meizu.media.gallery
W/PackageManager( 1052): Unknown permission com.meizu.flyme.providers.forcetouch.permission.READ_SETTINGS in package com.meizu.media.gallery
W/PackageManager( 1052): Unknown permission com.meizu.flyme.providers.forcetouch.permission.WRITE_SETTINGS in package com.meizu.media.gallery
W/PackageManager( 1052): Unknown permission android.permission.WRITE_OWNER_DATA in package com.meizu.logreport
W/PackageManager( 1052): Unknown permission android.permission.MOUNT_UNMOUNT_FILESYSTEM in package com.meizu.logreport
W/PackageManager( 1052): Unknown permission com.meizu.flyme.push.permission.RECEIVE in package com.meizu.voiceassistant
W/PackageManager( 1052): Unknown permission com.meizu.flyme.permission.UPDATE in package com.meizu.voiceassistant
W/PackageManager( 1052): Unknown permission com.meizu.flyme.appcenter.permission.action.perform in package com.meizu.voiceassistant
W/PackageManager( 1052): Unknown permission android.permission.ROOT_RECOVERY_STATE in package com.meizu.voiceassistant
W/PackageManager( 1052): Unknown permission android.permission.LOCAL_MAC_ADDRESS in package com.meizu.voiceassistant
W/PackageManager( 1052): Unknown permission com.google.android.googleapps.permission.GOOGLE_AUTH in package com.android.settings
W/PackageManager( 1052): Unknown permission com.android.certinstaller.INSTALL_AS_USER in package com.android.settings
W/PackageManager( 1052): Unknown permission com.android.launcher.permission.READ_SETTINGS in package com.android.settings
W/PackageManager( 1052): Unknown permission com.android.launcher.permission.WRITE_SETTINGS in package com.android.settings
W/PackageManager( 1052): Unknown permission android.permission.READ_CONTACTS_SUPER in package com.meizu.flyme.input
W/PackageManager( 1052): Unknown permission com.meizu.flyme.permission.UPDATE in package com.meizu.flyme.input
W/PackageManager( 1052): Unknown permission com.meizu.flyme.push.permission.RECEIVE in package com.meizu.flyme.input
W/PackageManager( 1052): Unknown permission android.permission.ROOT_RECOVERY_STATE in package com.meizu.flyme.input
W/PackageManager( 1052): Unknown permission android.permission.LOCAL_MAC_ADDRESS in package com.meizu.flyme.input
W/PackageManager( 1052): Unknown permission android.permission.ROOT_RECOVERY_STATE in package com.android.email
W/PackageManager( 1052): Unknown permission com.meizu.flyme.permission.UPDATE in package com.android.email
W/PackageManager( 1052): Unknown permission com.meizu.flyme.push.permission.RECEIVE in package com.android.email
W/PackageManager( 1052): Unknown permission com.meizu.c2dm.permission.RECEIVE in package com.android.email
W/PackageManager( 1052): Unknown permission com.meizu.flyme.providers.forcetouch.permission.READ_SETTINGS in package com.android.email
W/PackageManager( 1052): Unknown permission com.meizu.flyme.providers.forcetouch.permission.WRITE_SETTINGS in package com.android.email
W/PackageManager( 1052): Unknown permission com.google.android.gallery3d.permission.GALLERY_PROVIDER in package com.android.email
W/PackageManager( 1052): Unknown permission android.permission.READ_CONTACTS_SUPER in package com.android.email
W/PackageManager( 1052): Unknown permission android.permission.WRITE_CONTACTS_SUPER in package com.android.email
W/PackageManager( 1052): Unknown permission android.permission.LOCAL_MAC_ADDRESS in package com.android.email
W/PackageManager( 1052): Unknown permission com.android.smspush.WAPPUSH_MANAGER_BIND in package com.android.phone
W/PackageManager( 1052): Unknown permission com.meizu.flyme.push.permission.RECEIVE in package com.android.phone
W/PackageManager( 1052): Unknown permission com.android.usagestats.permission.READ_USAGESTATS in package com.meizu.customizecenter
W/PackageManager( 1052): Unknown permission com.android.usagestats.permission.WRITE_USAGESTATS in package com.meizu.customizecenter
W/PackageManager( 1052): Unknown permission com.meizu.flyme.push.permission.RECEIVE in package com.meizu.customizecenter
W/PackageManager( 1052): Unknown permission com.meizu.flyme.permission.UPDATE in package com.meizu.customizecenter
W/PackageManager( 1052): Unknown permission android.permission.ROOT_RECOVERY_STATE in package com.meizu.customizecenter
W/PackageManager( 1052): Unknown permission android.permission.LOCAL_MAC_ADDRESS in package com.meizu.customizecenter
W/PackageManager( 1052): Unknown permission android.webkit.permission.PLUGIN in package com.meizu.customizecenter
W/PackageManager( 1052): Unknown permission com.meizu.flyme.providers.forcetouch.permission.READ_SETTINGS in package com.meizu.customizecenter
W/PackageManager( 1052): Unknown permission com.meizu.flyme.providers.forcetouch.permission.WRITE_SETTINGS in package com.meizu.customizecenter
W/PackageManager( 1052): Unknown permission com.android.permission.WHITELIST_BLUETOOTH_DEVICE in package com.android.systemui
W/PackageManager( 1052): Unknown permission com.meizu.flyme.service.find.permisson.PhoneLocationService in package com.android.systemui
W/PackageManager( 1052): Unknown permission com.mediatek.ppl.permission.ACCESS_PPL_MANAGER in package com.android.systemui
W/PackageManager( 1052): Unknown permission com.fingerprints.service.ACCESS_FINGERPRINT_MANAGER in package com.android.systemui
W/PackageManager( 1052): Unknown permission android.Manifest.permission.FORCE_STOP_PACKAGES in package com.android.systemui
W/PackageManager( 1052): Unknown permission android.permission.ROOT_RECOVERY_STATE in package com.android.systemui
W/PackageManager( 1052): Unknown permission android.permission.send.MEIZU_ACCELERATOR_EXECUTING in package com.android.systemui
W/PackageManager( 1052): Unknown permission android.permission.SET_APPLICATION_ERROR_LISTENER in package com.meizu.experiencedatasync
W/PackageManager( 1052): Unknown permission com.android.usagestats.permission.READ_USAGESTATS in package com.meizu.experiencedatasync
W/PackageManager( 1052): Unknown permission com.android.usagestats.permission.WRITE_USAGESTATS in package com.meizu.experiencedatasync
W/PackageManager( 1052): Unknown permission android.permission.ROOT_RECOVERY_STATE in package com.meizu.experiencedatasync
W/PackageManager( 1052): Unknown permission com.android.voicemail.permission.READ_WRITE_ALL_VOICEMAIL in package com.meizu.callsetting
W/PackageManager( 1052): Unknown permission com.android.permission.WHITELIST_BLUETOOTH_DEVICE in package com.meizu.callsetting
W/PackageManager( 1052): Unknown permission com.android.usagestats.permission.READ_USAGESTATS in package com.meizu.callsetting
W/PackageManager( 1052): Unknown permission com.android.usagestats.permission.WRITE_USAGESTATS in package com.meizu.callsetting
W/PackageManager( 1052): Unknown permission com.autonavi.permission.NLP_TP_CALL in package com.amap.android.location
W/PackageManager( 1052): Unknown permission com.meizu.flyme.permission.UPDATE in package com.meizu.netcontactservice
W/PackageManager( 1052): Unknown permission com.meizu.flyme.push.permission.RECEIVE in package com.meizu.netcontactservice
W/PackageManager( 1052): Unknown permission com.meizu.permission.READ_GEO in package com.meizu.netcontactservice
W/PackageManager( 1052): Unknown permission android.permission.ROOT_RECOVERY_STATE in package com.meizu.netcontactservice
W/PackageManager( 1052): Unknown permission android.permission.LOCAL_MAC_ADDRESS in package com.meizu.netcontactservice
W/PackageManager( 1052): Unknown permission android.webkit.permission.PLUGIN in package com.meizu.netcontactservice
I/dex2oat ( 1432): /system/bin/dex2oat --zip-fd=5 --zip-location=/system/priv-app/MmsService/MmsService.apk --oat-fd=6 --oat-location=/data/dalvik-cache/arm/system@priv-app@MmsService@MmsService.apk@classes.dex --instruction-set=arm --instruction-set-features=div --runtime-arg -Xms64m --runtime-arg -Xmx512m --swap-fd=7
I/dex2oat ( 1432): Decided to run without swap.
W/MountService( 1052): getSecureContainerList() called when storage not mounted
D/OpenGLRenderer( 1052): Use EGL_SWAP_BEHAVIOR_PRESERVED: true
I/dex2oat ( 1432): dex2oat took 175.190ms (threads: 4) arena alloc=88KB java alloc=139KB native alloc=1660KB free=6MB
I/PackageManager( 1052): Running dexopt on: /system/priv-app/ProxyHandler/ProxyHandler.apk pkg=com.android.proxyhandler isa=arm vmSafeMode=false
V/WindowManager( 1052): mScreenOnEarly=false, mAwake=false, mCurrentAppOrientation=5, mOrientationSensorEnabled=false
W/Adreno-GSL( 1052): <ioctl_kgsl_device_getproperty:670>: mmap failed: errno 22 Invalid argument
I/Adreno-EGL( 1052): <qeglDrvAPI_eglInitialize:410>: EGL 1.4 QUALCOMM build: AU_LINUX_ANDROID_LNX.LA.3.5.1_RB1.04.04.02.048.026_msm8226_refs/tags/AU_LINUX_ANDROID_LNX.LA.3.5.1_RB1.04.04.02.048.026__release_AU ()
I/Adreno-EGL( 1052): OpenGL ES Shader Compiler Version: E031.24.00.08
I/Adreno-EGL( 1052): Build Date: 03/31/14 Mon
I/Adreno-EGL( 1052): Local Branch: 
I/Adreno-EGL( 1052): Remote Branch: refs/tags/AU_LINUX_ANDROID_LNX.LA.3.5.1_RB1.04.04.02.048.026
I/Adreno-EGL( 1052): Local Patches: NONE
I/Adreno-EGL( 1052): Reconstruct Branch: NOTHING
I/OpenGLRenderer( 1052): Initialized EGL, version 1.4
I/dex2oat ( 1438): /system/bin/dex2oat --zip-fd=5 --zip-location=/system/priv-app/ProxyHandler/ProxyHandler.apk --oat-fd=6 --oat-location=/data/dalvik-cache/arm/system@priv-app@ProxyHandler@ProxyHandler.apk@classes.dex --instruction-set=arm --instruction-set-features=div --runtime-arg -Xms64m --runtime-arg -Xmx512m --swap-fd=7
D/OpenGLRenderer( 1052): Enabling debug mode 0
I/ThermalEngine(  326): Sensor:tsens_tz_sensor1:67000 mC
I/ThermalEngine(  326): ACTION: CPU - Setting CPU[0] to 1401600
I/ThermalEngine(  326): ACTION: CPU - Setting CPU[1] to 1401600
I/ThermalEngine(  326): ACTION: CPU - Setting CPU[2] to 1401600
I/ThermalEngine(  326): ACTION: CPU - Setting CPU[3] to 1401600
I/ThermalEngine(  326): Sensor:tsens_tz_sensor5:67000 mC
I/dex2oat ( 1438): Decided to run without swap.
I/dex2oat ( 1438): dex2oat took 62.368ms (threads: 4) arena alloc=239KB java alloc=17KB native alloc=974KB free=7MB
I/PackageManager( 1052): Running dexopt on: /system/priv-app/TelephonyProvider/TelephonyProvider.apk pkg=com.android.providers.telephony isa=arm vmSafeMode=false
I/dex2oat ( 1444): /system/bin/dex2oat --zip-fd=5 --zip-location=/system/priv-app/TelephonyProvider/TelephonyProvider.apk --oat-fd=6 --oat-location=/data/dalvik-cache/arm/system@priv-app@TelephonyProvider@TelephonyProvider.apk@classes.dex --instruction-set=arm --instruction-set-features=div --runtime-arg -Xms64m --runtime-arg -Xmx512m --swap-fd=7
I/dex2oat ( 1444): Decided to run without swap.
I/SurfaceFlinger(  273): Boot is finished (47394 ms)
I/ThermalEngine(  326): Sensor:tsens_tz_sensor1:67000 mC
I/ThermalEngine(  326): ACTION: CPU - Setting CPU[0] to 1344000
I/ThermalEngine(  326): ACTION: CPU - Setting CPU[1] to 1344000
I/ThermalEngine(  326): ACTION: CPU - Setting CPU[2] to 1344000
I/ThermalEngine(  326): ACTION: CPU - Setting CPU[3] to 1344000
I/ThermalEngine(  326): Sensor:tsens_tz_sensor5:67000 mC
I/dex2oat ( 1444): dex2oat took 307.829ms (threads: 4) arena alloc=1456KB java alloc=159KB native alloc=2MB free=5MB
I/PackageManager( 1052): Running dexopt on: /system/priv-app/SystemUITools/SystemUITools.apk pkg=com.flyme.systemuitools isa=arm vmSafeMode=false
I/dex2oat ( 1450): /system/bin/dex2oat --zip-fd=5 --zip-location=/system/priv-app/SystemUITools/SystemUITools.apk --oat-fd=6 --oat-location=/data/dalvik-cache/arm/system@priv-app@SystemUITools@SystemUITools.apk@classes.dex --instruction-set=arm --instruction-set-features=div --runtime-arg -Xms64m --runtime-arg -Xmx512m --swap-fd=7
I/ThermalEngine(  326): Sensor:tsens_tz_sensor1:71000 mC
I/ThermalEngine(  326): ACTION: CPU - Setting CPU[0] to 1305600
I/ThermalEngine(  326): ACTION: CPU - Setting CPU[1] to 1305600
I/ThermalEngine(  326): ACTION: CPU - Setting CPU[2] to 1305600
I/ThermalEngine(  326): ACTION: CPU - Setting CPU[3] to 1305600
I/ThermalEngine(  326): Sensor:tsens_tz_sensor5:69000 mC
I/dex2oat ( 1450): Decided to run without swap.
W/dex2oat ( 1450): Before Android 4.1, method void com.meizu.common.preference.SwitchPreference.syncSummaryView(android.view.View) would have incorrectly overridden the package-private method in android.preference.TwoStatePreference
I/ThermalEngine(  326): Sensor:pm8226_tz:60815 mC
I/ThermalEngine(  326): Sensor:tsens_tz_sensor1:66000 mC
I/ThermalEngine(  326): ACTION: CPU - Setting CPU[0] to 1190400
I/ThermalEngine(  326): ACTION: CPU - Setting CPU[1] to 1190400
I/ThermalEngine(  326): ACTION: CPU - Setting CPU[2] to 1190400
I/ThermalEngine(  326): ACTION: CPU - Setting CPU[3] to 1190400
I/ThermalEngine(  326): Sensor:tsens_tz_sensor5:65000 mC
I/ThermalEngine(  326): Sensor:tsens_tz_sensor1:68000 mC
I/ThermalEngine(  326): ACTION: CPU - Setting CPU[0] to 1094400
I/ThermalEngine(  326): ACTION: CPU - Setting CPU[1] to 1094400
I/ThermalEngine(  326): ACTION: CPU - Setting CPU[2] to 1094400
I/ThermalEngine(  326): ACTION: CPU - Setting CPU[3] to 1094400
I/ThermalEngine(  326): Sensor:tsens_tz_sensor5:67000 mC
I/ThermalEngine(  326): Sensor:tsens_tz_sensor1:68000 mC
I/ThermalEngine(  326): ACTION: CPU - Setting CPU[0] to 998400
I/ThermalEngine(  326): ACTION: CPU - Setting CPU[1] to 998400
I/ThermalEngine(  326): ACTION: CPU - Setting CPU[2] to 998400
I/ThermalEngine(  326): ACTION: CPU - Setting CPU[3] to 998400
I/ThermalEngine(  326): Sensor:tsens_tz_sensor5:66000 mC
I/ServiceManager(  334): Waiting for service AtCmdFwd...
I/ThermalEngine(  326): Sensor:tsens_tz_sensor1:68000 mC
I/ThermalEngine(  326): ACTION: CPU - Setting CPU[0] to 787200
I/ThermalEngine(  326): ACTION: CPU - Setting CPU[1] to 787200
I/ThermalEngine(  326): ACTION: CPU - Setting CPU[2] to 787200
I/ThermalEngine(  326): ACTION: CPU - Setting CPU[3] to 787200
I/ThermalEngine(  326): Sensor:tsens_tz_sensor5:66000 mC
I/ThermalEngine(  326): Sensor:pm8226_tz:59788 mC
I/ThermalEngine(  326): Sensor:tsens_tz_sensor1:67000 mC
I/ThermalEngine(  326): ACTION: CPU - Setting CPU[0] to 600000
I/ThermalEngine(  326): ACTION: CPU - Setting CPU[1] to 600000
I/ThermalEngine(  326): ACTION: CPU - Setting CPU[2] to 600000
I/ThermalEngine(  326): ACTION: CPU - Setting CPU[3] to 600000
I/ThermalEngine(  326): Sensor:tsens_tz_sensor5:66000 mC
E/QCALOG  (  427): [MessageQ] ProcessNewMessage: [XTWiFi-PE] unknown deliver target [OS-Agent]
E/QCALOG  (  427): [MessageQ] ProcessNewMessage: [XT-CS] unknown deliver target [OS-Agent]
E/QCALOG  (  427): [MessageQ] ProcessNewMessage: [XTWWAN-PE] unknown deliver target [OS-Agent]
I/ThermalEngine(  326): Sensor:tsens_tz_sensor1:64000 mC
I/ThermalEngine(  326): ACTION: CPU - Setting CPU[0] to 787200
I/ThermalEngine(  326): ACTION: CPU - Setting CPU[1] to 787200
I/ThermalEngine(  326): ACTION: CPU - Setting CPU[2] to 787200
I/ThermalEngine(  326): ACTION: CPU - Setting CPU[3] to 787200
I/ThermalEngine(  326): Sensor:tsens_tz_sensor5:64000 mC
I/ThermalEngine(  326): Sensor:tsens_tz_sensor1:62000 mC
I/ThermalEngine(  326): ACTION: CPU - Setting CPU[0] to 998400
I/ThermalEngine(  326): ACTION: CPU - Setting CPU[1] to 998400
I/ThermalEngine(  326): ACTION: CPU - Setting CPU[2] to 998400
I/ThermalEngine(  326): ACTION: CPU - Setting CPU[3] to 998400
I/ThermalEngine(  326): Sensor:tsens_tz_sensor5:62000 mC
I/dex2oat ( 1450): dex2oat took 2.036s (threads: 4) arena alloc=203KB java alloc=2MB native alloc=5MB free=6MB
I/ServiceManager(  334): Waiting for service AtCmdFwd...
I/PackageManager( 1052): Running dexopt on: /system/priv-app/Shell/Shell.apk pkg=com.android.shell isa=arm vmSafeMode=false
I/ThermalEngine(  326): Sensor:tsens_tz_sensor1:60000 mC
I/ThermalEngine(  326): ACTION: CPU - Setting CPU[0] to 1094400
I/ThermalEngine(  326): ACTION: CPU - Setting CPU[1] to 1094400
I/ThermalEngine(  326): ACTION: CPU - Setting CPU[2] to 1094400
I/ThermalEngine(  326): ACTION: CPU - Setting CPU[3] to 1094400
I/ThermalEngine(  326): Sensor:tsens_tz_sensor5:61000 mC
I/dex2oat ( 1456): /system/bin/dex2oat --zip-fd=5 --zip-location=/system/priv-app/Shell/Shell.apk --oat-fd=6 --oat-location=/data/dalvik-cache/arm/system@priv-app@Shell@Shell.apk@classes.dex --instruction-set=arm --instruction-set-features=div --runtime-arg -Xms64m --runtime-arg -Xmx512m --swap-fd=7
I/dex2oat ( 1456): Decided to run without swap.
I/ThermalEngine(  326): Sensor:pm8226_tz:59886 mC
I/ThermalEngine(  326): Sensor:tsens_tz_sensor1:60000 mC
I/ThermalEngine(  326): ACTION: CPU - Setting CPU[0] to 1190400
I/ThermalEngine(  326): ACTION: CPU - Setting CPU[1] to 1190400
I/ThermalEngine(  326): ACTION: CPU - Setting CPU[2] to 1190400
I/ThermalEngine(  326): ACTION: CPU - Setting CPU[3] to 1190400
I/ThermalEngine(  326): Sensor:tsens_tz_sensor5:61000 mC
I/dex2oat ( 1456): dex2oat took 393.335ms (threads: 4) arena alloc=251KB java alloc=360KB native alloc=2MB free=5MB
I/PackageManager( 1052): Running dexopt on: /system/priv-app/DefaultContainerService/DefaultContainerService.apk pkg=com.android.defcontainer isa=arm vmSafeMode=false
I/dex2oat ( 1461): /system/bin/dex2oat --zip-fd=5 --zip-location=/system/priv-app/DefaultContainerService/DefaultContainerService.apk --oat-fd=6 --oat-location=/data/dalvik-cache/arm/system@priv-app@DefaultContainerService@DefaultContainerService.apk@classes.dex --instruction-set=arm --instruction-set-features=div --runtime-arg -Xms64m --runtime-arg -Xmx512m --swap-fd=7
I/dex2oat ( 1461): Decided to run without swap.
I/ThermalEngine(  326): Sensor:tsens_tz_sensor1:65000 mC
I/ThermalEngine(  326): ACTION: CPU - Setting CPU[0] to 1305600
I/ThermalEngine(  326): ACTION: CPU - Setting CPU[1] to 1305600
I/ThermalEngine(  326): ACTION: CPU - Setting CPU[2] to 1305600
I/ThermalEngine(  326): ACTION: CPU - Setting CPU[3] to 1305600
I/ThermalEngine(  326): Sensor:tsens_tz_sensor5:64000 mC
I/dex2oat ( 1461): dex2oat took 64.968ms (threads: 4) arena alloc=71KB java alloc=30KB native alloc=1105KB free=6MB
I/PackageManager( 1052): Running dexopt on: /system/priv-app/MzInput/MzInput.apk pkg=com.meizu.flyme.input isa=arm vmSafeMode=false
I/dex2oat ( 1466): /system/bin/dex2oat --zip-fd=5 --zip-location=/system/priv-app/MzInput/MzInput.apk --oat-fd=6 --oat-location=/data/dalvik-cache/arm/system@priv-app@MzInput@MzInput.apk@classes.dex --instruction-set=arm --instruction-set-features=div --runtime-arg -Xms64m --runtime-arg -Xmx512m --swap-fd=7
I/dex2oat ( 1466): Decided to run without swap.
I/ThermalEngine(  326): Sensor:tsens_tz_sensor1:64000 mC
I/ThermalEngine(  326): ACTION: CPU - Setting CPU[0] to 1344000
I/ThermalEngine(  326): ACTION: CPU - Setting CPU[1] to 1344000
I/ThermalEngine(  326): ACTION: CPU - Setting CPU[2] to 1344000
I/ThermalEngine(  326): ACTION: CPU - Setting CPU[3] to 1344000
I/ThermalEngine(  326): Sensor:tsens_tz_sensor5:63000 mC
I/ServiceManager(  334): Waiting for service AtCmdFwd...
I/ThermalEngine(  326): Sensor:tsens_tz_sensor1:66000 mC
I/ThermalEngine(  326): ACTION: CPU - Setting CPU[0] to 1305600
I/ThermalEngine(  326): ACTION: CPU - Setting CPU[1] to 1305600
I/ThermalEngine(  326): ACTION: CPU - Setting CPU[2] to 1305600
I/ThermalEngine(  326): ACTION: CPU - Setting CPU[3] to 1305600
I/ThermalEngine(  326): Sensor:tsens_tz_sensor5:65000 mC
I/ThermalEngine(  326): Sensor:pm8226_tz:60864 mC
I/ThermalEngine(  326): Sensor:tsens_tz_sensor1:69000 mC
I/ThermalEngine(  326): ACTION: CPU - Setting CPU[0] to 1190400
I/ThermalEngine(  326): ACTION: CPU - Setting CPU[1] to 1190400
I/ThermalEngine(  326): ACTION: CPU - Setting CPU[2] to 1190400
I/ThermalEngine(  326): ACTION: CPU - Setting CPU[3] to 1190400
I/ThermalEngine(  326): Sensor:tsens_tz_sensor5:67000 mC
I/ThermalEngine(  326): Sensor:tsens_tz_sensor1:69000 mC
I/ThermalEngine(  326): ACTION: CPU - Setting CPU[0] to 1094400
I/ThermalEngine(  326): ACTION: CPU - Setting CPU[1] to 1094400
I/ThermalEngine(  326): ACTION: CPU - Setting CPU[2] to 1094400
I/ThermalEngine(  326): ACTION: CPU - Setting CPU[3] to 1094400
I/ThermalEngine(  326): Sensor:tsens_tz_sensor5:67000 mC
I/ThermalEngine(  326): Sensor:tsens_tz_sensor1:68000 mC
I/ThermalEngine(  326): ACTION: CPU - Setting CPU[0] to 998400
I/ThermalEngine(  326): ACTION: CPU - Setting CPU[1] to 998400
I/ThermalEngine(  326): ACTION: CPU - Setting CPU[2] to 998400
I/ThermalEngine(  326): ACTION: CPU - Setting CPU[3] to 998400
I/ThermalEngine(  326): Sensor:tsens_tz_sensor5:67000 mC
I/ServiceManager(  334): Waiting for service AtCmdFwd...
I/ThermalEngine(  326): Sensor:tsens_tz_sensor1:67000 mC
I/ThermalEngine(  326): ACTION: CPU - Setting CPU[0] to 787200
I/ThermalEngine(  326): ACTION: CPU - Setting CPU[1] to 787200
I/ThermalEngine(  326): ACTION: CPU - Setting CPU[2] to 787200
I/ThermalEngine(  326): ACTION: CPU - Setting CPU[3] to 787200
I/ThermalEngine(  326): Sensor:tsens_tz_sensor5:66000 mC
I/ThermalEngine(  326): Sensor:pm8226_tz:59641 mC
I/ThermalEngine(  326): Sensor:tsens_tz_sensor1:65000 mC
I/ThermalEngine(  326): ACTION: CPU - Setting CPU[0] to 998400
I/ThermalEngine(  326): ACTION: CPU - Setting CPU[1] to 998400
I/ThermalEngine(  326): ACTION: CPU - Setting CPU[2] to 998400
I/ThermalEngine(  326): ACTION: CPU - Setting CPU[3] to 998400
I/ThermalEngine(  326): Sensor:tsens_tz_sensor5:65000 mC
D/Diag_Lib(  307): wwh listen_modem_state buffer :change@/devices/qpnp-bms-f5e23e00/power_supply/bms
D/Diag_Lib(  307): wwh listen_modem_state rcv :change@/devices/qpnp-bms-f5e23e00/power_supply/bms
D/Diag_Lib(  307): wwh listen_modem_state rcv :ACTION=change
D/Diag_Lib(  307): wwh listen_modem_state rcv :DEVPATH=/devices/qpnp-bms-f5e23e00/power_supply/bms
D/Diag_Lib(  307): wwh listen_modem_state rcv :SUBSYSTEM=power_supply
D/Diag_Lib(  307): wwh listen_modem_state rcv :POWER_SUPPLY_NAME=bms
D/Diag_Lib(  307): wwh listen_modem_state rcv :POWER_SUPPLY_CAPACITY=51
D/Diag_Lib(  307): wwh listen_modem_state rcv :POWER_SUPPLY_STATUS=Charging
D/Diag_Lib(  307): wwh listen_modem_state rcv :POWER_SUPPLY_CURRENT_NOW=286520
D/Diag_Lib(  307): wwh listen_modem_state rcv :POWER_SUPPLY_RESISTANCE=157000
D/Diag_Lib(  307): wwh listen_modem_state rcv :POWER_SUPPLY_CHARGE_COUNTER=2407
D/Diag_Lib(  307): wwh listen_modem_state rcv :POWER_SUPPLY_CHARGE_COUNTER_SHADOW=2402
D/Diag_Lib(  307): wwh listen_modem_state rcv :POWER_SUPPLY_CHARGE_FULL_DESIGN=2300000
D/Diag_Lib(  307): wwh listen_modem_state rcv :POWER_SUPPLY_CHARGE_FULL=2364000
D/Diag_Lib(  307): wwh listen_modem_state rcv :POWER_SUPPLY_CYCLE_COUNT=203
D/Diag_Lib(  307): wwh listen_modem_state rcv :SEQNUM=4101
D/Diag_Lib(  307): wwh listen_modem_state buffer :change@/devices/qpnp-charger-f5e23c00/power_supply/battery
D/Diag_Lib(  307): wwh listen_modem_state rcv :change@/devices/qpnp-charger-f5e23c00/power_supply/battery
D/Diag_Lib(  307): wwh listen_modem_state rcv :ACTION=change
D/Diag_Lib(  307): wwh listen_modem_state rcv :DEVPATH=/devices/qpnp-charger-f5e23c00/power_supply/battery
D/Diag_Lib(  307): wwh listen_modem_state rcv :SUBSYSTEM=power_supply
D/Diag_Lib(  307): wwh listen_modem_state rcv :POWER_SUPPLY_NAME=battery
D/Diag_Lib(  307): wwh listen_modem_state rcv :POWER_SUPPLY_CHARGING_ENABLED=1
D/Diag_Lib(  307): wwh listen_modem_state rcv :POWER_SUPPLY_STATUS=Charging
D/Diag_Lib(  307): wwh listen_modem_state rcv :POWER_SUPPLY_CHARGE_TYPE=Fast
D/Diag_Lib(  307): wwh listen_modem_state rcv :POWER_SUPPLY_HEALTH=Good
D/Diag_Lib(  307): wwh listen_modem_state rcv :POWER_SUPPLY_PRESENT=1
D/Diag_Lib(  307): wwh listen_modem_state rcv :POWER_SUPPLY_ONLINE=1
D/Diag_Lib(  307): wwh listen_modem_state rcv :POWER_SUPPLY_TECHNOLOGY=Li-ion
D/Diag_Lib(  307): wwh listen_modem_state rcv :POWER_SUPPLY_VOLTAGE_MAX_DESIGN=4360000
D/Diag_Lib(  307): wwh listen_modem_state rcv :POWER_SUPPLY_VOLTAGE_MIN_DESIGN=4400000
D/Diag_Lib(  307): wwh listen_modem_state rcv :POWER_SUPPLY_VOLTAGE_NOW=3804945
D/Diag_Lib(  307): wwh listen_modem_state rcv :POWER_SUPPLY_CAPACITY=51
D/Diag_Lib(  307): wwh listen_modem_state rcv :POWER_SUPPLY_CURRENT_NOW=286520
D/Diag_Lib(  307): wwh listen_modem_state rcv :POWER_SUPPLY_INPUT_CURRENT_MAX=500000
D/Diag_Lib(  307): wwh listen_modem_state rcv :POWER_SUPPLY_INPUT_CURRENT_TRIM=36
D/Diag_Lib(  307): wwh listen_modem_state rcv :POWER_SUPPLY_INPUT_CURRENT_SETTLED=0
D/Diag_Lib(  307): wwh listen_modem_state rcv :POWER_SUPPLY_VOLTAGE_MIN=4400000
D/Diag_Lib(  307): wwh listen_modem_state rcv :POWER_SUPPLY_INPUT_VOLTAGE_REGULATION=1
D/Diag_Lib(  307): wwh listen_modem_state rcv :POWER_SUPPLY_CHARGE_FULL_DESIGN=2300000
D/Diag_Lib(  307): wwh listen_modem_state rcv :POWER_SUPPLY_CHARGE_FULL=2364000
D/Diag_Lib(  307): wwh listen_modem_state rcv :POWER_SUPPLY_TEMP=370
D/Diag_Lib(  307): wwh listen_modem_state rcv :POWER_SUPPLY_TEMP_COOL=100
D/Diag_Lib(  307): wwh listen_modem_state rcv :POWER_SUPPLY_TEMP_WARM=450
D/Diag_Lib(  307): wwh listen_modem_state rcv :POWER_SUPPLY_SYSTEM_TEMP_LEVEL=0
D/Diag_Lib(  307): wwh listen_modem_state rcv :POWER_SUPPLY_CYCLE_COUNT=203
D/Diag_Lib(  307): wwh listen_modem_state rcv :POWER_SUPPLY_VOLTAGE_OCV=-22
D/Diag_Lib(  307): wwh listen_modem_state rcv :POWER_SUPPLY_IUSB_CONTROL=1500
D/Diag_Lib(  307): wwh listen_modem_state rcv :SEQNUM=4102
I/ThermalEngine(  326): Sensor:tsens_tz_sensor1:64000 mC
I/ThermalEngine(  326): ACTION: CPU - Setting CPU[0] to 1094400
I/ThermalEngine(  326): ACTION: CPU - Setting CPU[1] to 1094400
I/ThermalEngine(  326): ACTION: CPU - Setting CPU[2] to 1094400
I/ThermalEngine(  326): ACTION: CPU - Setting CPU[3] to 1094400
I/ThermalEngine(  326): Sensor:tsens_tz_sensor5:64000 mC
I/ThermalEngine(  326): Sensor:tsens_tz_sensor1:64000 mC
I/ThermalEngine(  326): ACTION: CPU - Setting CPU[0] to 1190400
I/ThermalEngine(  326): ACTION: CPU - Setting CPU[1] to 1190400
I/ThermalEngine(  326): ACTION: CPU - Setting CPU[2] to 1190400
I/ThermalEngine(  326): ACTION: CPU - Setting CPU[3] to 1190400
I/ThermalEngine(  326): Sensor:tsens_tz_sensor5:64000 mC
I/ServiceManager(  334): Waiting for service AtCmdFwd...
I/dex2oat ( 1466): dex2oat took 2.453s (threads: 4) arena alloc=112KB java alloc=3MB native alloc=6MB free=9MB
I/ThermalEngine(  326): Sensor:tsens_tz_sensor1:61000 mC
I/ThermalEngine(  326): ACTION: CPU - Setting CPU[0] to 1305600
I/ThermalEngine(  326): ACTION: CPU - Setting CPU[1] to 1305600
I/ThermalEngine(  326): ACTION: CPU - Setting CPU[2] to 1305600
I/ThermalEngine(  326): ACTION: CPU - Setting CPU[3] to 1305600
I/ThermalEngine(  326): Sensor:tsens_tz_sensor5:62000 mC
I/PackageManager( 1052): Running dexopt on: /system/priv-app/SystemUI/SystemUI.apk pkg=com.android.systemui isa=arm vmSafeMode=false
I/dex2oat ( 1471): /system/bin/dex2oat --zip-fd=5 --zip-location=/system/priv-app/SystemUI/SystemUI.apk --oat-fd=6 --oat-location=/data/dalvik-cache/arm/system@priv-app@SystemUI@SystemUI.apk@classes.dex --instruction-set=arm --instruction-set-features=div --runtime-arg -Xms64m --runtime-arg -Xmx512m --swap-fd=7
I/ThermalEngine(  326): Sensor:tsens_tz_sensor1:63000 mC
I/ThermalEngine(  326): ACTION: CPU - Setting CPU[0] to 1344000
I/ThermalEngine(  326): ACTION: CPU - Setting CPU[1] to 1344000
I/ThermalEngine(  326): ACTION: CPU - Setting CPU[2] to 1344000
I/ThermalEngine(  326): ACTION: CPU - Setting CPU[3] to 1344000
I/ThermalEngine(  326): Sensor:tsens_tz_sensor5:63000 mC
I/ThermalEngine(  326): Sensor:pm8226_tz:59299 mC
I/dex2oat ( 1471): Decided to run without swap.
I/ThermalEngine(  326): Sensor:tsens_tz_sensor1:65000 mC
I/ThermalEngine(  326): ACTION: CPU - Setting CPU[0] to 1401600
I/ThermalEngine(  326): ACTION: CPU - Setting CPU[1] to 1401600
I/ThermalEngine(  326): ACTION: CPU - Setting CPU[2] to 1401600
I/ThermalEngine(  326): ACTION: CPU - Setting CPU[3] to 1401600
I/ThermalEngine(  326): Sensor:tsens_tz_sensor5:63000 mC
W/dex2oat ( 1471): Before Android 4.1, method void com.meizu.common.preference.SwitchPreference.syncSummaryView(android.view.View) would have incorrectly overridden the package-private method in android.preference.TwoStatePreference
I/ThermalEngine(  326): Sensor:tsens_tz_sensor1:68000 mC
I/ThermalEngine(  326): ACTION: CPU - Setting CPU[0] to 1344000
I/ThermalEngine(  326): ACTION: CPU - Setting CPU[1] to 1344000
I/ThermalEngine(  326): ACTION: CPU - Setting CPU[2] to 1344000
I/ThermalEngine(  326): ACTION: CPU - Setting CPU[3] to 1344000
I/ThermalEngine(  326): Sensor:tsens_tz_sensor5:67000 mC
W/Atfwd_Sendcmd(  334): AtCmdFwd service not published, waiting... retryCnt : 4
I/ThermalEngine(  326): Sensor:tsens_tz_sensor1:68000 mC
I/ThermalEngine(  326): ACTION: CPU - Setting CPU[0] to 1305600
I/ThermalEngine(  326): ACTION: CPU - Setting CPU[1] to 1305600
I/ThermalEngine(  326): ACTION: CPU - Setting CPU[2] to 1305600
I/ThermalEngine(  326): ACTION: CPU - Setting CPU[3] to 1305600
I/ThermalEngine(  326): Sensor:tsens_tz_sensor5:67000 mC
I/ThermalEngine(  326): Sensor:tsens_tz_sensor1:70000 mC
I/ThermalEngine(  326): ACTION: CPU - Setting CPU[0] to 1190400
I/ThermalEngine(  326): ACTION: CPU - Setting CPU[1] to 1190400
I/ThermalEngine(  326): ACTION: CPU - Setting CPU[2] to 1190400
I/ThermalEngine(  326): ACTION: CPU - Setting CPU[3] to 1190400
I/ThermalEngine(  326): Sensor:tsens_tz_sensor5:68000 mC
I/ThermalEngine(  326): Sensor:pm8226_tz:60815 mC
E/QCALOG  (  427): [MessageQ] ProcessNewMessage: [XTWiFi-PE] unknown deliver target [OS-Agent]
E/QCALOG  (  427): [MessageQ] ProcessNewMessage: [XT-CS] unknown deliver target [OS-Agent]
E/QCALOG  (  427): [MessageQ] ProcessNewMessage: [XTWWAN-PE] unknown deliver target [OS-Agent]
I/ThermalEngine(  326): Sensor:tsens_tz_sensor1:69000 mC
I/ThermalEngine(  326): ACTION: CPU - Setting CPU[0] to 1094400
I/ThermalEngine(  326): ACTION: CPU - Setting CPU[1] to 1094400
I/ThermalEngine(  326): ACTION: CPU - Setting CPU[2] to 1094400
I/ThermalEngine(  326): ACTION: CPU - Setting CPU[3] to 1094400
I/ThermalEngine(  326): Sensor:tsens_tz_sensor5:67000 mC
I/ThermalEngine(  326): Sensor:tsens_tz_sensor1:68000 mC
I/ThermalEngine(  326): ACTION: CPU - Setting CPU[0] to 998400
I/ThermalEngine(  326): ACTION: CPU - Setting CPU[1] to 998400
I/ThermalEngine(  326): ACTION: CPU - Setting CPU[2] to 998400
I/ThermalEngine(  326): ACTION: CPU - Setting CPU[3] to 998400
I/ThermalEngine(  326): Sensor:tsens_tz_sensor5:67000 mC
I/ThermalEngine(  326): Sensor:tsens_tz_sensor1:67000 mC
I/ThermalEngine(  326): ACTION: CPU - Setting CPU[0] to 787200
I/ThermalEngine(  326): ACTION: CPU - Setting CPU[1] to 787200
I/ThermalEngine(  326): ACTION: CPU - Setting CPU[2] to 787200
I/ThermalEngine(  326): ACTION: CPU - Setting CPU[3] to 787200
I/ThermalEngine(  326): Sensor:tsens_tz_sensor5:66000 mC
I/ThermalEngine(  326): Sensor:tsens_tz_sensor1:67000 mC
I/ThermalEngine(  326): ACTION: CPU - Setting CPU[0] to 600000
I/ThermalEngine(  326): ACTION: CPU - Setting CPU[1] to 600000
I/ThermalEngine(  326): ACTION: CPU - Setting CPU[2] to 600000
I/ThermalEngine(  326): ACTION: CPU - Setting CPU[3] to 600000
I/ThermalEngine(  326): Sensor:tsens_tz_sensor5:66000 mC
I/ThermalEngine(  326): Sensor:pm8226_tz:59494 mC
I/ThermalEngine(  326): Sensor:tsens_tz_sensor1:64000 mC
I/ThermalEngine(  326): ACTION: CPU - Setting CPU[0] to 787200
I/ThermalEngine(  326): ACTION: CPU - Setting CPU[1] to 787200
I/ThermalEngine(  326): ACTION: CPU - Setting CPU[2] to 787200
I/ThermalEngine(  326): ACTION: CPU - Setting CPU[3] to 787200
I/ThermalEngine(  326): Sensor:tsens_tz_sensor5:64000 mC
I/ThermalEngine(  326): Sensor:tsens_tz_sensor1:64000 mC
I/ThermalEngine(  326): ACTION: CPU - Setting CPU[0] to 998400
I/ThermalEngine(  326): ACTION: CPU - Setting CPU[1] to 998400
I/ThermalEngine(  326): ACTION: CPU - Setting CPU[2] to 998400
I/ThermalEngine(  326): ACTION: CPU - Setting CPU[3] to 998400
I/ThermalEngine(  326): Sensor:tsens_tz_sensor5:64000 mC
I/ThermalEngine(  326): Sensor:tsens_tz_sensor1:66000 mC
I/ThermalEngine(  326): ACTION: CPU - Setting CPU[0] to 787200
I/ThermalEngine(  326): ACTION: CPU - Setting CPU[1] to 787200
I/ThermalEngine(  326): ACTION: CPU - Setting CPU[2] to 787200
I/ThermalEngine(  326): ACTION: CPU - Setting CPU[3] to 787200
I/ThermalEngine(  326): Sensor:tsens_tz_sensor5:65000 mC
I/ThermalEngine(  326): Sensor:tsens_tz_sensor1:64000 mC
I/ThermalEngine(  326): ACTION: CPU - Setting CPU[0] to 998400
I/ThermalEngine(  326): ACTION: CPU - Setting CPU[1] to 998400
I/ThermalEngine(  326): ACTION: CPU - Setting CPU[2] to 998400
I/ThermalEngine(  326): ACTION: CPU - Setting CPU[3] to 998400
I/ThermalEngine(  326): Sensor:tsens_tz_sensor5:64000 mC
I/ThermalEngine(  326): Sensor:pm8226_tz:59446 mC
I/ThermalEngine(  326): Sensor:tsens_tz_sensor1:64000 mC
I/ThermalEngine(  326): ACTION: CPU - Setting CPU[0] to 1094400
I/ThermalEngine(  326): ACTION: CPU - Setting CPU[1] to 1094400
I/ThermalEngine(  326): ACTION: CPU - Setting CPU[2] to 1094400
I/ThermalEngine(  326): ACTION: CPU - Setting CPU[3] to 1094400
I/ThermalEngine(  326): Sensor:tsens_tz_sensor5:64000 mC
I/ThermalEngine(  326): Sensor:tsens_tz_sensor1:66000 mC
I/ThermalEngine(  326): ACTION: CPU - Setting CPU[0] to 998400
I/ThermalEngine(  326): ACTION: CPU - Setting CPU[1] to 998400
I/ThermalEngine(  326): ACTION: CPU - Setting CPU[2] to 998400
I/ThermalEngine(  326): ACTION: CPU - Setting CPU[3] to 998400
I/ThermalEngine(  326): Sensor:tsens_tz_sensor5:65000 mC
I/ThermalEngine(  326): Sensor:tsens_tz_sensor1:62000 mC
I/ThermalEngine(  326): ACTION: CPU - Setting CPU[0] to 1094400
I/ThermalEngine(  326): ACTION: CPU - Setting CPU[1] to 1094400
I/ThermalEngine(  326): ACTION: CPU - Setting CPU[2] to 1094400
I/ThermalEngine(  326): ACTION: CPU - Setting CPU[3] to 1094400
I/ThermalEngine(  326): Sensor:tsens_tz_sensor5:63000 mC
I/ThermalEngine(  326): Sensor:tsens_tz_sensor1:60000 mC
I/ThermalEngine(  326): ACTION: CPU - Setting CPU[0] to 1190400
I/ThermalEngine(  326): ACTION: CPU - Setting CPU[1] to 1190400
I/ThermalEngine(  326): ACTION: CPU - Setting CPU[2] to 1190400
I/ThermalEngine(  326): ACTION: CPU - Setting CPU[3] to 1190400
I/ThermalEngine(  326): Sensor:tsens_tz_sensor5:61000 mC
I/ThermalEngine(  326): Sensor:pm8226_tz:59054 mC
I/dex2oat ( 1471): dex2oat took 4.374s (threads: 4) arena alloc=351KB java alloc=7MB native alloc=10MB free=5MB
I/PackageManager( 1052): Running dexopt on: /system/priv-app/TeleService/TeleService.apk pkg=com.android.phone isa=arm vmSafeMode=false
I/dex2oat ( 1477): /system/bin/dex2oat --zip-fd=5 --zip-location=/system/priv-app/TeleService/TeleService.apk --oat-fd=6 --oat-location=/data/dalvik-cache/arm/system@priv-app@TeleService@TeleService.apk@classes.dex --instruction-set=arm --instruction-set-features=div --runtime-arg -Xms64m --runtime-arg -Xmx512m --swap-fd=7
I/ThermalEngine(  326): Sensor:tsens_tz_sensor1:61000 mC
I/ThermalEngine(  326): ACTION: CPU - Setting CPU[0] to 1305600
I/ThermalEngine(  326): ACTION: CPU - Setting CPU[1] to 1305600
I/ThermalEngine(  326): ACTION: CPU - Setting CPU[2] to 1305600
I/ThermalEngine(  326): ACTION: CPU - Setting CPU[3] to 1305600
I/ThermalEngine(  326): Sensor:tsens_tz_sensor5:62000 mC
I/ThermalEngine(  326): Sensor:tsens_tz_sensor1:61000 mC
I/ThermalEngine(  326): ACTION: CPU - Setting CPU[0] to 1344000
I/ThermalEngine(  326): ACTION: CPU - Setting CPU[1] to 1344000
I/ThermalEngine(  326): ACTION: CPU - Setting CPU[2] to 1344000
I/ThermalEngine(  326): ACTION: CPU - Setting CPU[3] to 1344000
I/ThermalEngine(  326): Sensor:tsens_tz_sensor5:62000 mC
I/ThermalEngine(  326): Sensor:tsens_tz_sensor1:61000 mC
I/ThermalEngine(  326): ACTION: CPU - Setting CPU[0] to 1401600
I/ThermalEngine(  326): ACTION: CPU - Setting CPU[1] to 1401600
I/ThermalEngine(  326): ACTION: CPU - Setting CPU[2] to 1401600
I/ThermalEngine(  326): ACTION: CPU - Setting CPU[3] to 1401600
I/ThermalEngine(  326): Sensor:tsens_tz_sensor5:64000 mC
I/dex2oat ( 1477): Decided to run without swap.
W/dex2oat ( 1477): Before Android 4.1, method int android.support.v7.internal.widget.ListViewCompat.lookForSelectablePosition(int, boolean) would have incorrectly overridden the package-private method in android.widget.ListView
W/dex2oat ( 1477): Before Android 4.1, method void com.meizu.common.preference.SwitchPreference.syncSummaryView(android.view.View) would have incorrectly overridden the package-private method in android.preference.TwoStatePreference
I/ThermalEngine(  326): Sensor:tsens_tz_sensor1:62000 mC
I/ThermalEngine(  326): ACTION: CPU - Setting CPU[0] to 1497600
I/ThermalEngine(  326): ACTION: CPU - Setting CPU[1] to 1497600
I/ThermalEngine(  326): ACTION: CPU - Setting CPU[2] to 1497600
I/ThermalEngine(  326): ACTION: CPU - Setting CPU[3] to 1497600
I/ThermalEngine(  326): Sensor:tsens_tz_sensor5:64000 mC
I/ThermalEngine(  326): Sensor:pm8226_tz:60228 mC
I/ThermalEngine(  326): Sensor:tsens_tz_sensor1:73000 mC
I/ThermalEngine(  326): ACTION: CPU - Setting CPU[0] to 1401600
I/ThermalEngine(  326): ACTION: CPU - Setting CPU[1] to 1401600
I/ThermalEngine(  326): ACTION: CPU - Setting CPU[2] to 1401600
I/ThermalEngine(  326): ACTION: CPU - Setting CPU[3] to 1401600
I/ThermalEngine(  326): Sensor:tsens_tz_sensor5:69000 mC
I/ThermalEngine(  326): Sensor:tsens_tz_sensor1:70000 mC
I/ThermalEngine(  326): ACTION: CPU - Setting CPU[0] to 1344000
I/ThermalEngine(  326): ACTION: CPU - Setting CPU[1] to 1344000
I/ThermalEngine(  326): ACTION: CPU - Setting CPU[2] to 1344000
I/ThermalEngine(  326): ACTION: CPU - Setting CPU[3] to 1344000
I/ThermalEngine(  326): Sensor:tsens_tz_sensor5:68000 mC
I/ThermalEngine(  326): Sensor:tsens_tz_sensor1:70000 mC
I/ThermalEngine(  326): ACTION: CPU - Setting CPU[0] to 1305600
I/ThermalEngine(  326): ACTION: CPU - Setting CPU[1] to 1305600
I/ThermalEngine(  326): ACTION: CPU - Setting CPU[2] to 1305600
I/ThermalEngine(  326): ACTION: CPU - Setting CPU[3] to 1305600
I/ThermalEngine(  326): Sensor:tsens_tz_sensor5:68000 mC
I/ThermalEngine(  326): Sensor:tsens_tz_sensor1:69000 mC
I/ThermalEngine(  326): ACTION: CPU - Setting CPU[0] to 1190400
I/ThermalEngine(  326): ACTION: CPU - Setting CPU[1] to 1190400
I/ThermalEngine(  326): ACTION: CPU - Setting CPU[2] to 1190400
I/ThermalEngine(  326): ACTION: CPU - Setting CPU[3] to 1190400
I/ThermalEngine(  326): Sensor:tsens_tz_sensor5:68000 mC
I/ThermalEngine(  326): Sensor:pm8226_tz:60669 mC
E/QCALOG  (  427): [MessageQ] ProcessNewMessage: [XTWiFi-PE] unknown deliver target [OS-Agent]
E/QCALOG  (  427): [MessageQ] ProcessNewMessage: [XT-CS] unknown deliver target [OS-Agent]
E/QCALOG  (  427): [MessageQ] ProcessNewMessage: [XTWWAN-PE] unknown deliver target [OS-Agent]
I/ThermalEngine(  326): Sensor:tsens_tz_sensor1:70000 mC
I/ThermalEngine(  326): ACTION: CPU - Setting CPU[0] to 1094400
I/ThermalEngine(  326): ACTION: CPU - Setting CPU[1] to 1094400
I/ThermalEngine(  326): ACTION: CPU - Setting CPU[2] to 1094400
I/ThermalEngine(  326): ACTION: CPU - Setting CPU[3] to 1094400
I/ThermalEngine(  326): Sensor:tsens_tz_sensor5:68000 mC
I/ThermalEngine(  326): Sensor:tsens_tz_sensor1:68000 mC
I/ThermalEngine(  326): ACTION: CPU - Setting CPU[0] to 998400
I/ThermalEngine(  326): ACTION: CPU - Setting CPU[1] to 998400
I/ThermalEngine(  326): ACTION: CPU - Setting CPU[2] to 998400
I/ThermalEngine(  326): ACTION: CPU - Setting CPU[3] to 998400
I/ThermalEngine(  326): Sensor:tsens_tz_sensor5:67000 mC
I/ThermalEngine(  326): Sensor:tsens_tz_sensor1:67000 mC
I/ThermalEngine(  326): ACTION: CPU - Setting CPU[0] to 787200
I/ThermalEngine(  326): ACTION: CPU - Setting CPU[1] to 787200
I/ThermalEngine(  326): ACTION: CPU - Setting CPU[2] to 787200
I/ThermalEngine(  326): ACTION: CPU - Setting CPU[3] to 787200
I/ThermalEngine(  326): Sensor:tsens_tz_sensor5:66000 mC
I/ThermalEngine(  326): Sensor:tsens_tz_sensor1:67000 mC
I/ThermalEngine(  326): ACTION: CPU - Setting CPU[0] to 600000
I/ThermalEngine(  326): ACTION: CPU - Setting CPU[1] to 600000
I/ThermalEngine(  326): ACTION: CPU - Setting CPU[2] to 600000
I/ThermalEngine(  326): ACTION: CPU - Setting CPU[3] to 600000
I/ThermalEngine(  326): Sensor:tsens_tz_sensor5:66000 mC
I/ThermalEngine(  326): Sensor:pm8226_tz:59348 mC
I/ThermalEngine(  326): Sensor:tsens_tz_sensor1:65000 mC
I/ThermalEngine(  326): ACTION: CPU - Setting CPU[0] to 787200
I/ThermalEngine(  326): ACTION: CPU - Setting CPU[1] to 787200
I/ThermalEngine(  326): ACTION: CPU - Setting CPU[2] to 787200
I/ThermalEngine(  326): ACTION: CPU - Setting CPU[3] to 787200
I/ThermalEngine(  326): Sensor:tsens_tz_sensor5:64000 mC
I/ThermalEngine(  326): Sensor:tsens_tz_sensor1:64000 mC
I/ThermalEngine(  326): ACTION: CPU - Setting CPU[0] to 998400
I/ThermalEngine(  326): ACTION: CPU - Setting CPU[1] to 998400
I/ThermalEngine(  326): ACTION: CPU - Setting CPU[2] to 998400
I/ThermalEngine(  326): ACTION: CPU - Setting CPU[3] to 998400
I/ThermalEngine(  326): Sensor:tsens_tz_sensor5:64000 mC
I/ThermalEngine(  326): Sensor:tsens_tz_sensor1:66000 mC
I/ThermalEngine(  326): ACTION: CPU - Setting CPU[0] to 787200
I/ThermalEngine(  326): ACTION: CPU - Setting CPU[1] to 787200
I/ThermalEngine(  326): ACTION: CPU - Setting CPU[2] to 787200
I/ThermalEngine(  326): ACTION: CPU - Setting CPU[3] to 787200
I/ThermalEngine(  326): Sensor:tsens_tz_sensor5:65000 mC
I/ThermalEngine(  326): Sensor:tsens_tz_sensor1:64000 mC
I/ThermalEngine(  326): ACTION: CPU - Setting CPU[0] to 998400
I/ThermalEngine(  326): ACTION: CPU - Setting CPU[1] to 998400
I/ThermalEngine(  326): ACTION: CPU - Setting CPU[2] to 998400
I/ThermalEngine(  326): ACTION: CPU - Setting CPU[3] to 998400
I/ThermalEngine(  326): Sensor:tsens_tz_sensor5:64000 mC
I/ThermalEngine(  326): Sensor:pm8226_tz:59494 mC
I/ThermalEngine(  326): Sensor:tsens_tz_sensor1:64000 mC
I/ThermalEngine(  326): ACTION: CPU - Setting CPU[0] to 1094400
I/ThermalEngine(  326): ACTION: CPU - Setting CPU[1] to 1094400
I/ThermalEngine(  326): ACTION: CPU - Setting CPU[2] to 1094400
I/ThermalEngine(  326): ACTION: CPU - Setting CPU[3] to 1094400
I/ThermalEngine(  326): Sensor:tsens_tz_sensor5:64000 mC
I/ThermalEngine(  326): Sensor:tsens_tz_sensor1:66000 mC
I/ThermalEngine(  326): ACTION: CPU - Setting CPU[0] to 998400
I/ThermalEngine(  326): ACTION: CPU - Setting CPU[1] to 998400
I/ThermalEngine(  326): ACTION: CPU - Setting CPU[2] to 998400
I/ThermalEngine(  326): ACTION: CPU - Setting CPU[3] to 998400
I/ThermalEngine(  326): Sensor:tsens_tz_sensor5:65000 mC
I/ThermalEngine(  326): Sensor:tsens_tz_sensor1:67000 mC
I/ThermalEngine(  326): ACTION: CPU - Setting CPU[0] to 787200
I/ThermalEngine(  326): ACTION: CPU - Setting CPU[1] to 787200
I/ThermalEngine(  326): ACTION: CPU - Setting CPU[2] to 787200
I/ThermalEngine(  326): ACTION: CPU - Setting CPU[3] to 787200
I/ThermalEngine(  326): Sensor:tsens_tz_sensor5:65000 mC
I/ThermalEngine(  326): Sensor:tsens_tz_sensor1:65000 mC
I/ThermalEngine(  326): ACTION: CPU - Setting CPU[0] to 998400
I/ThermalEngine(  326): ACTION: CPU - Setting CPU[1] to 998400
I/ThermalEngine(  326): ACTION: CPU - Setting CPU[2] to 998400
I/ThermalEngine(  326): ACTION: CPU - Setting CPU[3] to 998400
I/ThermalEngine(  326): Sensor:tsens_tz_sensor5:64000 mC
I/ThermalEngine(  326): Sensor:pm8226_tz:59250 mC
I/ThermalEngine(  326): Sensor:tsens_tz_sensor1:63000 mC
I/ThermalEngine(  326): ACTION: CPU - Setting CPU[0] to 1094400
I/ThermalEngine(  326): ACTION: CPU - Setting CPU[1] to 1094400
I/ThermalEngine(  326): ACTION: CPU - Setting CPU[2] to 1094400
I/ThermalEngine(  326): ACTION: CPU - Setting CPU[3] to 1094400
I/ThermalEngine(  326): Sensor:tsens_tz_sensor5:63000 mC
I/ThermalEngine(  326): Sensor:tsens_tz_sensor1:63000 mC
I/ThermalEngine(  326): ACTION: CPU - Setting CPU[0] to 1190400
I/ThermalEngine(  326): ACTION: CPU - Setting CPU[1] to 1190400
I/ThermalEngine(  326): ACTION: CPU - Setting CPU[2] to 1190400
I/ThermalEngine(  326): ACTION: CPU - Setting CPU[3] to 1190400
I/ThermalEngine(  326): Sensor:tsens_tz_sensor5:63000 mC
I/ThermalEngine(  326): Sensor:tsens_tz_sensor1:62000 mC
I/ThermalEngine(  326): ACTION: CPU - Setting CPU[0] to 1305600
I/ThermalEngine(  326): ACTION: CPU - Setting CPU[1] to 1305600
I/ThermalEngine(  326): ACTION: CPU - Setting CPU[2] to 1305600
I/ThermalEngine(  326): ACTION: CPU - Setting CPU[3] to 1305600
I/ThermalEngine(  326): Sensor:tsens_tz_sensor5:62000 mC
I/ThermalEngine(  326): Sensor:tsens_tz_sensor1:61000 mC
I/ThermalEngine(  326): ACTION: CPU - Setting CPU[0] to 1344000
I/ThermalEngine(  326): ACTION: CPU - Setting CPU[1] to 1344000
I/ThermalEngine(  326): ACTION: CPU - Setting CPU[2] to 1344000
I/ThermalEngine(  326): ACTION: CPU - Setting CPU[3] to 1344000
I/ThermalEngine(  326): Sensor:tsens_tz_sensor5:62000 mC
I/ThermalEngine(  326): Sensor:pm8226_tz:58956 mC
I/dex2oat ( 1477): dex2oat took 6.040s (threads: 4) arena alloc=235KB java alloc=10MB native alloc=13MB free=10MB
I/ThermalEngine(  326): Sensor:tsens_tz_sensor1:61000 mC
I/ThermalEngine(  326): ACTION: CPU - Setting CPU[0] to 1401600
I/ThermalEngine(  326): ACTION: CPU - Setting CPU[1] to 1401600
I/ThermalEngine(  326): ACTION: CPU - Setting CPU[2] to 1401600
I/ThermalEngine(  326): ACTION: CPU - Setting CPU[3] to 1401600
I/ThermalEngine(  326): Sensor:tsens_tz_sensor5:62000 mC
I/PackageManager( 1052): Running dexopt on: /system/priv-app/MediaProvider/MediaProvider.apk pkg=com.android.providers.media isa=arm vmSafeMode=false
I/dex2oat ( 1483): /system/bin/dex2oat --zip-fd=5 --zip-location=/system/priv-app/MediaProvider/MediaProvider.apk --oat-fd=6 --oat-location=/data/dalvik-cache/arm/system@priv-app@MediaProvider@MediaProvider.apk@classes.dex --instruction-set=arm --instruction-set-features=div --runtime-arg -Xms64m --runtime-arg -Xmx512m --swap-fd=7
I/dex2oat ( 1483): Decided to run without swap.
I/ThermalEngine(  326): Sensor:tsens_tz_sensor1:67000 mC
I/ThermalEngine(  326): ACTION: CPU - Setting CPU[0] to 1344000
I/ThermalEngine(  326): ACTION: CPU - Setting CPU[1] to 1344000
I/ThermalEngine(  326): ACTION: CPU - Setting CPU[2] to 1344000
I/ThermalEngine(  326): ACTION: CPU - Setting CPU[3] to 1344000
I/ThermalEngine(  326): Sensor:tsens_tz_sensor5:65000 mC
I/dex2oat ( 1483): dex2oat took 331.149ms (threads: 4) arena alloc=1033KB java alloc=141KB native alloc=2012KB free=6MB
I/PackageManager( 1052): Running dexopt on: /system/priv-app/ContactsProvider/ContactsProvider.apk pkg=com.android.providers.contacts isa=arm vmSafeMode=false
I/dex2oat ( 1489): /system/bin/dex2oat --zip-fd=5 --zip-location=/system/priv-app/ContactsProvider/ContactsProvider.apk --oat-fd=6 --oat-location=/data/dalvik-cache/arm/system@priv-app@ContactsProvider@ContactsProvider.apk@classes.dex --instruction-set=arm --instruction-set-features=div --runtime-arg -Xms64m --runtime-arg -Xmx512m --swap-fd=7
I/ThermalEngine(  326): Sensor:tsens_tz_sensor1:67000 mC
I/ThermalEngine(  326): ACTION: CPU - Setting CPU[0] to 1305600
I/ThermalEngine(  326): ACTION: CPU - Setting CPU[1] to 1305600
I/ThermalEngine(  326): ACTION: CPU - Setting CPU[2] to 1305600
I/ThermalEngine(  326): ACTION: CPU - Setting CPU[3] to 1305600
I/ThermalEngine(  326): Sensor:tsens_tz_sensor5:65000 mC
I/dex2oat ( 1489): Decided to run without swap.
I/ThermalEngine(  326): Sensor:tsens_tz_sensor1:62000 mC
I/ThermalEngine(  326): ACTION: CPU - Setting CPU[0] to 1344000
I/ThermalEngine(  326): ACTION: CPU - Setting CPU[1] to 1344000
I/ThermalEngine(  326): ACTION: CPU - Setting CPU[2] to 1344000
I/ThermalEngine(  326): ACTION: CPU - Setting CPU[3] to 1344000
I/ThermalEngine(  326): Sensor:tsens_tz_sensor5:64000 mC
I/ThermalEngine(  326): Sensor:pm8226_tz:60424 mC
E/QCALOG  (  427): [MessageQ] ProcessNewMessage: [XTWiFi-PE] unknown deliver target [OS-Agent]
E/QCALOG  (  427): [MessageQ] ProcessNewMessage: [XT-CS] unknown deliver target [OS-Agent]
E/QCALOG  (  427): [MessageQ] ProcessNewMessage: [XTWWAN-PE] unknown deliver target [OS-Agent]
I/dex2oat ( 1489): Method exceeds compiler instruction limit: 30133 in android.util.SparseArray com.android.providers.contacts.util.MzMultitone.getChineseMultitoneChar()
I/ThermalEngine(  326): Sensor:tsens_tz_sensor1:69000 mC
I/ThermalEngine(  326): ACTION: CPU - Setting CPU[0] to 1305600
I/ThermalEngine(  326): ACTION: CPU - Setting CPU[1] to 1305600
I/ThermalEngine(  326): ACTION: CPU - Setting CPU[2] to 1305600
I/ThermalEngine(  326): ACTION: CPU - Setting CPU[3] to 1305600
I/ThermalEngine(  326): Sensor:tsens_tz_sensor5:67000 mC
I/ThermalEngine(  326): Sensor:tsens_tz_sensor1:70000 mC
I/ThermalEngine(  326): ACTION: CPU - Setting CPU[0] to 1190400
I/ThermalEngine(  326): ACTION: CPU - Setting CPU[1] to 1190400
