I/ThermalEngine(  326): ACTION: CPU - Setting CPU[3] to 600000
I/ThermalEngine(  326): Sensor:tsens_tz_sensor1:64000 mC
I/ThermalEngine(  326): Sensor:tsens_tz_sensor5:65000 mC
I/ThermalEngine(  326): ACTION: CPU - Setting CPU[0] to 787200
I/ThermalEngine(  326): ACTION: CPU - Setting CPU[1] to 787200
I/ThermalEngine(  326): ACTION: CPU - Setting CPU[2] to 787200
I/ThermalEngine(  326): ACTION: CPU - Setting CPU[3] to 787200
W/dex2oat ( 1068): Verification of android.content.pm.PackageParser$Package com.android.server.pm.PackageManagerService.scanPackageDirtyLI(android.content.pm.PackageParser$Package, int, int, long, android.os.UserHandle) took 116.777ms
I/ServiceManager(  334): Waiting for service AtCmdFwd...
I/ThermalEngine(  326): Sensor:pm8226_tz:59886 mC
I/ThermalEngine(  326): Sensor:tsens_tz_sensor1:64000 mC
I/ThermalEngine(  326): Sensor:tsens_tz_sensor5:64000 mC
I/ThermalEngine(  326): ACTION: CPU - Setting CPU[0] to 998400
I/ThermalEngine(  326): ACTION: CPU - Setting CPU[1] to 998400
I/ThermalEngine(  326): ACTION: CPU - Setting CPU[2] to 998400
I/ThermalEngine(  326): ACTION: CPU - Setting CPU[3] to 998400
I/ThermalEngine(  326): Sensor:tsens_tz_sensor1:64000 mC
I/ThermalEngine(  326): Sensor:tsens_tz_sensor5:64000 mC
I/ThermalEngine(  326): ACTION: CPU - Setting CPU[0] to 1094400
I/ThermalEngine(  326): ACTION: CPU - Setting CPU[1] to 1094400
I/ThermalEngine(  326): ACTION: CPU - Setting CPU[2] to 1094400
I/ThermalEngine(  326): ACTION: CPU - Setting CPU[3] to 1094400
I/ThermalEngine(  326): Sensor:tsens_tz_sensor1:66000 mC
I/ThermalEngine(  326): Sensor:tsens_tz_sensor5:66000 mC
I/ThermalEngine(  326): ACTION: CPU - Setting CPU[0] to 998400
I/ThermalEngine(  326): ACTION: CPU - Setting CPU[1] to 998400
I/ThermalEngine(  326): ACTION: CPU - Setting CPU[2] to 998400
I/ThermalEngine(  326): ACTION: CPU - Setting CPU[3] to 998400
I/ThermalEngine(  326): Sensor:tsens_tz_sensor1:66000 mC
I/ThermalEngine(  326): Sensor:tsens_tz_sensor5:66000 mC
I/ThermalEngine(  326): ACTION: CPU - Setting CPU[0] to 787200
I/ThermalEngine(  326): ACTION: CPU - Setting CPU[1] to 787200
I/ThermalEngine(  326): ACTION: CPU - Setting CPU[2] to 787200
I/ThermalEngine(  326): ACTION: CPU - Setting CPU[3] to 787200
I/ServiceManager(  334): Waiting for service AtCmdFwd...
I/ThermalEngine(  326): Sensor:pm8226_tz:60082 mC
I/ThermalEngine(  326): Sensor:tsens_tz_sensor1:66000 mC
I/ThermalEngine(  326): Sensor:tsens_tz_sensor5:65000 mC
I/ThermalEngine(  326): Sensor:tsens_tz_sensor1:64000 mC
I/ThermalEngine(  326): ACTION: CPU - Setting CPU[0] to 998400
I/ThermalEngine(  326): ACTION: CPU - Setting CPU[1] to 998400
I/ThermalEngine(  326): ACTION: CPU - Setting CPU[2] to 998400
I/ThermalEngine(  326): ACTION: CPU - Setting CPU[3] to 998400
I/ThermalEngine(  326): Sensor:tsens_tz_sensor5:64000 mC
I/ThermalEngine(  326): Sensor:tsens_tz_sensor1:65000 mC
I/ThermalEngine(  326): ACTION: CPU - Setting CPU[0] to 1094400
I/ThermalEngine(  326): ACTION: CPU - Setting CPU[1] to 1094400
I/ThermalEngine(  326): ACTION: CPU - Setting CPU[2] to 1094400
I/ThermalEngine(  326): ACTION: CPU - Setting CPU[3] to 1094400
I/ThermalEngine(  326): Sensor:tsens_tz_sensor5:65000 mC
I/ThermalEngine(  326): Sensor:tsens_tz_sensor1:67000 mC
I/ThermalEngine(  326): ACTION: CPU - Setting CPU[0] to 998400
I/ThermalEngine(  326): ACTION: CPU - Setting CPU[1] to 998400
I/ThermalEngine(  326): ACTION: CPU - Setting CPU[2] to 998400
I/ThermalEngine(  326): ACTION: CPU - Setting CPU[3] to 998400
I/ThermalEngine(  326): Sensor:tsens_tz_sensor5:66000 mC
W/Atfwd_Sendcmd(  334): AtCmdFwd service not published, waiting... retryCnt : 1
I/ThermalEngine(  326): Sensor:pm8226_tz:60326 mC
I/ThermalEngine(  326): Sensor:tsens_tz_sensor1:67000 mC
I/ThermalEngine(  326): ACTION: CPU - Setting CPU[0] to 787200
I/ThermalEngine(  326): ACTION: CPU - Setting CPU[1] to 787200
I/ThermalEngine(  326): ACTION: CPU - Setting CPU[2] to 787200
I/ThermalEngine(  326): ACTION: CPU - Setting CPU[3] to 787200
I/ThermalEngine(  326): Sensor:tsens_tz_sensor5:66000 mC
I/ThermalEngine(  326): Sensor:tsens_tz_sensor1:66000 mC
I/ThermalEngine(  326): ACTION: CPU - Setting CPU[0] to 600000
I/ThermalEngine(  326): ACTION: CPU - Setting CPU[1] to 600000
I/ThermalEngine(  326): ACTION: CPU - Setting CPU[2] to 600000
I/ThermalEngine(  326): ACTION: CPU - Setting CPU[3] to 600000
I/ThermalEngine(  326): Sensor:tsens_tz_sensor5:65000 mC
E/QCALOG  (  427): [MessageQ] ProcessNewMessage: [XTWiFi-PE] unknown deliver target [OS-Agent]
E/QCALOG  (  427): [MessageQ] ProcessNewMessage: [XT-CS] unknown deliver target [OS-Agent]
E/QCALOG  (  427): [MessageQ] ProcessNewMessage: [XTWWAN-PE] unknown deliver target [OS-Agent]
I/ThermalEngine(  326): Sensor:tsens_tz_sensor1:63000 mC
I/ThermalEngine(  326): ACTION: CPU - Setting CPU[0] to 787200
I/ThermalEngine(  326): ACTION: CPU - Setting CPU[1] to 787200
I/ThermalEngine(  326): ACTION: CPU - Setting CPU[2] to 787200
I/ThermalEngine(  326): ACTION: CPU - Setting CPU[3] to 787200
I/ThermalEngine(  326): Sensor:tsens_tz_sensor5:64000 mC
I/ThermalEngine(  326): Sensor:tsens_tz_sensor1:63000 mC
I/ThermalEngine(  326): ACTION: CPU - Setting CPU[0] to 998400
I/ThermalEngine(  326): ACTION: CPU - Setting CPU[1] to 998400
I/ThermalEngine(  326): ACTION: CPU - Setting CPU[2] to 998400
I/ThermalEngine(  326): ACTION: CPU - Setting CPU[3] to 998400
I/ThermalEngine(  326): Sensor:tsens_tz_sensor5:63000 mC
I/ThermalEngine(  326): Sensor:pm8226_tz:60179 mC
I/ThermalEngine(  326): Sensor:tsens_tz_sensor1:65000 mC
I/ThermalEngine(  326): ACTION: CPU - Setting CPU[0] to 1094400
I/ThermalEngine(  326): ACTION: CPU - Setting CPU[1] to 1094400
I/ThermalEngine(  326): ACTION: CPU - Setting CPU[2] to 1094400
I/ThermalEngine(  326): ACTION: CPU - Setting CPU[3] to 1094400
I/ThermalEngine(  326): Sensor:tsens_tz_sensor5:65000 mC
W/dex2oat ( 1068): Compilation of android.content.pm.PackageParser$Package com.android.server.pm.PackageManagerService.scanPackageDirtyLI(android.content.pm.PackageParser$Package, int, int, long, android.os.UserHandle) took 143.241ms
I/ThermalEngine(  326): Sensor:tsens_tz_sensor1:65000 mC
I/ThermalEngine(  326): ACTION: CPU - Setting CPU[0] to 1190400
I/ThermalEngine(  326): ACTION: CPU - Setting CPU[1] to 1190400
I/ThermalEngine(  326): ACTION: CPU - Setting CPU[2] to 1190400
I/ThermalEngine(  326): ACTION: CPU - Setting CPU[3] to 1190400
I/ThermalEngine(  326): Sensor:tsens_tz_sensor5:65000 mC
I/ThermalEngine(  326): Sensor:tsens_tz_sensor1:67000 mC
I/ThermalEngine(  326): ACTION: CPU - Setting CPU[0] to 1094400
I/ThermalEngine(  326): ACTION: CPU - Setting CPU[1] to 1094400
I/ThermalEngine(  326): ACTION: CPU - Setting CPU[2] to 1094400
I/ThermalEngine(  326): ACTION: CPU - Setting CPU[3] to 1094400
I/ThermalEngine(  326): Sensor:tsens_tz_sensor5:66000 mC
I/ThermalEngine(  326): Sensor:tsens_tz_sensor1:63000 mC
I/ThermalEngine(  326): ACTION: CPU - Setting CPU[0] to 1190400
I/ThermalEngine(  326): ACTION: CPU - Setting CPU[1] to 1190400
I/ThermalEngine(  326): ACTION: CPU - Setting CPU[2] to 1190400
I/ThermalEngine(  326): ACTION: CPU - Setting CPU[3] to 1190400
I/ThermalEngine(  326): Sensor:tsens_tz_sensor5:65000 mC
I/ThermalEngine(  326): Sensor:pm8226_tz:59348 mC
I/ThermalEngine(  326): Sensor:tsens_tz_sensor1:62000 mC
I/ThermalEngine(  326): ACTION: CPU - Setting CPU[0] to 1305600
I/ThermalEngine(  326): ACTION: CPU - Setting CPU[1] to 1305600
I/ThermalEngine(  326): ACTION: CPU - Setting CPU[2] to 1305600
I/ThermalEngine(  326): ACTION: CPU - Setting CPU[3] to 1305600
I/ThermalEngine(  326): Sensor:tsens_tz_sensor5:63000 mC
I/ThermalEngine(  326): Sensor:tsens_tz_sensor1:62000 mC
I/ThermalEngine(  326): ACTION: CPU - Setting CPU[0] to 1344000
I/ThermalEngine(  326): ACTION: CPU - Setting CPU[1] to 1344000
I/ThermalEngine(  326): ACTION: CPU - Setting CPU[2] to 1344000
I/ThermalEngine(  326): ACTION: CPU - Setting CPU[3] to 1344000
I/ThermalEngine(  326): Sensor:tsens_tz_sensor5:63000 mC
I/ThermalEngine(  326): Sensor:tsens_tz_sensor1:62000 mC
I/ThermalEngine(  326): ACTION: CPU - Setting CPU[0] to 1401600
I/ThermalEngine(  326): ACTION: CPU - Setting CPU[1] to 1401600
I/ThermalEngine(  326): ACTION: CPU - Setting CPU[2] to 1401600
I/ThermalEngine(  326): ACTION: CPU - Setting CPU[3] to 1401600
I/ThermalEngine(  326): Sensor:tsens_tz_sensor5:63000 mC
I/ThermalEngine(  326): Sensor:tsens_tz_sensor1:61000 mC
I/ThermalEngine(  326): ACTION: CPU - Setting CPU[0] to 1497600
I/ThermalEngine(  326): ACTION: CPU - Setting CPU[1] to 1497600
I/ThermalEngine(  326): ACTION: CPU - Setting CPU[2] to 1497600
I/ThermalEngine(  326): ACTION: CPU - Setting CPU[3] to 1497600
I/ThermalEngine(  326): Sensor:tsens_tz_sensor5:63000 mC
I/dex2oat ( 1068): dex2oat took 7.365s (threads: 4) arena alloc=3MB java alloc=5MB native alloc=17MB free=6MB
I/ThermalEngine(  326): Sensor:pm8226_tz:59935 mC
I/InstallerConnection( 1052): disconnecting...
E/installd(  313): eof
E/installd(  313): failed to read size
I/installd(  313): closing connection
I/SystemServer( 1052): Entered the Android system server!
V/Fingerprint-JNI( 1052): FingerprintManager JNI ready.
I/        ( 1052): System server: starting sensor init.
D/SensorService( 1052): nuSensorService starting...
E/SensorService( 1052): >>>> WARNING <<< Upgrade sensor HAL to version 1_3
E/Sensors (  467): sns_sam.c(3172):Unsupported client request type message id 33
E/qcom_sensors_hal( 1052): hal_process_sam_gravity_resp: Msg 33; Result: 1, Error: 12
E/Sensors (  467): sns_sam.c(3172):Unsupported client request type message id 33
E/qcom_sensors_hal( 1052): hal_process_sam_rotation_vector_resp: Msg 33; Result: 1, Error: 12
E/Sensors (  467): sns_sam.c(3172):Unsupported client request type message id 33
E/qcom_sensors_hal( 1052): hal_process_sam_orientation_resp: Msg 33; Result: 1, Error: 12
I/ThermalEngine(  326): Sensor:tsens_tz_sensor1:62000 mC
I/ThermalEngine(  326): ACTION: CPU - Setting CPU[0] to 1593600
I/ThermalEngine(  326): ACTION: CPU - Setting CPU[1] to 1593600
I/ThermalEngine(  326): ACTION: CPU - Setting CPU[2] to 1593600
I/ThermalEngine(  326): ACTION: CPU - Setting CPU[3] to 1593600
I/ThermalEngine(  326): Sensor:tsens_tz_sensor5:63000 mC
I/        ( 1052): System server: sensor init done.
D/SensorService( 1052): new thread SensorEventAckReceiver
I/SystemServiceManager( 1052): Starting com.android.server.pm.Installer
D/SensorService( 1052): nuSensorService thread starting...
I/Installer( 1052): Waiting for installd to be ready.
I/InstallerConnection( 1052): connecting...
I/installd(  313): new connection
I/SystemServiceManager( 1052): Starting com.android.server.am.ActivityManagerService$Lifecycle
I/XXXXXX  ( 1052): choosing minFree values for 32 Bit
I/XXXXXX  ( 1052): choosing minFree values for 32 Bit
I/XXXXXX  ( 1052): choosing minFree values for 32 Bit
I/XXXXXX  ( 1052): choosing minFree values for 32 Bit
I/XXXXXX  ( 1052): choosing minFree values for 32 Bit
I/XXXXXX  ( 1052): choosing minFree values for 32 Bit
I/ActivityManager( 1052): Memory class: 192
I/AppOps  ( 1052): No existing app ops /data/system/appops.xml; starting empty
I/IntentFirewall( 1052): Read new rules (A:0 B:0 S:0)
D/AppOps  ( 1052): AppOpsService published
I/SystemServiceManager( 1052): Starting com.android.server.power.PowerManagerService
E/QCOM PowerHAL( 1052): Unable to open /vendor/lib/libqc-opt.so: dlopen failed: cannot locate symbol "utext_openUChars_51" referenced by "libqc-opt.so"...
E/QCOM PowerHAL( 1052): Failed to get qcopt handle.
I/QCOM PowerHAL( 1052): QCOM power HAL initing.
W/libsuspend( 1052): Error writing 'on' to /sys/power/state: Invalid argument
I/libsuspend( 1052): Selected wakeup count
I/QCOM PowerHAL( 1052): Got set_interactive hint
I/SystemServiceManager( 1052): Starting com.android.server.display.DisplayManagerService
E/BatteryStatsService( 1052): Failed to open /sys/kernel/wakeup_reasons/last_resume_reason
I/SystemServiceManager( 1052): Starting phase 100
I/DisplayManagerService( 1052): Display device added: DisplayDeviceInfo{"": uniqueId="local:0", 1080 x 1920, 60.0 fps, supportedRefreshRates [60.0], density 480, 160.421 x 159.895 dpi, appVsyncOff 0, presDeadline 17666667, touch INTERNAL, rotation 0, type BUILT_IN, state UNKNOWN, FLAG_DEFAULT_DISPLAY, FLAG_ROTATES_WITH_CONTENT}
I/SystemServer( 1052): Package Manager
W/PackageManager( 1052): No security bridge jar found, using default
W/SystemConfig( 1052): No directory /system/etc/sysconfig, skipping
D/SELinuxMMAC( 1052): Using policy file /system/etc/security/mac_permissions.xml
I/ThermalEngine(  326): Sensor:tsens_tz_sensor1:66000 mC
I/ThermalEngine(  326): ACTION: CPU - Setting CPU[0] to 1497600
I/ThermalEngine(  326): ACTION: CPU - Setting CPU[1] to 1497600
I/ThermalEngine(  326): ACTION: CPU - Setting CPU[2] to 1497600
I/ThermalEngine(  326): ACTION: CPU - Setting CPU[3] to 1497600
I/ThermalEngine(  326): Sensor:tsens_tz_sensor5:66000 mC
I/dex2oat ( 1235): /system/bin/dex2oat --zip-fd=5 --zip-location=/system/framework/javax.btobex.jar --oat-fd=6 --oat-location=/data/dalvik-cache/arm/system@framework@javax.btobex.jar@classes.dex --instruction-set=arm --instruction-set-features=div --runtime-arg -Xms64m --runtime-arg -Xmx512m --swap-fd=7
I/dex2oat ( 1235): Decided to run without swap.
I/dex2oat ( 1235): dex2oat took 116.149ms (threads: 4) arena alloc=573KB java alloc=48KB native alloc=2MB free=5MB
I/dex2oat ( 1240): /system/bin/dex2oat --zip-fd=5 --zip-location=/system/framework/qcrilhook.jar --oat-fd=6 --oat-location=/data/dalvik-cache/arm/system@framework@qcrilhook.jar@classes.dex --instruction-set=arm --instruction-set-features=div --runtime-arg -Xms64m --runtime-arg -Xmx512m --swap-fd=7
I/ThermalEngine(  326): Sensor:tsens_tz_sensor1:67000 mC
I/ThermalEngine(  326): ACTION: CPU - Setting CPU[0] to 1401600
I/ThermalEngine(  326): ACTION: CPU - Setting CPU[1] to 1401600
I/ThermalEngine(  326): ACTION: CPU - Setting CPU[2] to 1401600
I/ThermalEngine(  326): ACTION: CPU - Setting CPU[3] to 1401600
I/ThermalEngine(  326): Sensor:tsens_tz_sensor5:66000 mC
I/dex2oat ( 1240): Decided to run without swap.
I/dex2oat ( 1240): dex2oat took 149.489ms (threads: 4) arena alloc=70KB java alloc=135KB native alloc=1673KB free=6MB
I/dex2oat ( 1245): /system/bin/dex2oat --zip-fd=5 --zip-location=/system/framework/android.test.runner.jar --oat-fd=6 --oat-location=/data/dalvik-cache/arm/system@framework@android.test.runner.jar@classes.dex --instruction-set=arm --instruction-set-features=div --runtime-arg -Xms64m --runtime-arg -Xmx512m --swap-fd=7
I/dex2oat ( 1245): Decided to run without swap.
I/ThermalEngine(  326): Sensor:tsens_tz_sensor1:67000 mC
I/ThermalEngine(  326): ACTION: CPU - Setting CPU[0] to 1344000
I/ThermalEngine(  326): ACTION: CPU - Setting CPU[1] to 1344000
I/ThermalEngine(  326): ACTION: CPU - Setting CPU[2] to 1344000
I/ThermalEngine(  326): ACTION: CPU - Setting CPU[3] to 1344000
I/ThermalEngine(  326): Sensor:tsens_tz_sensor5:66000 mC
I/ThermalEngine(  326): Sensor:pm8226_tz:60130 mC
I/dex2oat ( 1245): dex2oat took 233.118ms (threads: 4) arena alloc=125KB java alloc=245KB native alloc=1976KB free=6MB
I/dex2oat ( 1250): /system/bin/dex2oat --zip-fd=5 --zip-location=/system/framework/com.android.media.remotedisplay.jar --oat-fd=6 --oat-location=/data/dalvik-cache/arm/system@framework@com.android.media.remotedisplay.jar@classes.dex --instruction-set=arm --instruction-set-features=div --runtime-arg -Xms64m --runtime-arg -Xmx512m --swap-fd=7
I/dex2oat ( 1250): Decided to run without swap.
I/dex2oat ( 1250): dex2oat took 55.903ms (threads: 4) arena alloc=78KB java alloc=15KB native alloc=1360KB free=6MB
I/dex2oat ( 1255): /system/bin/dex2oat --zip-fd=5 --zip-location=/system/framework/com.android.mediadrm.signer.jar --oat-fd=6 --oat-location=/data/dalvik-cache/arm/system@framework@com.android.mediadrm.signer.jar@classes.dex --instruction-set=arm --instruction-set-features=div --runtime-arg -Xms64m --runtime-arg -Xmx512m --swap-fd=7
I/ThermalEngine(  326): Sensor:tsens_tz_sensor1:67000 mC
I/ThermalEngine(  326): ACTION: CPU - Setting CPU[0] to 1305600
I/ThermalEngine(  326): ACTION: CPU - Setting CPU[1] to 1305600
I/ThermalEngine(  326): ACTION: CPU - Setting CPU[2] to 1305600
I/ThermalEngine(  326): ACTION: CPU - Setting CPU[3] to 1305600
I/ThermalEngine(  326): Sensor:tsens_tz_sensor5:67000 mC
I/dex2oat ( 1255): Decided to run without swap.
I/dex2oat ( 1255): dex2oat took 46.466ms (threads: 4) arena alloc=59KB java alloc=5KB native alloc=1097KB free=6MB
I/dex2oat ( 1260): /system/bin/dex2oat --zip-fd=5 --zip-location=/system/framework/am.jar --oat-fd=6 --oat-location=/data/dalvik-cache/arm/system@framework@am.jar@classes.dex --instruction-set=arm --instruction-set-features=div --runtime-arg -Xms64m --runtime-arg -Xmx512m --swap-fd=7
I/dex2oat ( 1260): Decided to run without swap.
I/dex2oat ( 1260): dex2oat took 136.647ms (threads: 4) arena alloc=426KB java alloc=35KB native alloc=1311KB free=6MB
I/dex2oat ( 1265): /system/bin/dex2oat --zip-fd=5 --zip-location=/system/framework/appops.jar --oat-fd=6 --oat-location=/data/dalvik-cache/arm/system@framework@appops.jar@classes.dex --instruction-set=arm --instruction-set-features=div --runtime-arg -Xms64m --runtime-arg -Xmx512m --swap-fd=7
I/ThermalEngine(  326): Sensor:tsens_tz_sensor1:66000 mC
I/ThermalEngine(  326): ACTION: CPU - Setting CPU[0] to 1190400
I/ThermalEngine(  326): ACTION: CPU - Setting CPU[1] to 1190400
I/ThermalEngine(  326): ACTION: CPU - Setting CPU[2] to 1190400
I/ThermalEngine(  326): ACTION: CPU - Setting CPU[3] to 1190400
I/ThermalEngine(  326): Sensor:tsens_tz_sensor5:64000 mC
I/dex2oat ( 1265): Decided to run without swap.
I/dex2oat ( 1265): dex2oat took 61.604ms (threads: 4) arena alloc=26KB java alloc=10KB native alloc=586KB free=7MB
I/dex2oat ( 1270): /system/bin/dex2oat --zip-fd=5 --zip-location=/system/framework/appwidget.jar --oat-fd=6 --oat-location=/data/dalvik-cache/arm/system@framework@appwidget.jar@classes.dex --instruction-set=arm --instruction-set-features=div --runtime-arg -Xms64m --runtime-arg -Xmx512m --swap-fd=7
I/dex2oat ( 1270): Decided to run without swap.
I/dex2oat ( 1270): dex2oat took 51.343ms (threads: 4) arena alloc=130KB java alloc=5KB native alloc=1363KB free=6MB
I/dex2oat ( 1275): /system/bin/dex2oat --zip-fd=5 --zip-location=/system/framework/bmgr.jar --oat-fd=6 --oat-location=/data/dalvik-cache/arm/system@framework@bmgr.jar@classes.dex --instruction-set=arm --instruction-set-features=div --runtime-arg -Xms64m --runtime-arg -Xmx512m --swap-fd=7
I/dex2oat ( 1275): Decided to run without swap.
I/dex2oat ( 1275): dex2oat took 77.453ms (threads: 4) arena alloc=109KB java alloc=15KB native alloc=857KB free=7MB
I/ThermalEngine(  326): Sensor:tsens_tz_sensor1:64000 mC
I/ThermalEngine(  326): ACTION: CPU - Setting CPU[0] to 1305600
I/ThermalEngine(  326): ACTION: CPU - Setting CPU[1] to 1305600
I/ThermalEngine(  326): ACTION: CPU - Setting CPU[2] to 1305600
I/ThermalEngine(  326): ACTION: CPU - Setting CPU[3] to 1305600
I/ThermalEngine(  326): Sensor:tsens_tz_sensor5:64000 mC
I/dex2oat ( 1280): /system/bin/dex2oat --zip-fd=5 --zip-location=/system/framework/bu.jar --oat-fd=6 --oat-location=/data/dalvik-cache/arm/system@framework@bu.jar@classes.dex --instruction-set=arm --instruction-set-features=div --runtime-arg -Xms64m --runtime-arg -Xmx512m --swap-fd=7
I/dex2oat ( 1280): Decided to run without swap.
I/dex2oat ( 1280): dex2oat took 54.320ms (threads: 4) arena alloc=51KB java alloc=8KB native alloc=581KB free=7MB
I/dex2oat ( 1285): /system/bin/dex2oat --zip-fd=5 --zip-location=/system/framework/com.quicinc.cne.jar --oat-fd=6 --oat-location=/data/dalvik-cache/arm/system@framework@com.quicinc.cne.jar@classes.dex --instruction-set=arm --instruction-set-features=div --runtime-arg -Xms64m --runtime-arg -Xmx512m --swap-fd=7
I/dex2oat ( 1285): Decided to run without swap.
I/ThermalEngine(  326): Sensor:tsens_tz_sensor1:67000 mC
I/ThermalEngine(  326): ACTION: CPU - Setting CPU[0] to 1190400
I/ThermalEngine(  326): ACTION: CPU - Setting CPU[1] to 1190400
I/ThermalEngine(  326): ACTION: CPU - Setting CPU[2] to 1190400
I/ThermalEngine(  326): ACTION: CPU - Setting CPU[3] to 1190400
I/ThermalEngine(  326): Sensor:tsens_tz_sensor5:65000 mC
I/ServiceManager(  334): Waiting for service AtCmdFwd...
I/dex2oat ( 1285): dex2oat took 208.760ms (threads: 4) arena alloc=265KB java alloc=183KB native alloc=1828KB free=6MB
I/dex2oat ( 1290): /system/bin/dex2oat --zip-fd=5 --zip-location=/system/framework/content.jar --oat-fd=6 --oat-location=/data/dalvik-cache/arm/system@framework@content.jar@classes.dex --instruction-set=arm --instruction-set-features=div --runtime-arg -Xms64m --runtime-arg -Xmx512m --swap-fd=7
I/dex2oat ( 1290): Decided to run without swap.
I/ThermalEngine(  326): Sensor:pm8226_tz:59690 mC
I/dex2oat ( 1290): dex2oat took 80.569ms (threads: 4) arena alloc=228KB java alloc=13KB native alloc=1371KB free=6MB
I/dex2oat ( 1296): /system/bin/dex2oat --zip-fd=5 --zip-location=/system/framework/dpm.jar --oat-fd=6 --oat-location=/data/dalvik-cache/arm/system@framework@dpm.jar@classes.dex --instruction-set=arm --instruction-set-features=div --runtime-arg -Xms64m --runtime-arg -Xmx512m --swap-fd=7
I/dex2oat ( 1296): Decided to run without swap.
I/ThermalEngine(  326): Sensor:tsens_tz_sensor1:67000 mC
I/ThermalEngine(  326): ACTION: CPU - Setting CPU[0] to 1094400
I/ThermalEngine(  326): ACTION: CPU - Setting CPU[1] to 1094400
I/ThermalEngine(  326): ACTION: CPU - Setting CPU[2] to 1094400
I/ThermalEngine(  326): ACTION: CPU - Setting CPU[3] to 1094400
I/ThermalEngine(  326): Sensor:tsens_tz_sensor5:65000 mC
I/dex2oat ( 1296): dex2oat took 61.787ms (threads: 4) arena alloc=26KB java alloc=4KB native alloc=596KB free=7MB
I/dex2oat ( 1301): /system/bin/dex2oat --zip-fd=5 --zip-location=/system/framework/ime.jar --oat-fd=6 --oat-location=/data/dalvik-cache/arm/system@framework@ime.jar@classes.dex --instruction-set=arm --instruction-set-features=div --runtime-arg -Xms64m --runtime-arg -Xmx512m --swap-fd=7
I/dex2oat ( 1301): Decided to run without swap.
I/dex2oat ( 1301): dex2oat took 69.286ms (threads: 4) arena alloc=62KB java alloc=6KB native alloc=599KB free=7MB
I/dex2oat ( 1306): /system/bin/dex2oat --zip-fd=5 --zip-location=/system/framework/input.jar --oat-fd=6 --oat-location=/data/dalvik-cache/arm/system@framework@input.jar@classes.dex --instruction-set=arm --instruction-set-features=div --runtime-arg -Xms64m --runtime-arg -Xmx512m --swap-fd=7
I/dex2oat ( 1306): Decided to run without swap.
I/dex2oat ( 1306): dex2oat took 66.995ms (threads: 4) arena alloc=114KB java alloc=5KB native alloc=841KB free=7MB
I/dex2oat ( 1311): /system/bin/dex2oat --zip-fd=5 --zip-location=/system/framework/media_cmd.jar --oat-fd=6 --oat-location=/data/dalvik-cache/arm/system@framework@media_cmd.jar@classes.dex --instruction-set=arm --instruction-set-features=div --runtime-arg -Xms64m --runtime-arg -Xmx512m --swap-fd=7
I/ThermalEngine(  326): Sensor:tsens_tz_sensor1:63000 mC
I/ThermalEngine(  326): ACTION: CPU - Setting CPU[0] to 1190400
I/ThermalEngine(  326): ACTION: CPU - Setting CPU[1] to 1190400
I/ThermalEngine(  326): ACTION: CPU - Setting CPU[2] to 1190400
I/ThermalEngine(  326): ACTION: CPU - Setting CPU[3] to 1190400
I/ThermalEngine(  326): Sensor:tsens_tz_sensor5:63000 mC
I/dex2oat ( 1311): Decided to run without swap.
E/QCALOG  (  427): [MessageQ] ProcessNewMessage: [XTWiFi-PE] unknown deliver target [OS-Agent]
E/QCALOG  (  427): [MessageQ] ProcessNewMessage: [XT-CS] unknown deliver target [OS-Agent]
E/QCALOG  (  427): [MessageQ] ProcessNewMessage: [XTWWAN-PE] unknown deliver target [OS-Agent]
I/dex2oat ( 1311): dex2oat took 66.000ms (threads: 4) arena alloc=189KB java alloc=33KB native alloc=1109KB free=6MB
I/dex2oat ( 1316): /system/bin/dex2oat --zip-fd=5 --zip-location=/system/framework/monkey.jar --oat-fd=6 --oat-location=/data/dalvik-cache/arm/system@framework@monkey.jar@classes.dex --instruction-set=arm --instruction-set-features=div --runtime-arg -Xms64m --runtime-arg -Xmx512m --swap-fd=7
I/dex2oat ( 1316): Decided to run without swap.
I/ThermalEngine(  326): Sensor:tsens_tz_sensor1:63000 mC
I/ThermalEngine(  326): ACTION: CPU - Setting CPU[0] to 1305600
I/ThermalEngine(  326): ACTION: CPU - Setting CPU[1] to 1305600
I/ThermalEngine(  326): ACTION: CPU - Setting CPU[2] to 1305600
I/ThermalEngine(  326): ACTION: CPU - Setting CPU[3] to 1305600
I/ThermalEngine(  326): Sensor:tsens_tz_sensor5:63000 mC
I/dex2oat ( 1316): dex2oat took 196.875ms (threads: 4) arena alloc=941KB java alloc=121KB native alloc=1858KB free=6MB
I/dex2oat ( 1321): /system/bin/dex2oat --zip-fd=5 --zip-location=/system/framework/pm.jar --oat-fd=6 --oat-location=/data/dalvik-cache/arm/system@framework@pm.jar@classes.dex --instruction-set=arm --instruction-set-features=div --runtime-arg -Xms64m --runtime-arg -Xmx512m --swap-fd=7
I/dex2oat ( 1321): Decided to run without swap.
I/dex2oat ( 1321): dex2oat took 142.930ms (threads: 4) arena alloc=157KB java alloc=38KB native alloc=1433KB free=6MB
I/dex2oat ( 1326): /system/bin/dex2oat --zip-fd=5 --zip-location=/system/framework/rcsimssettings.jar --oat-fd=6 --oat-location=/data/dalvik-cache/arm/system@framework@rcsimssettings.jar@classes.dex --instruction-set=arm --instruction-set-features=div --runtime-arg -Xms64m --runtime-arg -Xmx512m --swap-fd=7
I/ThermalEngine(  326): Sensor:tsens_tz_sensor1:64000 mC
I/ThermalEngine(  326): ACTION: CPU - Setting CPU[0] to 1344000
I/ThermalEngine(  326): ACTION: CPU - Setting CPU[1] to 1344000
I/ThermalEngine(  326): ACTION: CPU - Setting CPU[2] to 1344000
I/ThermalEngine(  326): ACTION: CPU - Setting CPU[3] to 1344000
I/ThermalEngine(  326): Sensor:tsens_tz_sensor5:63000 mC
I/dex2oat ( 1326): Decided to run without swap.
I/ServiceManager(  334): Waiting for service AtCmdFwd...
I/dex2oat ( 1326): dex2oat took 92.528ms (threads: 4) arena alloc=51KB java alloc=56KB native alloc=1442KB free=6MB
I/dex2oat ( 1331): /system/bin/dex2oat --zip-fd=5 --zip-location=/system/framework/requestsync.jar --oat-fd=6 --oat-location=/data/dalvik-cache/arm/system@framework@requestsync.jar@classes.dex --instruction-set=arm --instruction-set-features=div --runtime-arg -Xms64m --runtime-arg -Xmx512m --swap-fd=7
I/dex2oat ( 1331): Decided to run without swap.
I/ThermalEngine(  326): Sensor:pm8226_tz:59641 mC
I/dex2oat ( 1331): dex2oat took 59.314ms (threads: 4) arena alloc=27KB java alloc=3KB native alloc=587KB free=7MB
I/dex2oat ( 1336): /system/bin/dex2oat --zip-fd=5 --zip-location=/system/framework/settings.jar --oat-fd=6 --oat-location=/data/dalvik-cache/arm/system@framework@settings.jar@classes.dex --instruction-set=arm --instruction-set-features=div --runtime-arg -Xms64m --runtime-arg -Xmx512m --swap-fd=7
I/dex2oat ( 1336): Decided to run without swap.
I/ThermalEngine(  326): Sensor:tsens_tz_sensor1:64000 mC
I/ThermalEngine(  326): ACTION: CPU - Setting CPU[0] to 1401600
I/ThermalEngine(  326): ACTION: CPU - Setting CPU[1] to 1401600
I/ThermalEngine(  326): ACTION: CPU - Setting CPU[2] to 1401600
I/ThermalEngine(  326): ACTION: CPU - Setting CPU[3] to 1401600
I/ThermalEngine(  326): Sensor:tsens_tz_sensor5:64000 mC
I/dex2oat ( 1336): dex2oat took 61.195ms (threads: 4) arena alloc=244KB java alloc=5KB native alloc=852KB free=7MB
I/dex2oat ( 1341): /system/bin/dex2oat --zip-fd=5 --zip-location=/system/framework/svc.jar --oat-fd=6 --oat-location=/data/dalvik-cache/arm/system@framework@svc.jar@classes.dex --instruction-set=arm --instruction-set-features=div --runtime-arg -Xms64m --runtime-arg -Xmx512m --swap-fd=7
I/dex2oat ( 1341): Decided to run without swap.
I/dex2oat ( 1341): dex2oat took 61.166ms (threads: 4) arena alloc=67KB java alloc=13KB native alloc=1358KB free=6MB
I/dex2oat ( 1346): /system/bin/dex2oat --zip-fd=5 --zip-location=/system/framework/tm.jar --oat-fd=6 --oat-location=/data/dalvik-cache/arm/system@framework@tm.jar@classes.dex --instruction-set=arm --instruction-set-features=div --runtime-arg -Xms64m --runtime-arg -Xmx512m --swap-fd=7
I/dex2oat ( 1346): Decided to run without swap.
I/dex2oat ( 1346): dex2oat took 54.139ms (threads: 4) arena alloc=66KB java alloc=18KB native alloc=582KB free=7MB
I/dex2oat ( 1351): /system/bin/dex2oat --zip-fd=5 --zip-location=/system/framework/uiautomator.jar --oat-fd=6 --oat-location=/data/dalvik-cache/arm/system@framework@uiautomator.jar@classes.dex --instruction-set=arm --instruction-set-features=div --runtime-arg -Xms64m --runtime-arg -Xmx512m --swap-fd=7
I/dex2oat ( 1351): Decided to run without swap.
I/ThermalEngine(  326): Sensor:tsens_tz_sensor1:64000 mC
I/ThermalEngine(  326): ACTION: CPU - Setting CPU[0] to 1497600
I/ThermalEngine(  326): ACTION: CPU - Setting CPU[1] to 1497600
I/ThermalEngine(  326): ACTION: CPU - Setting CPU[2] to 1497600
I/ThermalEngine(  326): ACTION: CPU - Setting CPU[3] to 1497600
I/ThermalEngine(  326): Sensor:tsens_tz_sensor5:64000 mC
I/dex2oat ( 1351): dex2oat took 149.267ms (threads: 4) arena alloc=261KB java alloc=134KB native alloc=1580KB free=6MB
I/dex2oat ( 1356): /system/bin/dex2oat --zip-fd=5 --zip-location=/system/framework/wm.jar --oat-fd=6 --oat-location=/data/dalvik-cache/arm/system@framework@wm.jar@classes.dex --instruction-set=arm --instruction-set-features=div --runtime-arg -Xms64m --runtime-arg -Xmx512m --swap-fd=7
I/dex2oat ( 1356): Decided to run without swap.
I/dex2oat ( 1356): dex2oat took 52.636ms (threads: 4) arena alloc=26KB java alloc=3KB native alloc=598KB free=7MB
D/PackageManager( 1052): No files in app dir /vendor/overlay
W/PackageManager( 1052): Permission android.permission.SET_APPLICATION_ERROR_LISTENER from package flyme ignored: no group null
I/ThermalEngine(  326): Sensor:tsens_tz_sensor1:67000 mC
I/ThermalEngine(  326): ACTION: CPU - Setting CPU[0] to 1401600
I/ThermalEngine(  326): ACTION: CPU - Setting CPU[1] to 1401600
I/ThermalEngine(  326): ACTION: CPU - Setting CPU[2] to 1401600
I/ThermalEngine(  326): ACTION: CPU - Setting CPU[3] to 1401600
I/ThermalEngine(  326): Sensor:tsens_tz_sensor5:66000 mC
W/PackageParser( 1052): Unknown element under <manifest>: receiver at /system/priv-app/Browser/Browser.apk Binary XML file line #60
W/PackageParser( 1052): Unknown element under <manifest>: receiver at /system/priv-app/CustomizeCenter/CustomizeCenter.apk Binary XML file line #61
I/ThermalEngine(  326): Sensor:tsens_tz_sensor1:64000 mC
I/ThermalEngine(  326): ACTION: CPU - Setting CPU[0] to 1497600
I/ThermalEngine(  326): ACTION: CPU - Setting CPU[1] to 1497600
I/ThermalEngine(  326): ACTION: CPU - Setting CPU[2] to 1497600
I/ThermalEngine(  326): ACTION: CPU - Setting CPU[3] to 1497600
I/ThermalEngine(  326): Sensor:tsens_tz_sensor5:65000 mC
W/PackageParser( 1052): Unknown element under <manifest>: receiver at /system/priv-app/Dialer/Dialer.apk Binary XML file line #67
I/ServiceManager(  334): Waiting for service AtCmdFwd...
W/PackageParser( 1052): No actions in intent filter at /system/priv-app/Dialer/Dialer.apk Binary XML file line #156
W/PackageParser( 1052): Unknown element under <manifest>: receiver at /system/priv-app/EBook/EBook.apk Binary XML file line #46
W/PackageParser( 1052): Unknown element under <manifest>: receiver at /system/priv-app/Email/Email.apk Binary XML file line #113
I/ThermalEngine(  326): Sensor:pm8226_tz:59935 mC
W/PackageParser( 1052): Unknown element under <manifest>: receiver at /system/priv-app/FlymeLauncher/FlymeLauncher.apk Binary XML file line #138
W/PackageParser( 1052): Unknown element under <manifest>: receiver at /system/priv-app/Gallery/Gallery.apk Binary XML file line #69
I/ThermalEngine(  326): Sensor:tsens_tz_sensor1:64000 mC
I/ThermalEngine(  326): ACTION: CPU - Setting CPU[0] to 1593600
I/ThermalEngine(  326): ACTION: CPU - Setting CPU[1] to 1593600
I/ThermalEngine(  326): ACTION: CPU - Setting CPU[2] to 1593600
I/ThermalEngine(  326): ACTION: CPU - Setting CPU[3] to 1593600
I/ThermalEngine(  326): Sensor:tsens_tz_sensor5:66000 mC
I/ThermalEngine(  326): ACTION: CPU - Setting CPU[0] to 1497600
I/ThermalEngine(  326): ACTION: CPU - Setting CPU[1] to 1497600
I/ThermalEngine(  326): ACTION: CPU - Setting CPU[2] to 1497600
I/ThermalEngine(  326): ACTION: CPU - Setting CPU[3] to 1497600
W/PackageParser( 1052): No actions in intent filter at /system/priv-app/LogReport/LogReport.apk Binary XML file line #50
W/PackageParser( 1052): No actions in intent filter at /system/priv-app/LogReport/LogReport.apk Binary XML file line #59
W/PackageParser( 1052): No actions in intent filter at /system/priv-app/LogReport/LogReport.apk Binary XML file line #68
W/PackageParser( 1052): No actions in intent filter at /system/priv-app/LogReport/LogReport.apk Binary XML file line #77
W/PackageParser( 1052): Unknown element under <manifest>: receiver at /system/priv-app/Mms/Mms.apk Binary XML file line #76
W/PackageParser( 1052): No actions in intent filter at /system/priv-app/Mms/Mms.apk Binary XML file line #424
W/PackageParser( 1052): Unknown element under <manifest>: receiver at /system/priv-app/Music/Music.apk Binary XML file line #82
W/PackageParser( 1052): Unknown element under <manifest>: receiver at /system/priv-app/MzAccountPlugin/MzAccountPlugin.apk Binary XML file line #55
W/PackageParser( 1052): Unknown element under <manifest>: receiver at /system/priv-app/MzBackup/MzBackup.apk Binary XML file line #60
W/PackageParser( 1052): Unknown element under <manifest>: receiver at /system/priv-app/MzInput/MzInput.apk Binary XML file line #48
I/ThermalEngine(  326): Sensor:tsens_tz_sensor1:66000 mC
I/ThermalEngine(  326): Sensor:tsens_tz_sensor5:66000 mC
I/ThermalEngine(  326): ACTION: CPU - Setting CPU[0] to 1401600
I/ThermalEngine(  326): ACTION: CPU - Setting CPU[1] to 1401600
I/ThermalEngine(  326): ACTION: CPU - Setting CPU[2] to 1401600
I/ThermalEngine(  326): ACTION: CPU - Setting CPU[3] to 1401600
W/PackageParser( 1052): Unknown element under <manifest>: receiver at /system/priv-app/NetContactService/NetContactService.apk Binary XML file line #66
W/PackageParser( 1052): Unknown element under <manifest>: receiver at /system/priv-app/SoundRecorder/SoundRecorder.apk Binary XML file line #75
I/ThermalEngine(  326): Sensor:tsens_tz_sensor1:66000 mC
I/ThermalEngine(  326): Sensor:tsens_tz_sensor5:66000 mC
I/ThermalEngine(  326): ACTION: CPU - Setting CPU[0] to 1344000
I/ThermalEngine(  326): ACTION: CPU - Setting CPU[1] to 1344000
I/ThermalEngine(  326): ACTION: CPU - Setting CPU[2] to 1344000
I/ThermalEngine(  326): ACTION: CPU - Setting CPU[3] to 1344000
W/PackageParser( 1052): No actions in intent filter at /system/priv-app/SystemUI/SystemUI.apk Binary XML file line #172
W/PackageParser( 1052): Unknown element under <intent-filter>: android at /system/priv-app/Telecom/Telecom.apk Binary XML file line #123
W/PackageParser( 1052): Unknown element under <manifest>: receiver at /system/priv-app/Video/Video.apk Binary XML file line #102
W/PackageParser( 1052): Unknown element under <manifest>: receiver at /system/priv-app/VoiceAssistant/VoiceAssistant.apk Binary XML file line #64
D/PackageManager( 1052): No files in app dir /system/app
D/PackageManager( 1052): No files in app dir /system/vendor/app
D/PackageManager( 1052): No files in app dir /oem/app
D/PackageManager( 1052): No files in app dir /data/app
D/PackageManager( 1052): No files in app dir /data/app-private
W/PackageManager( 1052): Package com.meizu.media.gallery desires unavailable shared library com.google.android.media.effects; ignoring!
I/PackageManager( 1052): Adjusting ABI for : com.android.dialer to armeabi-v7a
I/PackageManager( 1052): Running dexopt on: /system/priv-app/Dialer/Dialer.apk pkg=com.android.dialer isa=arm vmSafeMode=false
I/dex2oat ( 1361): /system/bin/dex2oat --zip-fd=5 --zip-location=/system/priv-app/Dialer/Dialer.apk --oat-fd=6 --oat-location=/data/dalvik-cache/arm/system@priv-app@Dialer@Dialer.apk@classes.dex --instruction-set=arm --instruction-set-features=div --runtime-arg -Xms64m --runtime-arg -Xmx512m --swap-fd=7
I/ThermalEngine(  326): Sensor:tsens_tz_sensor1:64000 mC
I/ThermalEngine(  326): Sensor:tsens_tz_sensor5:65000 mC
I/ThermalEngine(  326): ACTION: CPU - Setting CPU[0] to 1401600
I/ThermalEngine(  326): ACTION: CPU - Setting CPU[1] to 1401600
I/ThermalEngine(  326): ACTION: CPU - Setting CPU[2] to 1401600
I/ThermalEngine(  326): ACTION: CPU - Setting CPU[3] to 1401600
I/ServiceManager(  334): Waiting for service AtCmdFwd...
I/ThermalEngine(  326): Sensor:pm8226_tz:59690 mC
I/ThermalEngine(  326): Sensor:tsens_tz_sensor1:63000 mC
I/ThermalEngine(  326): Sensor:tsens_tz_sensor5:65000 mC
I/ThermalEngine(  326): ACTION: CPU - Setting CPU[0] to 1497600
I/ThermalEngine(  326): ACTION: CPU - Setting CPU[1] to 1497600
I/ThermalEngine(  326): ACTION: CPU - Setting CPU[2] to 1497600
I/ThermalEngine(  326): ACTION: CPU - Setting CPU[3] to 1497600
I/dex2oat ( 1361): Decided to run without swap.
I/ThermalEngine(  326): Sensor:tsens_tz_sensor1:64000 mC
I/ThermalEngine(  326): Sensor:tsens_tz_sensor5:66000 mC
I/ThermalEngine(  326): ACTION: CPU - Setting CPU[0] to 1401600
I/ThermalEngine(  326): ACTION: CPU - Setting CPU[1] to 1401600
I/ThermalEngine(  326): ACTION: CPU - Setting CPU[2] to 1401600
I/ThermalEngine(  326): ACTION: CPU - Setting CPU[3] to 1401600
I/ThermalEngine(  326): Sensor:tsens_tz_sensor1:66000 mC
I/ThermalEngine(  326): Sensor:tsens_tz_sensor5:67000 mC
I/ThermalEngine(  326): ACTION: CPU - Setting CPU[0] to 1344000
I/ThermalEngine(  326): ACTION: CPU - Setting CPU[1] to 1344000
I/ThermalEngine(  326): ACTION: CPU - Setting CPU[2] to 1344000
I/ThermalEngine(  326): ACTION: CPU - Setting CPU[3] to 1344000
W/dex2oat ( 1361): Before Android 4.1, method void com.meizu.common.preference.SwitchPreference.syncSummaryView(android.view.View) would have incorrectly overridden the package-private method in android.preference.TwoStatePreference
I/ThermalEngine(  326): Sensor:tsens_tz_sensor1:66000 mC
I/ThermalEngine(  326): Sensor:tsens_tz_sensor5:67000 mC
I/ThermalEngine(  326): ACTION: CPU - Setting CPU[0] to 1305600
I/ThermalEngine(  326): ACTION: CPU - Setting CPU[1] to 1305600
I/ThermalEngine(  326): ACTION: CPU - Setting CPU[2] to 1305600
I/ThermalEngine(  326): ACTION: CPU - Setting CPU[3] to 1305600
I/ServiceManager(  334): Waiting for service AtCmdFwd...
I/ThermalEngine(  326): Sensor:pm8226_tz:60082 mC
I/ThermalEngine(  326): Sensor:tsens_tz_sensor1:67000 mC
I/ThermalEngine(  326): Sensor:tsens_tz_sensor5:67000 mC
I/ThermalEngine(  326): ACTION: CPU - Setting CPU[0] to 1190400
I/ThermalEngine(  326): ACTION: CPU - Setting CPU[1] to 1190400
I/ThermalEngine(  326): ACTION: CPU - Setting CPU[2] to 1190400
I/ThermalEngine(  326): ACTION: CPU - Setting CPU[3] to 1190400
I/ThermalEngine(  326): Sensor:tsens_tz_sensor1:68000 mC
I/ThermalEngine(  326): Sensor:tsens_tz_sensor5:66000 mC
I/ThermalEngine(  326): ACTION: CPU - Setting CPU[0] to 1094400
I/ThermalEngine(  326): ACTION: CPU - Setting CPU[1] to 1094400
I/ThermalEngine(  326): ACTION: CPU - Setting CPU[2] to 1094400
I/ThermalEngine(  326): ACTION: CPU - Setting CPU[3] to 1094400
I/ThermalEngine(  326): Sensor:tsens_tz_sensor1:67000 mC
I/ThermalEngine(  326): Sensor:tsens_tz_sensor5:65000 mC
I/ThermalEngine(  326): ACTION: CPU - Setting CPU[0] to 1190400
I/ThermalEngine(  326): ACTION: CPU - Setting CPU[1] to 1190400
I/ThermalEngine(  326): ACTION: CPU - Setting CPU[2] to 1190400
I/ThermalEngine(  326): ACTION: CPU - Setting CPU[3] to 1190400
I/ThermalEngine(  326): Sensor:tsens_tz_sensor1:68000 mC
I/ThermalEngine(  326): ACTION: CPU - Setting CPU[0] to 1094400
I/ThermalEngine(  326): ACTION: CPU - Setting CPU[1] to 1094400
I/ThermalEngine(  326): ACTION: CPU - Setting CPU[2] to 1094400
I/ThermalEngine(  326): ACTION: CPU - Setting CPU[3] to 1094400
I/ThermalEngine(  326): Sensor:tsens_tz_sensor5:66000 mC
W/Atfwd_Sendcmd(  334): AtCmdFwd service not published, waiting... retryCnt : 2
I/ThermalEngine(  326): Sensor:pm8226_tz:60082 mC
I/ThermalEngine(  326): Sensor:tsens_tz_sensor1:68000 mC
I/ThermalEngine(  326): ACTION: CPU - Setting CPU[0] to 998400
I/ThermalEngine(  326): ACTION: CPU - Setting CPU[1] to 998400
I/ThermalEngine(  326): ACTION: CPU - Setting CPU[2] to 998400
I/ThermalEngine(  326): ACTION: CPU - Setting CPU[3] to 998400
I/ThermalEngine(  326): Sensor:tsens_tz_sensor5:66000 mC
I/ThermalEngine(  326): Sensor:tsens_tz_sensor1:67000 mC
I/ThermalEngine(  326): ACTION: CPU - Setting CPU[0] to 787200
I/ThermalEngine(  326): ACTION: CPU - Setting CPU[1] to 787200
I/ThermalEngine(  326): ACTION: CPU - Setting CPU[2] to 787200
I/ThermalEngine(  326): ACTION: CPU - Setting CPU[3] to 787200
I/ThermalEngine(  326): Sensor:tsens_tz_sensor5:66000 mC
E/QCALOG  (  427): [MessageQ] ProcessNewMessage: [XTWiFi-PE] unknown deliver target [OS-Agent]
E/QCALOG  (  427): [MessageQ] ProcessNewMessage: [XT-CS] unknown deliver target [OS-Agent]
E/QCALOG  (  427): [MessageQ] ProcessNewMessage: [XTWWAN-PE] unknown deliver target [OS-Agent]
I/ThermalEngine(  326): Sensor:tsens_tz_sensor1:65000 mC
I/ThermalEngine(  326): Sensor:tsens_tz_sensor5:64000 mC
I/ThermalEngine(  326): ACTION: CPU - Setting CPU[0] to 998400
I/ThermalEngine(  326): ACTION: CPU - Setting CPU[1] to 998400
I/ThermalEngine(  326): ACTION: CPU - Setting CPU[2] to 998400
I/ThermalEngine(  326): ACTION: CPU - Setting CPU[3] to 998400
I/ThermalEngine(  326): Sensor:tsens_tz_sensor1:66000 mC
I/ThermalEngine(  326): ACTION: CPU - Setting CPU[0] to 787200
I/ThermalEngine(  326): ACTION: CPU - Setting CPU[1] to 787200
I/ThermalEngine(  326): ACTION: CPU - Setting CPU[2] to 787200
I/ThermalEngine(  326): ACTION: CPU - Setting CPU[3] to 787200
I/ThermalEngine(  326): Sensor:tsens_tz_sensor5:65000 mC
I/ThermalEngine(  326): Sensor:pm8226_tz:59494 mC
I/ThermalEngine(  326): Sensor:tsens_tz_sensor1:64000 mC
I/ThermalEngine(  326): ACTION: CPU - Setting CPU[0] to 998400
I/ThermalEngine(  326): ACTION: CPU - Setting CPU[1] to 998400
I/ThermalEngine(  326): ACTION: CPU - Setting CPU[2] to 998400
I/ThermalEngine(  326): ACTION: CPU - Setting CPU[3] to 998400
I/ThermalEngine(  326): Sensor:tsens_tz_sensor5:64000 mC
I/ThermalEngine(  326): Sensor:tsens_tz_sensor1:64000 mC
I/ThermalEngine(  326): ACTION: CPU - Setting CPU[0] to 1094400
I/ThermalEngine(  326): ACTION: CPU - Setting CPU[1] to 1094400
I/ThermalEngine(  326): ACTION: CPU - Setting CPU[2] to 1094400
I/ThermalEngine(  326): ACTION: CPU - Setting CPU[3] to 1094400
I/ThermalEngine(  326): Sensor:tsens_tz_sensor5:64000 mC
I/ThermalEngine(  326): Sensor:tsens_tz_sensor1:66000 mC
I/ThermalEngine(  326): ACTION: CPU - Setting CPU[0] to 998400
I/ThermalEngine(  326): ACTION: CPU - Setting CPU[1] to 998400
I/ThermalEngine(  326): ACTION: CPU - Setting CPU[2] to 998400
I/ThermalEngine(  326): ACTION: CPU - Setting CPU[3] to 998400
I/ThermalEngine(  326): Sensor:tsens_tz_sensor5:65000 mC
I/ThermalEngine(  326): Sensor:tsens_tz_sensor1:66000 mC
I/ThermalEngine(  326): ACTION: CPU - Setting CPU[0] to 787200
I/ThermalEngine(  326): ACTION: CPU - Setting CPU[1] to 787200
I/ThermalEngine(  326): ACTION: CPU - Setting CPU[2] to 787200
I/ThermalEngine(  326): ACTION: CPU - Setting CPU[3] to 787200
I/ThermalEngine(  326): Sensor:tsens_tz_sensor5:65000 mC
I/ThermalEngine(  326): Sensor:pm8226_tz:59592 mC
I/ThermalEngine(  326): Sensor:tsens_tz_sensor1:64000 mC
I/ThermalEngine(  326): ACTION: CPU - Setting CPU[0] to 998400
I/ThermalEngine(  326): ACTION: CPU - Setting CPU[1] to 998400
I/ThermalEngine(  326): ACTION: CPU - Setting CPU[2] to 998400
I/ThermalEngine(  326): ACTION: CPU - Setting CPU[3] to 998400
I/ThermalEngine(  326): Sensor:tsens_tz_sensor5:64000 mC
I/ThermalEngine(  326): Sensor:tsens_tz_sensor1:65000 mC
I/ThermalEngine(  326): ACTION: CPU - Setting CPU[0] to 1094400
I/ThermalEngine(  326): ACTION: CPU - Setting CPU[1] to 1094400
I/ThermalEngine(  326): ACTION: CPU - Setting CPU[2] to 1094400
I/ThermalEngine(  326): ACTION: CPU - Setting CPU[3] to 1094400
I/ThermalEngine(  326): Sensor:tsens_tz_sensor5:65000 mC
I/ThermalEngine(  326): Sensor:tsens_tz_sensor1:65000 mC
I/ThermalEngine(  326): ACTION: CPU - Setting CPU[0] to 1190400
I/ThermalEngine(  326): ACTION: CPU - Setting CPU[1] to 1190400
I/ThermalEngine(  326): ACTION: CPU - Setting CPU[2] to 1190400
I/ThermalEngine(  326): ACTION: CPU - Setting CPU[3] to 1190400
I/ThermalEngine(  326): Sensor:tsens_tz_sensor5:65000 mC
I/ThermalEngine(  326): Sensor:tsens_tz_sensor1:68000 mC
I/ThermalEngine(  326): ACTION: CPU - Setting CPU[0] to 1094400
I/ThermalEngine(  326): ACTION: CPU - Setting CPU[1] to 1094400
I/ThermalEngine(  326): ACTION: CPU - Setting CPU[2] to 1094400
I/ThermalEngine(  326): ACTION: CPU - Setting CPU[3] to 1094400
I/ThermalEngine(  326): Sensor:tsens_tz_sensor5:66000 mC
I/dex2oat ( 1361): Method exceeds compiler instruction limit: 30123 in android.util.SparseArray com.meizu.dialer.a.c.a()
I/ThermalEngine(  326): Sensor:pm8226_tz:60424 mC
I/ThermalEngine(  326): Sensor:tsens_tz_sensor1:68000 mC
I/ThermalEngine(  326): ACTION: CPU - Setting CPU[0] to 998400
I/ThermalEngine(  326): ACTION: CPU - Setting CPU[1] to 998400
I/ThermalEngine(  326): ACTION: CPU - Setting CPU[2] to 998400
I/ThermalEngine(  326): ACTION: CPU - Setting CPU[3] to 998400
I/ThermalEngine(  326): Sensor:tsens_tz_sensor5:66000 mC
I/ThermalEngine(  326): Sensor:tsens_tz_sensor1:67000 mC
I/ThermalEngine(  326): ACTION: CPU - Setting CPU[0] to 787200
I/ThermalEngine(  326): ACTION: CPU - Setting CPU[1] to 787200
I/ThermalEngine(  326): ACTION: CPU - Setting CPU[2] to 787200
I/ThermalEngine(  326): ACTION: CPU - Setting CPU[3] to 787200
I/ThermalEngine(  326): Sensor:tsens_tz_sensor5:66000 mC
I/ThermalEngine(  326): Sensor:tsens_tz_sensor1:62000 mC
I/ThermalEngine(  326): ACTION: CPU - Setting CPU[0] to 998400
I/ThermalEngine(  326): ACTION: CPU - Setting CPU[1] to 998400
I/ThermalEngine(  326): ACTION: CPU - Setting CPU[2] to 998400
I/ThermalEngine(  326): ACTION: CPU - Setting CPU[3] to 998400
I/ThermalEngine(  326): Sensor:tsens_tz_sensor5:63000 mC
I/ThermalEngine(  326): Sensor:tsens_tz_sensor1:62000 mC
I/ThermalEngine(  326): ACTION: CPU - Setting CPU[0] to 1094400
I/ThermalEngine(  326): ACTION: CPU - Setting CPU[1] to 1094400
I/ThermalEngine(  326): ACTION: CPU - Setting CPU[2] to 1094400
I/ThermalEngine(  326): ACTION: CPU - Setting CPU[3] to 1094400
I/ThermalEngine(  326): Sensor:tsens_tz_sensor5:63000 mC
I/ThermalEngine(  326): Sensor:pm8226_tz:59250 mC
I/ThermalEngine(  326): Sensor:tsens_tz_sensor1:61000 mC
I/ThermalEngine(  326): ACTION: CPU - Setting CPU[0] to 1190400
I/ThermalEngine(  326): ACTION: CPU - Setting CPU[1] to 1190400
I/ThermalEngine(  326): ACTION: CPU - Setting CPU[2] to 1190400
I/ThermalEngine(  326): ACTION: CPU - Setting CPU[3] to 1190400
I/ThermalEngine(  326): Sensor:tsens_tz_sensor5:63000 mC
I/ThermalEngine(  326): Sensor:tsens_tz_sensor1:61000 mC
I/ThermalEngine(  326): ACTION: CPU - Setting CPU[0] to 1305600
I/ThermalEngine(  326): ACTION: CPU - Setting CPU[1] to 1305600
I/ThermalEngine(  326): ACTION: CPU - Setting CPU[2] to 1305600
I/ThermalEngine(  326): ACTION: CPU - Setting CPU[3] to 1305600
I/ThermalEngine(  326): Sensor:tsens_tz_sensor5:62000 mC
I/ThermalEngine(  326): Sensor:tsens_tz_sensor1:61000 mC
I/ThermalEngine(  326): ACTION: CPU - Setting CPU[0] to 1344000
I/ThermalEngine(  326): ACTION: CPU - Setting CPU[1] to 1344000
I/ThermalEngine(  326): ACTION: CPU - Setting CPU[2] to 1344000
I/ThermalEngine(  326): ACTION: CPU - Setting CPU[3] to 1344000
I/ThermalEngine(  326): Sensor:tsens_tz_sensor5:62000 mC
I/dex2oat ( 1361): dex2oat took 6.800s (threads: 4) arena alloc=153KB java alloc=10MB native alloc=14MB free=9MB
I/PackageManager( 1052): Adjusting ABI for : flyme to armeabi-v7a
E/installd(  313): invalid apk path '/system/framework/flyme-res' (bad prefix)
I/PackageManager( 1052): Adjusting ABI for : com.android.providers.settings to armeabi-v7a
I/PackageManager( 1052): Running dexopt on: /system/priv-app/SettingsProvider/SettingsProvider.apk pkg=com.android.providers.settings isa=arm vmSafeMode=false
I/dex2oat ( 1367): /system/bin/dex2oat --zip-fd=5 --zip-location=/system/priv-app/SettingsProvider/SettingsProvider.apk --oat-fd=6 --oat-location=/data/dalvik-cache/arm/system@priv-app@SettingsProvider@SettingsProvider.apk@classes.dex --instruction-set=arm --instruction-set-features=div --runtime-arg -Xms64m --runtime-arg -Xmx512m --swap-fd=7
I/dex2oat ( 1367): Decided to run without swap.
I/ThermalEngine(  326): Sensor:tsens_tz_sensor1:64000 mC
I/ThermalEngine(  326): ACTION: CPU - Setting CPU[0] to 1401600
I/ThermalEngine(  326): ACTION: CPU - Setting CPU[1] to 1401600
I/ThermalEngine(  326): ACTION: CPU - Setting CPU[2] to 1401600
I/ThermalEngine(  326): ACTION: CPU - Setting CPU[3] to 1401600
I/ThermalEngine(  326): Sensor:tsens_tz_sensor5:65000 mC
I/dex2oat ( 1367): dex2oat took 203.236ms (threads: 4) arena alloc=2MB java alloc=118KB native alloc=3MB free=4MB
I/PackageManager( 1052): Adjusting ABI for : com.android.server.telecom to armeabi-v7a
I/PackageManager( 1052): Running dexopt on: /system/priv-app/Telecom/Telecom.apk pkg=com.android.server.telecom isa=arm vmSafeMode=false
I/dex2oat ( 1372): /system/bin/dex2oat --zip-fd=5 --zip-location=/system/priv-app/Telecom/Telecom.apk --oat-fd=6 --oat-location=/data/dalvik-cache/arm/system@priv-app@Telecom@Telecom.apk@classes.dex --instruction-set=arm --instruction-set-features=div --runtime-arg -Xms64m --runtime-arg -Xmx512m --swap-fd=7
I/dex2oat ( 1372): Decided to run without swap.
I/ThermalEngine(  326): Sensor:pm8226_tz:60179 mC
I/ThermalEngine(  326): Sensor:tsens_tz_sensor1:64000 mC
I/ThermalEngine(  326): ACTION: CPU - Setting CPU[0] to 1497600
I/ThermalEngine(  326): ACTION: CPU - Setting CPU[1] to 1497600
I/ThermalEngine(  326): ACTION: CPU - Setting CPU[2] to 1497600
I/ThermalEngine(  326): ACTION: CPU - Setting CPU[3] to 1497600
I/ThermalEngine(  326): Sensor:tsens_tz_sensor5:65000 mC
I/ThermalEngine(  326): Sensor:tsens_tz_sensor1:68000 mC
