I/ThermalEngine(  326): Sensor:tsens_tz_sensor1:64000 mC
I/ThermalEngine(  326): ACTION: CPU - Setting CPU[0] to 1094400
I/ThermalEngine(  326): ACTION: CPU - Setting CPU[1] to 1094400
I/ThermalEngine(  326): ACTION: CPU - Setting CPU[2] to 1094400
I/ThermalEngine(  326): ACTION: CPU - Setting CPU[3] to 1094400
I/ThermalEngine(  326): Sensor:tsens_tz_sensor5:63000 mC
I/ThermalEngine(  326): Sensor:tsens_tz_sensor1:65000 mC
I/ThermalEngine(  326): ACTION: CPU - Setting CPU[0] to 1190400
I/ThermalEngine(  326): ACTION: CPU - Setting CPU[1] to 1190400
I/ThermalEngine(  326): ACTION: CPU - Setting CPU[2] to 1190400
I/ThermalEngine(  326): ACTION: CPU - Setting CPU[3] to 1190400
I/ThermalEngine(  326): Sensor:tsens_tz_sensor5:65000 mC
I/ThermalEngine(  326): Sensor:tsens_tz_sensor1:68000 mC
I/ThermalEngine(  326): ACTION: CPU - Setting CPU[0] to 1094400
I/ThermalEngine(  326): ACTION: CPU - Setting CPU[1] to 1094400
I/ThermalEngine(  326): ACTION: CPU - Setting CPU[2] to 1094400
I/ThermalEngine(  326): ACTION: CPU - Setting CPU[3] to 1094400
I/ThermalEngine(  326): Sensor:tsens_tz_sensor5:66000 mC
I/ThermalEngine(  326): Sensor:tsens_tz_sensor1:68000 mC
I/ThermalEngine(  326): ACTION: CPU - Setting CPU[0] to 998400
I/ThermalEngine(  326): ACTION: CPU - Setting CPU[1] to 998400
I/ThermalEngine(  326): ACTION: CPU - Setting CPU[2] to 998400
I/ThermalEngine(  326): ACTION: CPU - Setting CPU[3] to 998400
I/ThermalEngine(  326): Sensor:tsens_tz_sensor5:66000 mC
I/ThermalEngine(  326): Sensor:pm8226_tz:59984 mC
I/ThermalEngine(  326): Sensor:tsens_tz_sensor1:68000 mC
I/ThermalEngine(  326): ACTION: CPU - Setting CPU[0] to 787200
I/ThermalEngine(  326): ACTION: CPU - Setting CPU[1] to 787200
I/ThermalEngine(  326): ACTION: CPU - Setting CPU[2] to 787200
I/ThermalEngine(  326): ACTION: CPU - Setting CPU[3] to 787200
I/ThermalEngine(  326): Sensor:tsens_tz_sensor5:66000 mC
W/dex2oat ( 1549): Compilation of void com.android.email.EasSyncService.run() took 102.548ms
I/ThermalEngine(  326): Sensor:tsens_tz_sensor1:67000 mC
I/ThermalEngine(  326): ACTION: CPU - Setting CPU[0] to 600000
I/ThermalEngine(  326): ACTION: CPU - Setting CPU[1] to 600000
I/ThermalEngine(  326): ACTION: CPU - Setting CPU[2] to 600000
I/ThermalEngine(  326): ACTION: CPU - Setting CPU[3] to 600000
I/ThermalEngine(  326): Sensor:tsens_tz_sensor5:66000 mC
I/ThermalEngine(  326): Sensor:tsens_tz_sensor1:64000 mC
I/ThermalEngine(  326): ACTION: CPU - Setting CPU[0] to 787200
I/ThermalEngine(  326): ACTION: CPU - Setting CPU[1] to 787200
I/ThermalEngine(  326): ACTION: CPU - Setting CPU[2] to 787200
I/ThermalEngine(  326): ACTION: CPU - Setting CPU[3] to 787200
I/ThermalEngine(  326): Sensor:tsens_tz_sensor5:64000 mC
I/ThermalEngine(  326): Sensor:tsens_tz_sensor1:64000 mC
I/ThermalEngine(  326): ACTION: CPU - Setting CPU[0] to 998400
I/ThermalEngine(  326): ACTION: CPU - Setting CPU[1] to 998400
I/ThermalEngine(  326): ACTION: CPU - Setting CPU[2] to 998400
I/ThermalEngine(  326): ACTION: CPU - Setting CPU[3] to 998400
I/ThermalEngine(  326): Sensor:tsens_tz_sensor5:63000 mC
I/ThermalEngine(  326): Sensor:pm8226_tz:59641 mC
I/ThermalEngine(  326): Sensor:tsens_tz_sensor1:66000 mC
I/ThermalEngine(  326): ACTION: CPU - Setting CPU[0] to 787200
I/ThermalEngine(  326): ACTION: CPU - Setting CPU[1] to 787200
I/ThermalEngine(  326): ACTION: CPU - Setting CPU[2] to 787200
I/ThermalEngine(  326): ACTION: CPU - Setting CPU[3] to 787200
I/ThermalEngine(  326): Sensor:tsens_tz_sensor5:65000 mC
I/ThermalEngine(  326): Sensor:tsens_tz_sensor1:66000 mC
I/ThermalEngine(  326): ACTION: CPU - Setting CPU[0] to 600000
I/ThermalEngine(  326): ACTION: CPU - Setting CPU[1] to 600000
I/ThermalEngine(  326): ACTION: CPU - Setting CPU[2] to 600000
I/ThermalEngine(  326): ACTION: CPU - Setting CPU[3] to 600000
I/ThermalEngine(  326): Sensor:tsens_tz_sensor5:65000 mC
I/ThermalEngine(  326): Sensor:tsens_tz_sensor1:64000 mC
I/ThermalEngine(  326): ACTION: CPU - Setting CPU[0] to 787200
I/ThermalEngine(  326): ACTION: CPU - Setting CPU[1] to 787200
I/ThermalEngine(  326): ACTION: CPU - Setting CPU[2] to 787200
I/ThermalEngine(  326): ACTION: CPU - Setting CPU[3] to 787200
I/ThermalEngine(  326): Sensor:tsens_tz_sensor5:63000 mC
I/ThermalEngine(  326): Sensor:tsens_tz_sensor1:63000 mC
I/ThermalEngine(  326): ACTION: CPU - Setting CPU[0] to 998400
I/ThermalEngine(  326): ACTION: CPU - Setting CPU[1] to 998400
I/ThermalEngine(  326): ACTION: CPU - Setting CPU[2] to 998400
I/ThermalEngine(  326): ACTION: CPU - Setting CPU[3] to 998400
I/ThermalEngine(  326): Sensor:tsens_tz_sensor5:63000 mC
I/ThermalEngine(  326): Sensor:pm8226_tz:59494 mC
E/QCALOG  (  427): [MessageQ] ProcessNewMessage: [XTWiFi-PE] unknown deliver target [OS-Agent]
E/QCALOG  (  427): [MessageQ] ProcessNewMessage: [XT-CS] unknown deliver target [OS-Agent]
E/QCALOG  (  427): [MessageQ] ProcessNewMessage: [XTWWAN-PE] unknown deliver target [OS-Agent]
I/ThermalEngine(  326): Sensor:tsens_tz_sensor1:65000 mC
I/ThermalEngine(  326): ACTION: CPU - Setting CPU[0] to 1094400
I/ThermalEngine(  326): ACTION: CPU - Setting CPU[1] to 1094400
I/ThermalEngine(  326): ACTION: CPU - Setting CPU[2] to 1094400
I/ThermalEngine(  326): ACTION: CPU - Setting CPU[3] to 1094400
I/ThermalEngine(  326): Sensor:tsens_tz_sensor5:64000 mC
I/ThermalEngine(  326): Sensor:tsens_tz_sensor1:66000 mC
I/ThermalEngine(  326): ACTION: CPU - Setting CPU[0] to 998400
I/ThermalEngine(  326): ACTION: CPU - Setting CPU[1] to 998400
I/ThermalEngine(  326): ACTION: CPU - Setting CPU[2] to 998400
I/ThermalEngine(  326): ACTION: CPU - Setting CPU[3] to 998400
I/ThermalEngine(  326): Sensor:tsens_tz_sensor5:65000 mC
I/ThermalEngine(  326): Sensor:tsens_tz_sensor1:66000 mC
I/ThermalEngine(  326): ACTION: CPU - Setting CPU[0] to 787200
I/ThermalEngine(  326): ACTION: CPU - Setting CPU[1] to 787200
I/ThermalEngine(  326): ACTION: CPU - Setting CPU[2] to 787200
I/ThermalEngine(  326): ACTION: CPU - Setting CPU[3] to 787200
I/ThermalEngine(  326): Sensor:tsens_tz_sensor5:65000 mC
I/ThermalEngine(  326): Sensor:tsens_tz_sensor1:66000 mC
I/ThermalEngine(  326): ACTION: CPU - Setting CPU[0] to 600000
I/ThermalEngine(  326): ACTION: CPU - Setting CPU[1] to 600000
I/ThermalEngine(  326): ACTION: CPU - Setting CPU[2] to 600000
I/ThermalEngine(  326): ACTION: CPU - Setting CPU[3] to 600000
I/ThermalEngine(  326): Sensor:tsens_tz_sensor5:65000 mC
I/ThermalEngine(  326): Sensor:pm8226_tz:59005 mC
I/ThermalEngine(  326): Sensor:tsens_tz_sensor1:63000 mC
I/ThermalEngine(  326): ACTION: CPU - Setting CPU[0] to 787200
I/ThermalEngine(  326): ACTION: CPU - Setting CPU[1] to 787200
I/ThermalEngine(  326): ACTION: CPU - Setting CPU[2] to 787200
I/ThermalEngine(  326): ACTION: CPU - Setting CPU[3] to 787200
I/ThermalEngine(  326): Sensor:tsens_tz_sensor5:63000 mC
I/ThermalEngine(  326): Sensor:tsens_tz_sensor1:63000 mC
I/ThermalEngine(  326): ACTION: CPU - Setting CPU[0] to 998400
I/ThermalEngine(  326): ACTION: CPU - Setting CPU[1] to 998400
I/ThermalEngine(  326): ACTION: CPU - Setting CPU[2] to 998400
I/ThermalEngine(  326): ACTION: CPU - Setting CPU[3] to 998400
I/ThermalEngine(  326): Sensor:tsens_tz_sensor5:63000 mC
I/ThermalEngine(  326): Sensor:tsens_tz_sensor1:62000 mC
I/ThermalEngine(  326): ACTION: CPU - Setting CPU[0] to 1094400
I/ThermalEngine(  326): ACTION: CPU - Setting CPU[1] to 1094400
I/ThermalEngine(  326): ACTION: CPU - Setting CPU[2] to 1094400
I/ThermalEngine(  326): ACTION: CPU - Setting CPU[3] to 1094400
I/ThermalEngine(  326): Sensor:tsens_tz_sensor5:63000 mC
I/ThermalEngine(  326): Sensor:tsens_tz_sensor1:62000 mC
I/ThermalEngine(  326): ACTION: CPU - Setting CPU[0] to 1190400
I/ThermalEngine(  326): ACTION: CPU - Setting CPU[1] to 1190400
I/ThermalEngine(  326): ACTION: CPU - Setting CPU[2] to 1190400
I/ThermalEngine(  326): ACTION: CPU - Setting CPU[3] to 1190400
I/ThermalEngine(  326): Sensor:tsens_tz_sensor5:63000 mC
I/ThermalEngine(  326): Sensor:pm8226_tz:58810 mC
I/ThermalEngine(  326): Sensor:tsens_tz_sensor1:61000 mC
I/ThermalEngine(  326): ACTION: CPU - Setting CPU[0] to 1305600
I/ThermalEngine(  326): ACTION: CPU - Setting CPU[1] to 1305600
I/ThermalEngine(  326): ACTION: CPU - Setting CPU[2] to 1305600
I/ThermalEngine(  326): ACTION: CPU - Setting CPU[3] to 1305600
I/ThermalEngine(  326): Sensor:tsens_tz_sensor5:63000 mC
I/ThermalEngine(  326): Sensor:tsens_tz_sensor1:61000 mC
I/ThermalEngine(  326): ACTION: CPU - Setting CPU[0] to 1344000
I/ThermalEngine(  326): ACTION: CPU - Setting CPU[1] to 1344000
I/ThermalEngine(  326): ACTION: CPU - Setting CPU[2] to 1344000
I/ThermalEngine(  326): ACTION: CPU - Setting CPU[3] to 1344000
I/ThermalEngine(  326): Sensor:tsens_tz_sensor5:62000 mC
I/ThermalEngine(  326): Sensor:tsens_tz_sensor1:61000 mC
I/ThermalEngine(  326): ACTION: CPU - Setting CPU[0] to 1401600
I/ThermalEngine(  326): ACTION: CPU - Setting CPU[1] to 1401600
I/ThermalEngine(  326): ACTION: CPU - Setting CPU[2] to 1401600
I/ThermalEngine(  326): ACTION: CPU - Setting CPU[3] to 1401600
I/ThermalEngine(  326): Sensor:tsens_tz_sensor5:61000 mC
I/ThermalEngine(  326): Sensor:tsens_tz_sensor1:61000 mC
I/ThermalEngine(  326): ACTION: CPU - Setting CPU[0] to 1497600
I/ThermalEngine(  326): ACTION: CPU - Setting CPU[1] to 1497600
I/ThermalEngine(  326): ACTION: CPU - Setting CPU[2] to 1497600
I/ThermalEngine(  326): ACTION: CPU - Setting CPU[3] to 1497600
I/ThermalEngine(  326): Sensor:tsens_tz_sensor5:61000 mC
I/dex2oat ( 1549): dex2oat took 8.585s (threads: 4) arena alloc=1382KB java alloc=13MB native alloc=19MB free=8MB
I/PackageManager( 1052): Running dexopt on: /system/priv-app/VpnDialogs/VpnDialogs.apk pkg=com.android.vpndialogs isa=arm vmSafeMode=false
I/dex2oat ( 1555): /system/bin/dex2oat --zip-fd=5 --zip-location=/system/priv-app/VpnDialogs/VpnDialogs.apk --oat-fd=6 --oat-location=/data/dalvik-cache/arm/system@priv-app@VpnDialogs@VpnDialogs.apk@classes.dex --instruction-set=arm --instruction-set-features=div --runtime-arg -Xms64m --runtime-arg -Xmx512m --swap-fd=7
I/ThermalEngine(  326): Sensor:pm8226_tz:59446 mC
I/dex2oat ( 1555): Decided to run without swap.
I/ThermalEngine(  326): Sensor:tsens_tz_sensor1:61000 mC
I/ThermalEngine(  326): ACTION: CPU - Setting CPU[0] to 1593600
I/ThermalEngine(  326): ACTION: CPU - Setting CPU[1] to 1593600
I/ThermalEngine(  326): ACTION: CPU - Setting CPU[2] to 1593600
I/ThermalEngine(  326): ACTION: CPU - Setting CPU[3] to 1593600
I/ThermalEngine(  326): Sensor:tsens_tz_sensor5:61000 mC
I/dex2oat ( 1555): dex2oat took 219.383ms (threads: 4) arena alloc=115KB java alloc=499KB native alloc=1916KB free=6MB
I/PackageManager( 1052): Running dexopt on: /system/priv-app/AMapNetworkLocation_meizu/AMapNetworkLocation_meizu.apk pkg=com.amap.android.location isa=arm vmSafeMode=false
I/dex2oat ( 1560): /system/bin/dex2oat --zip-fd=5 --zip-location=/system/priv-app/AMapNetworkLocation_meizu/AMapNetworkLocation_meizu.apk --oat-fd=6 --oat-location=/data/dalvik-cache/arm/system@priv-app@AMapNetworkLocation_meizu@AMapNetworkLocation_meizu.apk@classes.dex --instruction-set=arm --instruction-set-features=div --runtime-arg -Xms64m --runtime-arg -Xmx512m --swap-fd=7
I/dex2oat ( 1560): Decided to run without swap.
I/ThermalEngine(  326): Sensor:tsens_tz_sensor1:69000 mC
I/ThermalEngine(  326): ACTION: CPU - Setting CPU[0] to 1497600
I/ThermalEngine(  326): ACTION: CPU - Setting CPU[1] to 1497600
I/ThermalEngine(  326): ACTION: CPU - Setting CPU[2] to 1497600
I/ThermalEngine(  326): ACTION: CPU - Setting CPU[3] to 1497600
I/ThermalEngine(  326): Sensor:tsens_tz_sensor5:67000 mC
I/ThermalEngine(  326): Sensor:tsens_tz_sensor1:73000 mC
I/ThermalEngine(  326): ACTION: CPU - Setting CPU[0] to 1401600
I/ThermalEngine(  326): ACTION: CPU - Setting CPU[1] to 1401600
I/ThermalEngine(  326): ACTION: CPU - Setting CPU[2] to 1401600
I/ThermalEngine(  326): ACTION: CPU - Setting CPU[3] to 1401600
I/ThermalEngine(  326): Sensor:tsens_tz_sensor5:70000 mC
I/dex2oat ( 1560): dex2oat took 426.620ms (threads: 4) arena alloc=533KB java alloc=568KB native alloc=3MB free=4MB
I/PackageManager( 1052): Running dexopt on: /system/priv-app/CustomizeCenter/CustomizeCenter.apk pkg=com.meizu.customizecenter isa=arm vmSafeMode=false
I/dex2oat ( 1565): /system/bin/dex2oat --zip-fd=5 --zip-location=/system/priv-app/CustomizeCenter/CustomizeCenter.apk --oat-fd=6 --oat-location=/data/dalvik-cache/arm/system@priv-app@CustomizeCenter@CustomizeCenter.apk@classes.dex --instruction-set=arm --instruction-set-features=div --runtime-arg -Xms64m --runtime-arg -Xmx512m --swap-fd=7
I/ThermalEngine(  326): Sensor:tsens_tz_sensor1:68000 mC
I/ThermalEngine(  326): ACTION: CPU - Setting CPU[0] to 1344000
I/ThermalEngine(  326): ACTION: CPU - Setting CPU[1] to 1344000
I/ThermalEngine(  326): ACTION: CPU - Setting CPU[2] to 1344000
I/ThermalEngine(  326): ACTION: CPU - Setting CPU[3] to 1344000
I/ThermalEngine(  326): Sensor:tsens_tz_sensor5:66000 mC
I/ThermalEngine(  326): Sensor:pm8226_tz:59494 mC
I/ThermalEngine(  326): Sensor:tsens_tz_sensor1:66000 mC
I/ThermalEngine(  326): ACTION: CPU - Setting CPU[0] to 1305600
I/ThermalEngine(  326): ACTION: CPU - Setting CPU[1] to 1305600
I/ThermalEngine(  326): ACTION: CPU - Setting CPU[2] to 1305600
I/ThermalEngine(  326): ACTION: CPU - Setting CPU[3] to 1305600
I/ThermalEngine(  326): Sensor:tsens_tz_sensor5:64000 mC
I/dex2oat ( 1565): Decided to run without swap.
W/dex2oat ( 1565): Before Android 4.1, method int android.support.v7.internal.widget.ListViewCompat.lookForSelectablePosition(int, boolean) would have incorrectly overridden the package-private method in android.widget.ListView
I/ThermalEngine(  326): Sensor:tsens_tz_sensor1:66000 mC
I/ThermalEngine(  326): ACTION: CPU - Setting CPU[0] to 1190400
I/ThermalEngine(  326): ACTION: CPU - Setting CPU[1] to 1190400
I/ThermalEngine(  326): ACTION: CPU - Setting CPU[2] to 1190400
I/ThermalEngine(  326): ACTION: CPU - Setting CPU[3] to 1190400
I/ThermalEngine(  326): Sensor:tsens_tz_sensor5:64000 mC
I/ThermalEngine(  326): Sensor:tsens_tz_sensor1:68000 mC
I/ThermalEngine(  326): ACTION: CPU - Setting CPU[0] to 1094400
I/ThermalEngine(  326): ACTION: CPU - Setting CPU[1] to 1094400
I/ThermalEngine(  326): ACTION: CPU - Setting CPU[2] to 1094400
I/ThermalEngine(  326): ACTION: CPU - Setting CPU[3] to 1094400
I/ThermalEngine(  326): Sensor:tsens_tz_sensor5:66000 mC
I/ThermalEngine(  326): Sensor:tsens_tz_sensor1:66000 mC
I/ThermalEngine(  326): ACTION: CPU - Setting CPU[0] to 998400
I/ThermalEngine(  326): ACTION: CPU - Setting CPU[1] to 998400
I/ThermalEngine(  326): ACTION: CPU - Setting CPU[2] to 998400
I/ThermalEngine(  326): ACTION: CPU - Setting CPU[3] to 998400
I/ThermalEngine(  326): Sensor:tsens_tz_sensor5:65000 mC
I/ThermalEngine(  326): Sensor:pm8226_tz:59397 mC
E/QCALOG  (  427): [MessageQ] ProcessNewMessage: [XTWiFi-PE] unknown deliver target [OS-Agent]
E/QCALOG  (  427): [MessageQ] ProcessNewMessage: [XT-CS] unknown deliver target [OS-Agent]
E/QCALOG  (  427): [MessageQ] ProcessNewMessage: [XTWWAN-PE] unknown deliver target [OS-Agent]
I/ThermalEngine(  326): Sensor:tsens_tz_sensor1:66000 mC
I/ThermalEngine(  326): ACTION: CPU - Setting CPU[0] to 787200
I/ThermalEngine(  326): ACTION: CPU - Setting CPU[1] to 787200
I/ThermalEngine(  326): ACTION: CPU - Setting CPU[2] to 787200
I/ThermalEngine(  326): ACTION: CPU - Setting CPU[3] to 787200
I/ThermalEngine(  326): Sensor:tsens_tz_sensor5:65000 mC
I/ThermalEngine(  326): Sensor:tsens_tz_sensor1:64000 mC
I/ThermalEngine(  326): ACTION: CPU - Setting CPU[0] to 998400
I/ThermalEngine(  326): ACTION: CPU - Setting CPU[1] to 998400
I/ThermalEngine(  326): ACTION: CPU - Setting CPU[2] to 998400
I/ThermalEngine(  326): ACTION: CPU - Setting CPU[3] to 998400
I/ThermalEngine(  326): Sensor:tsens_tz_sensor5:63000 mC
I/ThermalEngine(  326): Sensor:tsens_tz_sensor1:64000 mC
I/ThermalEngine(  326): ACTION: CPU - Setting CPU[0] to 1094400
I/ThermalEngine(  326): ACTION: CPU - Setting CPU[1] to 1094400
I/ThermalEngine(  326): ACTION: CPU - Setting CPU[2] to 1094400
I/ThermalEngine(  326): ACTION: CPU - Setting CPU[3] to 1094400
I/ThermalEngine(  326): Sensor:tsens_tz_sensor5:63000 mC
I/ThermalEngine(  326): Sensor:tsens_tz_sensor1:64000 mC
I/ThermalEngine(  326): ACTION: CPU - Setting CPU[0] to 1190400
I/ThermalEngine(  326): ACTION: CPU - Setting CPU[1] to 1190400
I/ThermalEngine(  326): ACTION: CPU - Setting CPU[2] to 1190400
I/ThermalEngine(  326): ACTION: CPU - Setting CPU[3] to 1190400
I/ThermalEngine(  326): Sensor:tsens_tz_sensor5:64000 mC
I/ThermalEngine(  326): Sensor:pm8226_tz:59739 mC
I/ThermalEngine(  326): Sensor:tsens_tz_sensor1:66000 mC
I/ThermalEngine(  326): ACTION: CPU - Setting CPU[0] to 1094400
I/ThermalEngine(  326): ACTION: CPU - Setting CPU[1] to 1094400
I/ThermalEngine(  326): ACTION: CPU - Setting CPU[2] to 1094400
I/ThermalEngine(  326): ACTION: CPU - Setting CPU[3] to 1094400
I/ThermalEngine(  326): Sensor:tsens_tz_sensor5:64000 mC
I/ThermalEngine(  326): Sensor:tsens_tz_sensor1:67000 mC
I/ThermalEngine(  326): ACTION: CPU - Setting CPU[0] to 998400
I/ThermalEngine(  326): ACTION: CPU - Setting CPU[1] to 998400
I/ThermalEngine(  326): ACTION: CPU - Setting CPU[2] to 998400
I/ThermalEngine(  326): ACTION: CPU - Setting CPU[3] to 998400
I/ThermalEngine(  326): Sensor:tsens_tz_sensor5:66000 mC
I/ThermalEngine(  326): Sensor:tsens_tz_sensor1:67000 mC
I/ThermalEngine(  326): ACTION: CPU - Setting CPU[0] to 787200
I/ThermalEngine(  326): ACTION: CPU - Setting CPU[1] to 787200
I/ThermalEngine(  326): ACTION: CPU - Setting CPU[2] to 787200
I/ThermalEngine(  326): ACTION: CPU - Setting CPU[3] to 787200
I/ThermalEngine(  326): Sensor:tsens_tz_sensor5:65000 mC
I/ThermalEngine(  326): Sensor:tsens_tz_sensor1:67000 mC
I/ThermalEngine(  326): ACTION: CPU - Setting CPU[0] to 600000
I/ThermalEngine(  326): ACTION: CPU - Setting CPU[1] to 600000
I/ThermalEngine(  326): ACTION: CPU - Setting CPU[2] to 600000
I/ThermalEngine(  326): ACTION: CPU - Setting CPU[3] to 600000
I/ThermalEngine(  326): Sensor:tsens_tz_sensor5:65000 mC
I/ThermalEngine(  326): Sensor:pm8226_tz:59054 mC
I/ThermalEngine(  326): Sensor:tsens_tz_sensor1:64000 mC
I/ThermalEngine(  326): ACTION: CPU - Setting CPU[0] to 787200
I/ThermalEngine(  326): ACTION: CPU - Setting CPU[1] to 787200
I/ThermalEngine(  326): ACTION: CPU - Setting CPU[2] to 787200
I/ThermalEngine(  326): ACTION: CPU - Setting CPU[3] to 787200
I/ThermalEngine(  326): Sensor:tsens_tz_sensor5:64000 mC
I/ThermalEngine(  326): Sensor:tsens_tz_sensor1:63000 mC
I/ThermalEngine(  326): ACTION: CPU - Setting CPU[0] to 998400
I/ThermalEngine(  326): ACTION: CPU - Setting CPU[1] to 998400
I/ThermalEngine(  326): ACTION: CPU - Setting CPU[2] to 998400
I/ThermalEngine(  326): ACTION: CPU - Setting CPU[3] to 998400
I/ThermalEngine(  326): Sensor:tsens_tz_sensor5:63000 mC
I/ThermalEngine(  326): Sensor:tsens_tz_sensor1:65000 mC
I/ThermalEngine(  326): ACTION: CPU - Setting CPU[0] to 1094400
I/ThermalEngine(  326): ACTION: CPU - Setting CPU[1] to 1094400
I/ThermalEngine(  326): ACTION: CPU - Setting CPU[2] to 1094400
I/ThermalEngine(  326): ACTION: CPU - Setting CPU[3] to 1094400
I/ThermalEngine(  326): Sensor:tsens_tz_sensor5:64000 mC
I/ThermalEngine(  326): Sensor:tsens_tz_sensor1:66000 mC
I/ThermalEngine(  326): ACTION: CPU - Setting CPU[0] to 998400
I/ThermalEngine(  326): ACTION: CPU - Setting CPU[1] to 998400
I/ThermalEngine(  326): ACTION: CPU - Setting CPU[2] to 998400
I/ThermalEngine(  326): ACTION: CPU - Setting CPU[3] to 998400
I/ThermalEngine(  326): Sensor:tsens_tz_sensor5:65000 mC
I/ThermalEngine(  326): Sensor:pm8226_tz:59592 mC
I/ThermalEngine(  326): Sensor:tsens_tz_sensor1:66000 mC
I/ThermalEngine(  326): ACTION: CPU - Setting CPU[0] to 787200
I/ThermalEngine(  326): ACTION: CPU - Setting CPU[1] to 787200
I/ThermalEngine(  326): ACTION: CPU - Setting CPU[2] to 787200
I/ThermalEngine(  326): ACTION: CPU - Setting CPU[3] to 787200
I/ThermalEngine(  326): Sensor:tsens_tz_sensor5:65000 mC
I/ThermalEngine(  326): Sensor:tsens_tz_sensor1:66000 mC
I/ThermalEngine(  326): ACTION: CPU - Setting CPU[0] to 600000
I/ThermalEngine(  326): ACTION: CPU - Setting CPU[1] to 600000
I/ThermalEngine(  326): ACTION: CPU - Setting CPU[2] to 600000
I/ThermalEngine(  326): ACTION: CPU - Setting CPU[3] to 600000
I/ThermalEngine(  326): Sensor:tsens_tz_sensor5:65000 mC
I/ThermalEngine(  326): Sensor:tsens_tz_sensor1:63000 mC
I/ThermalEngine(  326): ACTION: CPU - Setting CPU[0] to 787200
I/ThermalEngine(  326): ACTION: CPU - Setting CPU[1] to 787200
I/ThermalEngine(  326): ACTION: CPU - Setting CPU[2] to 787200
I/ThermalEngine(  326): ACTION: CPU - Setting CPU[3] to 787200
I/ThermalEngine(  326): Sensor:tsens_tz_sensor5:63000 mC
I/ThermalEngine(  326): Sensor:tsens_tz_sensor1:63000 mC
I/ThermalEngine(  326): ACTION: CPU - Setting CPU[0] to 998400
I/ThermalEngine(  326): ACTION: CPU - Setting CPU[1] to 998400
I/ThermalEngine(  326): ACTION: CPU - Setting CPU[2] to 998400
I/ThermalEngine(  326): ACTION: CPU - Setting CPU[3] to 998400
I/ThermalEngine(  326): Sensor:tsens_tz_sensor5:63000 mC
I/ThermalEngine(  326): Sensor:pm8226_tz:59446 mC
I/ThermalEngine(  326): Sensor:tsens_tz_sensor1:65000 mC
I/ThermalEngine(  326): ACTION: CPU - Setting CPU[0] to 1094400
I/ThermalEngine(  326): ACTION: CPU - Setting CPU[1] to 1094400
I/ThermalEngine(  326): ACTION: CPU - Setting CPU[2] to 1094400
I/ThermalEngine(  326): ACTION: CPU - Setting CPU[3] to 1094400
I/ThermalEngine(  326): Sensor:tsens_tz_sensor5:64000 mC
I/ThermalEngine(  326): Sensor:tsens_tz_sensor1:65000 mC
I/ThermalEngine(  326): ACTION: CPU - Setting CPU[0] to 1190400
I/ThermalEngine(  326): ACTION: CPU - Setting CPU[1] to 1190400
I/ThermalEngine(  326): ACTION: CPU - Setting CPU[2] to 1190400
I/ThermalEngine(  326): ACTION: CPU - Setting CPU[3] to 1190400
I/ThermalEngine(  326): Sensor:tsens_tz_sensor5:64000 mC
I/Atfwd_Sendcmd(  334): AtCmdFwd service not ready - Exhausted retry attempts - :6
I/Atfwd_Daemon(  334): result : -1 	 ,Init step :2 	 ,qmiErrorCode: 0
I/ThermalEngine(  326): Sensor:tsens_tz_sensor1:66000 mC
I/ThermalEngine(  326): ACTION: CPU - Setting CPU[0] to 1094400
I/ThermalEngine(  326): ACTION: CPU - Setting CPU[1] to 1094400
I/ThermalEngine(  326): ACTION: CPU - Setting CPU[2] to 1094400
I/ThermalEngine(  326): ACTION: CPU - Setting CPU[3] to 1094400
I/ThermalEngine(  326): Sensor:tsens_tz_sensor5:65000 mC
I/ThermalEngine(  326): Sensor:tsens_tz_sensor1:62000 mC
I/ThermalEngine(  326): ACTION: CPU - Setting CPU[0] to 1190400
I/ThermalEngine(  326): ACTION: CPU - Setting CPU[1] to 1190400
I/ThermalEngine(  326): ACTION: CPU - Setting CPU[2] to 1190400
I/ThermalEngine(  326): ACTION: CPU - Setting CPU[3] to 1190400
I/ThermalEngine(  326): Sensor:tsens_tz_sensor5:64000 mC
E/QCALOG  (  427): [MessageQ] ProcessNewMessage: [XTWiFi-PE] unknown deliver target [OS-Agent]
E/QCALOG  (  427): [MessageQ] ProcessNewMessage: [XT-CS] unknown deliver target [OS-Agent]
E/QCALOG  (  427): [MessageQ] ProcessNewMessage: [XTWWAN-PE] unknown deliver target [OS-Agent]
I/ThermalEngine(  326): Sensor:pm8226_tz:58956 mC
I/ThermalEngine(  326): Sensor:tsens_tz_sensor1:61000 mC
I/ThermalEngine(  326): ACTION: CPU - Setting CPU[0] to 1305600
I/ThermalEngine(  326): ACTION: CPU - Setting CPU[1] to 1305600
I/ThermalEngine(  326): ACTION: CPU - Setting CPU[2] to 1305600
I/ThermalEngine(  326): ACTION: CPU - Setting CPU[3] to 1305600
I/ThermalEngine(  326): Sensor:tsens_tz_sensor5:62000 mC
I/ThermalEngine(  326): Sensor:tsens_tz_sensor1:61000 mC
I/ThermalEngine(  326): ACTION: CPU - Setting CPU[0] to 1344000
I/ThermalEngine(  326): ACTION: CPU - Setting CPU[1] to 1344000
I/ThermalEngine(  326): ACTION: CPU - Setting CPU[2] to 1344000
I/ThermalEngine(  326): ACTION: CPU - Setting CPU[3] to 1344000
I/ThermalEngine(  326): Sensor:tsens_tz_sensor5:62000 mC
I/ThermalEngine(  326): Sensor:tsens_tz_sensor1:61000 mC
I/ThermalEngine(  326): ACTION: CPU - Setting CPU[0] to 1401600
I/ThermalEngine(  326): ACTION: CPU - Setting CPU[1] to 1401600
I/ThermalEngine(  326): ACTION: CPU - Setting CPU[2] to 1401600
I/ThermalEngine(  326): ACTION: CPU - Setting CPU[3] to 1401600
I/ThermalEngine(  326): Sensor:tsens_tz_sensor5:62000 mC
I/ThermalEngine(  326): Sensor:tsens_tz_sensor1:61000 mC
I/ThermalEngine(  326): ACTION: CPU - Setting CPU[0] to 1497600
I/ThermalEngine(  326): ACTION: CPU - Setting CPU[1] to 1497600
I/ThermalEngine(  326): ACTION: CPU - Setting CPU[2] to 1497600
I/ThermalEngine(  326): ACTION: CPU - Setting CPU[3] to 1497600
I/ThermalEngine(  326): Sensor:tsens_tz_sensor5:62000 mC
I/ThermalEngine(  326): Sensor:pm8226_tz:58907 mC
I/ThermalEngine(  326): Sensor:tsens_tz_sensor1:62000 mC
I/ThermalEngine(  326): ACTION: CPU - Setting CPU[0] to 1593600
I/ThermalEngine(  326): ACTION: CPU - Setting CPU[1] to 1593600
I/ThermalEngine(  326): ACTION: CPU - Setting CPU[2] to 1593600
I/ThermalEngine(  326): ACTION: CPU - Setting CPU[3] to 1593600
I/ThermalEngine(  326): Sensor:tsens_tz_sensor5:62000 mC
I/dex2oat ( 1565): dex2oat took 7.516s (threads: 4) arena alloc=222KB java alloc=9MB native alloc=15MB free=8MB
I/PackageManager( 1052): Running dexopt on: /system/priv-app/MzCallSetting/MzCallSetting.apk pkg=com.meizu.callsetting isa=arm vmSafeMode=false
I/dex2oat ( 1572): /system/bin/dex2oat --zip-fd=5 --zip-location=/system/priv-app/MzCallSetting/MzCallSetting.apk --oat-fd=6 --oat-location=/data/dalvik-cache/arm/system@priv-app@MzCallSetting@MzCallSetting.apk@classes.dex --instruction-set=arm --instruction-set-features=div --runtime-arg -Xms64m --runtime-arg -Xmx512m --swap-fd=7
I/ThermalEngine(  326): Sensor:tsens_tz_sensor1:63000 mC
I/ThermalEngine(  326): Sensor:tsens_tz_sensor5:65000 mC
I/dex2oat ( 1572): Decided to run without swap.
W/dex2oat ( 1572): Before Android 4.1, method int android.support.v7.internal.widget.ListViewCompat.lookForSelectablePosition(int, boolean) would have incorrectly overridden the package-private method in android.widget.ListView
W/dex2oat ( 1572): Before Android 4.1, method void com.meizu.common.preference.SwitchPreference.syncSummaryView(android.view.View) would have incorrectly overridden the package-private method in android.preference.TwoStatePreference
I/ThermalEngine(  326): Sensor:tsens_tz_sensor1:70000 mC
I/ThermalEngine(  326): ACTION: CPU - Setting CPU[0] to 1497600
I/ThermalEngine(  326): ACTION: CPU - Setting CPU[1] to 1497600
I/ThermalEngine(  326): ACTION: CPU - Setting CPU[2] to 1497600
I/ThermalEngine(  326): ACTION: CPU - Setting CPU[3] to 1497600
I/ThermalEngine(  326): Sensor:tsens_tz_sensor5:67000 mC
I/ThermalEngine(  326): Sensor:tsens_tz_sensor1:70000 mC
I/ThermalEngine(  326): ACTION: CPU - Setting CPU[0] to 1401600
I/ThermalEngine(  326): ACTION: CPU - Setting CPU[1] to 1401600
I/ThermalEngine(  326): ACTION: CPU - Setting CPU[2] to 1401600
I/ThermalEngine(  326): ACTION: CPU - Setting CPU[3] to 1401600
I/ThermalEngine(  326): Sensor:tsens_tz_sensor5:67000 mC
I/ThermalEngine(  326): Sensor:pm8226_tz:61745 mC
I/ThermalEngine(  326): Sensor:tsens_tz_sensor1:74000 mC
I/ThermalEngine(  326): ACTION: CPU - Setting CPU[0] to 1344000
I/ThermalEngine(  326): ACTION: CPU - Setting CPU[1] to 1344000
I/ThermalEngine(  326): ACTION: CPU - Setting CPU[2] to 1344000
I/ThermalEngine(  326): ACTION: CPU - Setting CPU[3] to 1344000
I/ThermalEngine(  326): Sensor:tsens_tz_sensor5:70000 mC
I/ThermalEngine(  326): Sensor:tsens_tz_sensor1:74000 mC
I/ThermalEngine(  326): ACTION: CPU - Setting CPU[0] to 1305600
I/ThermalEngine(  326): ACTION: CPU - Setting CPU[1] to 1305600
I/ThermalEngine(  326): ACTION: CPU - Setting CPU[2] to 1305600
I/ThermalEngine(  326): ACTION: CPU - Setting CPU[3] to 1305600
I/ThermalEngine(  326): Sensor:tsens_tz_sensor5:70000 mC
I/ThermalEngine(  326): Sensor:tsens_tz_sensor1:67000 mC
I/ThermalEngine(  326): ACTION: CPU - Setting CPU[0] to 1190400
I/ThermalEngine(  326): ACTION: CPU - Setting CPU[1] to 1190400
I/ThermalEngine(  326): ACTION: CPU - Setting CPU[2] to 1190400
I/ThermalEngine(  326): ACTION: CPU - Setting CPU[3] to 1190400
I/ThermalEngine(  326): Sensor:tsens_tz_sensor5:66000 mC
I/dex2oat ( 1572): dex2oat took 1.420s (threads: 4) arena alloc=261KB java alloc=2MB native alloc=5MB free=2MB
I/PackageManager( 1052): Running dexopt on: /system/priv-app/Mms/Mms.apk pkg=com.android.mms isa=arm vmSafeMode=false
I/dex2oat ( 1577): /system/bin/dex2oat --zip-fd=5 --zip-location=/system/priv-app/Mms/Mms.apk --oat-fd=6 --oat-location=/data/dalvik-cache/arm/system@priv-app@Mms@Mms.apk@classes.dex --instruction-set=arm --instruction-set-features=div --runtime-arg -Xms64m --runtime-arg -Xmx512m --swap-fd=7
I/ThermalEngine(  326): Sensor:tsens_tz_sensor1:65000 mC
I/ThermalEngine(  326): Sensor:tsens_tz_sensor5:64000 mC
I/ThermalEngine(  326): ACTION: CPU - Setting CPU[0] to 1305600
I/ThermalEngine(  326): ACTION: CPU - Setting CPU[1] to 1305600
I/ThermalEngine(  326): ACTION: CPU - Setting CPU[2] to 1305600
I/ThermalEngine(  326): ACTION: CPU - Setting CPU[3] to 1305600
I/ThermalEngine(  326): Sensor:pm8226_tz:59250 mC
I/ThermalEngine(  326): Sensor:tsens_tz_sensor1:65000 mC
I/ThermalEngine(  326): Sensor:tsens_tz_sensor5:64000 mC
I/ThermalEngine(  326): ACTION: CPU - Setting CPU[0] to 1344000
I/ThermalEngine(  326): ACTION: CPU - Setting CPU[1] to 1344000
I/ThermalEngine(  326): ACTION: CPU - Setting CPU[2] to 1344000
I/ThermalEngine(  326): ACTION: CPU - Setting CPU[3] to 1344000
I/ThermalEngine(  326): Sensor:tsens_tz_sensor1:65000 mC
I/ThermalEngine(  326): Sensor:tsens_tz_sensor5:64000 mC
I/ThermalEngine(  326): ACTION: CPU - Setting CPU[0] to 1401600
I/ThermalEngine(  326): ACTION: CPU - Setting CPU[1] to 1401600
I/ThermalEngine(  326): ACTION: CPU - Setting CPU[2] to 1401600
I/ThermalEngine(  326): ACTION: CPU - Setting CPU[3] to 1401600
I/dex2oat ( 1577): Decided to run without swap.
W/dex2oat ( 1577): Before Android 4.1, method int android.support.v7.internal.widget.ListViewCompat.lookForSelectablePosition(int, boolean) would have incorrectly overridden the package-private method in android.widget.ListView
I/ThermalEngine(  326): Sensor:tsens_tz_sensor1:66000 mC
I/ThermalEngine(  326): ACTION: CPU - Setting CPU[0] to 1344000
I/ThermalEngine(  326): ACTION: CPU - Setting CPU[1] to 1344000
I/ThermalEngine(  326): ACTION: CPU - Setting CPU[2] to 1344000
I/ThermalEngine(  326): ACTION: CPU - Setting CPU[3] to 1344000
I/ThermalEngine(  326): Sensor:tsens_tz_sensor5:66000 mC
W/dex2oat ( 1577): Before Android 4.1, method void com.meizu.common.preference.SwitchPreference.syncSummaryView(android.view.View) would have incorrectly overridden the package-private method in android.preference.TwoStatePreference
I/ThermalEngine(  326): Sensor:tsens_tz_sensor1:70000 mC
I/ThermalEngine(  326): ACTION: CPU - Setting CPU[0] to 1305600
I/ThermalEngine(  326): ACTION: CPU - Setting CPU[1] to 1305600
I/ThermalEngine(  326): ACTION: CPU - Setting CPU[2] to 1305600
I/ThermalEngine(  326): ACTION: CPU - Setting CPU[3] to 1305600
I/ThermalEngine(  326): Sensor:tsens_tz_sensor5:68000 mC
I/ThermalEngine(  326): Sensor:pm8226_tz:60326 mC
I/ThermalEngine(  326): Sensor:tsens_tz_sensor1:69000 mC
I/ThermalEngine(  326): ACTION: CPU - Setting CPU[0] to 1190400
I/ThermalEngine(  326): ACTION: CPU - Setting CPU[1] to 1190400
I/ThermalEngine(  326): ACTION: CPU - Setting CPU[2] to 1190400
I/ThermalEngine(  326): ACTION: CPU - Setting CPU[3] to 1190400
I/ThermalEngine(  326): Sensor:tsens_tz_sensor5:68000 mC
I/ThermalEngine(  326): Sensor:tsens_tz_sensor1:69000 mC
I/ThermalEngine(  326): ACTION: CPU - Setting CPU[0] to 1094400
I/ThermalEngine(  326): ACTION: CPU - Setting CPU[1] to 1094400
I/ThermalEngine(  326): ACTION: CPU - Setting CPU[2] to 1094400
I/ThermalEngine(  326): ACTION: CPU - Setting CPU[3] to 1094400
I/ThermalEngine(  326): Sensor:tsens_tz_sensor5:68000 mC
I/ServiceManager(  334): Waiting for service AtCmdFwd...
I/ThermalEngine(  326): Sensor:tsens_tz_sensor1:68000 mC
I/ThermalEngine(  326): ACTION: CPU - Setting CPU[0] to 998400
I/ThermalEngine(  326): ACTION: CPU - Setting CPU[1] to 998400
I/ThermalEngine(  326): ACTION: CPU - Setting CPU[2] to 998400
I/ThermalEngine(  326): ACTION: CPU - Setting CPU[3] to 998400
I/ThermalEngine(  326): Sensor:tsens_tz_sensor5:66000 mC
I/ThermalEngine(  326): Sensor:tsens_tz_sensor1:67000 mC
I/ThermalEngine(  326): ACTION: CPU - Setting CPU[0] to 787200
I/ThermalEngine(  326): ACTION: CPU - Setting CPU[1] to 787200
I/ThermalEngine(  326): ACTION: CPU - Setting CPU[2] to 787200
I/ThermalEngine(  326): ACTION: CPU - Setting CPU[3] to 787200
I/ThermalEngine(  326): Sensor:tsens_tz_sensor5:66000 mC
E/QCALOG  (  427): [MessageQ] ProcessNewMessage: [XTWiFi-PE] unknown deliver target [OS-Agent]
E/QCALOG  (  427): [MessageQ] ProcessNewMessage: [XT-CS] unknown deliver target [OS-Agent]
E/QCALOG  (  427): [MessageQ] ProcessNewMessage: [XTWWAN-PE] unknown deliver target [OS-Agent]
I/ThermalEngine(  326): Sensor:pm8226_tz:58810 mC
I/ThermalEngine(  326): Sensor:tsens_tz_sensor1:63000 mC
I/ThermalEngine(  326): Sensor:tsens_tz_sensor5:63000 mC
I/ThermalEngine(  326): ACTION: CPU - Setting CPU[0] to 998400
I/ThermalEngine(  326): ACTION: CPU - Setting CPU[1] to 998400
I/ThermalEngine(  326): ACTION: CPU - Setting CPU[2] to 998400
I/ThermalEngine(  326): ACTION: CPU - Setting CPU[3] to 998400
I/ThermalEngine(  326): Sensor:tsens_tz_sensor1:65000 mC
I/ThermalEngine(  326): Sensor:tsens_tz_sensor5:64000 mC
I/ThermalEngine(  326): ACTION: CPU - Setting CPU[0] to 1094400
I/ThermalEngine(  326): ACTION: CPU - Setting CPU[1] to 1094400
I/ThermalEngine(  326): ACTION: CPU - Setting CPU[2] to 1094400
I/ThermalEngine(  326): ACTION: CPU - Setting CPU[3] to 1094400
I/ServiceManager(  334): Waiting for service AtCmdFwd...
I/ThermalEngine(  326): Sensor:tsens_tz_sensor1:65000 mC
I/ThermalEngine(  326): Sensor:tsens_tz_sensor5:64000 mC
I/ThermalEngine(  326): ACTION: CPU - Setting CPU[0] to 1190400
I/ThermalEngine(  326): ACTION: CPU - Setting CPU[1] to 1190400
I/ThermalEngine(  326): ACTION: CPU - Setting CPU[2] to 1190400
I/ThermalEngine(  326): ACTION: CPU - Setting CPU[3] to 1190400
I/ThermalEngine(  326): Sensor:tsens_tz_sensor1:64000 mC
I/ThermalEngine(  326): Sensor:tsens_tz_sensor5:65000 mC
I/ThermalEngine(  326): ACTION: CPU - Setting CPU[0] to 1305600
I/ThermalEngine(  326): ACTION: CPU - Setting CPU[1] to 1305600
I/ThermalEngine(  326): ACTION: CPU - Setting CPU[2] to 1305600
I/ThermalEngine(  326): ACTION: CPU - Setting CPU[3] to 1305600
I/ThermalEngine(  326): Sensor:pm8226_tz:60669 mC
I/ThermalEngine(  326): Sensor:tsens_tz_sensor1:70000 mC
I/ThermalEngine(  326): ACTION: CPU - Setting CPU[0] to 1190400
I/ThermalEngine(  326): ACTION: CPU - Setting CPU[1] to 1190400
I/ThermalEngine(  326): ACTION: CPU - Setting CPU[2] to 1190400
I/ThermalEngine(  326): ACTION: CPU - Setting CPU[3] to 1190400
I/ThermalEngine(  326): Sensor:tsens_tz_sensor5:68000 mC
I/ThermalEngine(  326): Sensor:tsens_tz_sensor1:70000 mC
I/ThermalEngine(  326): ACTION: CPU - Setting CPU[0] to 1094400
I/ThermalEngine(  326): ACTION: CPU - Setting CPU[1] to 1094400
I/ThermalEngine(  326): ACTION: CPU - Setting CPU[2] to 1094400
I/ThermalEngine(  326): ACTION: CPU - Setting CPU[3] to 1094400
I/ThermalEngine(  326): Sensor:tsens_tz_sensor5:68000 mC
I/ServiceManager(  334): Waiting for service AtCmdFwd...
I/ThermalEngine(  326): Sensor:tsens_tz_sensor1:68000 mC
I/ThermalEngine(  326): ACTION: CPU - Setting CPU[0] to 998400
I/ThermalEngine(  326): ACTION: CPU - Setting CPU[1] to 998400
I/ThermalEngine(  326): ACTION: CPU - Setting CPU[2] to 998400
I/ThermalEngine(  326): ACTION: CPU - Setting CPU[3] to 998400
I/ThermalEngine(  326): Sensor:tsens_tz_sensor5:67000 mC
I/ThermalEngine(  326): Sensor:tsens_tz_sensor1:68000 mC
I/ThermalEngine(  326): ACTION: CPU - Setting CPU[0] to 787200
I/ThermalEngine(  326): ACTION: CPU - Setting CPU[1] to 787200
I/ThermalEngine(  326): ACTION: CPU - Setting CPU[2] to 787200
I/ThermalEngine(  326): ACTION: CPU - Setting CPU[3] to 787200
I/ThermalEngine(  326): Sensor:tsens_tz_sensor5:67000 mC
I/ThermalEngine(  326): Sensor:pm8226_tz:59348 mC
I/ThermalEngine(  326): Sensor:tsens_tz_sensor1:66000 mC
I/ThermalEngine(  326): ACTION: CPU - Setting CPU[0] to 600000
I/ThermalEngine(  326): ACTION: CPU - Setting CPU[1] to 600000
I/ThermalEngine(  326): ACTION: CPU - Setting CPU[2] to 600000
I/ThermalEngine(  326): ACTION: CPU - Setting CPU[3] to 600000
I/ThermalEngine(  326): Sensor:tsens_tz_sensor5:65000 mC
I/ThermalEngine(  326): Sensor:tsens_tz_sensor1:64000 mC
I/ThermalEngine(  326): ACTION: CPU - Setting CPU[0] to 787200
I/ThermalEngine(  326): ACTION: CPU - Setting CPU[1] to 787200
I/ThermalEngine(  326): ACTION: CPU - Setting CPU[2] to 787200
I/ThermalEngine(  326): ACTION: CPU - Setting CPU[3] to 787200
I/ThermalEngine(  326): Sensor:tsens_tz_sensor5:64000 mC
I/ServiceManager(  334): Waiting for service AtCmdFwd...
I/ThermalEngine(  326): Sensor:tsens_tz_sensor1:64000 mC
I/ThermalEngine(  326): ACTION: CPU - Setting CPU[0] to 998400
I/ThermalEngine(  326): ACTION: CPU - Setting CPU[1] to 998400
I/ThermalEngine(  326): ACTION: CPU - Setting CPU[2] to 998400
I/ThermalEngine(  326): ACTION: CPU - Setting CPU[3] to 998400
I/ThermalEngine(  326): Sensor:tsens_tz_sensor5:64000 mC
I/ThermalEngine(  326): Sensor:tsens_tz_sensor1:66000 mC
I/ThermalEngine(  326): ACTION: CPU - Setting CPU[0] to 787200
I/ThermalEngine(  326): ACTION: CPU - Setting CPU[1] to 787200
I/ThermalEngine(  326): ACTION: CPU - Setting CPU[2] to 787200
I/ThermalEngine(  326): ACTION: CPU - Setting CPU[3] to 787200
I/ThermalEngine(  326): Sensor:tsens_tz_sensor5:65000 mC
I/ThermalEngine(  326): Sensor:pm8226_tz:59250 mC
I/ThermalEngine(  326): Sensor:tsens_tz_sensor1:66000 mC
I/ThermalEngine(  326): ACTION: CPU - Setting CPU[0] to 600000
I/ThermalEngine(  326): ACTION: CPU - Setting CPU[1] to 600000
I/ThermalEngine(  326): ACTION: CPU - Setting CPU[2] to 600000
I/ThermalEngine(  326): ACTION: CPU - Setting CPU[3] to 600000
I/ThermalEngine(  326): Sensor:tsens_tz_sensor5:65000 mC
I/ThermalEngine(  326): Sensor:tsens_tz_sensor1:64000 mC
I/ThermalEngine(  326): ACTION: CPU - Setting CPU[0] to 787200
I/ThermalEngine(  326): ACTION: CPU - Setting CPU[1] to 787200
I/ThermalEngine(  326): ACTION: CPU - Setting CPU[2] to 787200
I/ThermalEngine(  326): ACTION: CPU - Setting CPU[3] to 787200
I/ThermalEngine(  326): Sensor:tsens_tz_sensor5:64000 mC
I/ServiceManager(  334): Waiting for service AtCmdFwd...
I/ThermalEngine(  326): Sensor:tsens_tz_sensor1:64000 mC
I/ThermalEngine(  326): ACTION: CPU - Setting CPU[0] to 998400
I/ThermalEngine(  326): ACTION: CPU - Setting CPU[1] to 998400
I/ThermalEngine(  326): ACTION: CPU - Setting CPU[2] to 998400
I/ThermalEngine(  326): ACTION: CPU - Setting CPU[3] to 998400
I/ThermalEngine(  326): Sensor:tsens_tz_sensor5:63000 mC
I/ThermalEngine(  326): Sensor:tsens_tz_sensor1:66000 mC
I/ThermalEngine(  326): ACTION: CPU - Setting CPU[0] to 787200
I/ThermalEngine(  326): ACTION: CPU - Setting CPU[1] to 787200
I/ThermalEngine(  326): ACTION: CPU - Setting CPU[2] to 787200
I/ThermalEngine(  326): ACTION: CPU - Setting CPU[3] to 787200
I/ThermalEngine(  326): Sensor:tsens_tz_sensor5:65000 mC
I/ThermalEngine(  326): Sensor:pm8226_tz:59201 mC
I/ThermalEngine(  326): Sensor:tsens_tz_sensor1:64000 mC
I/ThermalEngine(  326): ACTION: CPU - Setting CPU[0] to 998400
I/ThermalEngine(  326): ACTION: CPU - Setting CPU[1] to 998400
I/ThermalEngine(  326): ACTION: CPU - Setting CPU[2] to 998400
I/ThermalEngine(  326): ACTION: CPU - Setting CPU[3] to 998400
I/ThermalEngine(  326): Sensor:tsens_tz_sensor5:64000 mC
I/ThermalEngine(  326): Sensor:tsens_tz_sensor1:64000 mC
I/ThermalEngine(  326): ACTION: CPU - Setting CPU[0] to 1094400
I/ThermalEngine(  326): ACTION: CPU - Setting CPU[1] to 1094400
I/ThermalEngine(  326): ACTION: CPU - Setting CPU[2] to 1094400
I/ThermalEngine(  326): ACTION: CPU - Setting CPU[3] to 1094400
I/ThermalEngine(  326): Sensor:tsens_tz_sensor5:64000 mC
W/Atfwd_Sendcmd(  334): AtCmdFwd service not published, waiting... retryCnt : 1
I/ThermalEngine(  326): Sensor:tsens_tz_sensor1:66000 mC
I/ThermalEngine(  326): ACTION: CPU - Setting CPU[0] to 998400
I/ThermalEngine(  326): ACTION: CPU - Setting CPU[1] to 998400
I/ThermalEngine(  326): ACTION: CPU - Setting CPU[2] to 998400
I/ThermalEngine(  326): ACTION: CPU - Setting CPU[3] to 998400
I/ThermalEngine(  326): Sensor:tsens_tz_sensor5:65000 mC
I/ThermalEngine(  326): Sensor:tsens_tz_sensor1:66000 mC
I/ThermalEngine(  326): ACTION: CPU - Setting CPU[0] to 787200
I/ThermalEngine(  326): ACTION: CPU - Setting CPU[1] to 787200
I/ThermalEngine(  326): ACTION: CPU - Setting CPU[2] to 787200
I/ThermalEngine(  326): ACTION: CPU - Setting CPU[3] to 787200
I/ThermalEngine(  326): Sensor:tsens_tz_sensor5:65000 mC
E/QCALOG  (  427): [MessageQ] ProcessNewMessage: [XTWiFi-PE] unknown deliver target [OS-Agent]
E/QCALOG  (  427): [MessageQ] ProcessNewMessage: [XT-CS] unknown deliver target [OS-Agent]
E/QCALOG  (  427): [MessageQ] ProcessNewMessage: [XTWWAN-PE] unknown deliver target [OS-Agent]
I/ThermalEngine(  326): Sensor:pm8226_tz:59201 mC
I/ThermalEngine(  326): Sensor:tsens_tz_sensor1:64000 mC
I/ThermalEngine(  326): ACTION: CPU - Setting CPU[0] to 998400
I/ThermalEngine(  326): ACTION: CPU - Setting CPU[1] to 998400
I/ThermalEngine(  326): ACTION: CPU - Setting CPU[2] to 998400
I/ThermalEngine(  326): ACTION: CPU - Setting CPU[3] to 998400
I/ThermalEngine(  326): Sensor:tsens_tz_sensor5:64000 mC
I/ThermalEngine(  326): Sensor:tsens_tz_sensor1:66000 mC
I/ThermalEngine(  326): ACTION: CPU - Setting CPU[0] to 787200
I/ThermalEngine(  326): ACTION: CPU - Setting CPU[1] to 787200
I/ThermalEngine(  326): ACTION: CPU - Setting CPU[2] to 787200
I/ThermalEngine(  326): ACTION: CPU - Setting CPU[3] to 787200
I/ThermalEngine(  326): Sensor:tsens_tz_sensor5:65000 mC
I/ThermalEngine(  326): Sensor:tsens_tz_sensor1:66000 mC
I/ThermalEngine(  326): ACTION: CPU - Setting CPU[0] to 600000
I/ThermalEngine(  326): ACTION: CPU - Setting CPU[1] to 600000
I/ThermalEngine(  326): ACTION: CPU - Setting CPU[2] to 600000
I/ThermalEngine(  326): ACTION: CPU - Setting CPU[3] to 600000
I/ThermalEngine(  326): Sensor:tsens_tz_sensor5:65000 mC
I/ThermalEngine(  326): Sensor:tsens_tz_sensor1:64000 mC
I/ThermalEngine(  326): ACTION: CPU - Setting CPU[0] to 787200
I/ThermalEngine(  326): ACTION: CPU - Setting CPU[1] to 787200
I/ThermalEngine(  326): ACTION: CPU - Setting CPU[2] to 787200
I/ThermalEngine(  326): ACTION: CPU - Setting CPU[3] to 787200
I/ThermalEngine(  326): Sensor:tsens_tz_sensor5:63000 mC
I/ThermalEngine(  326): Sensor:pm8226_tz:59103 mC
I/ThermalEngine(  326): Sensor:tsens_tz_sensor1:63000 mC
I/ThermalEngine(  326): ACTION: CPU - Setting CPU[0] to 998400
I/ThermalEngine(  326): ACTION: CPU - Setting CPU[1] to 998400
I/ThermalEngine(  326): ACTION: CPU - Setting CPU[2] to 998400
I/ThermalEngine(  326): ACTION: CPU - Setting CPU[3] to 998400
I/ThermalEngine(  326): Sensor:tsens_tz_sensor5:63000 mC
I/ThermalEngine(  326): Sensor:tsens_tz_sensor1:61000 mC
I/ThermalEngine(  326): ACTION: CPU - Setting CPU[0] to 1094400
I/ThermalEngine(  326): ACTION: CPU - Setting CPU[1] to 1094400
I/ThermalEngine(  326): ACTION: CPU - Setting CPU[2] to 1094400
I/ThermalEngine(  326): ACTION: CPU - Setting CPU[3] to 1094400
I/ThermalEngine(  326): Sensor:tsens_tz_sensor5:63000 mC
I/ThermalEngine(  326): Sensor:tsens_tz_sensor1:60000 mC
I/ThermalEngine(  326): ACTION: CPU - Setting CPU[0] to 1190400
I/ThermalEngine(  326): ACTION: CPU - Setting CPU[1] to 1190400
I/ThermalEngine(  326): ACTION: CPU - Setting CPU[2] to 1190400
I/ThermalEngine(  326): ACTION: CPU - Setting CPU[3] to 1190400
I/ThermalEngine(  326): Sensor:tsens_tz_sensor5:63000 mC
I/ThermalEngine(  326): Sensor:tsens_tz_sensor1:60000 mC
I/ThermalEngine(  326): ACTION: CPU - Setting CPU[0] to 1305600
I/ThermalEngine(  326): ACTION: CPU - Setting CPU[1] to 1305600
I/ThermalEngine(  326): ACTION: CPU - Setting CPU[2] to 1305600
I/ThermalEngine(  326): ACTION: CPU - Setting CPU[3] to 1305600
I/ThermalEngine(  326): Sensor:tsens_tz_sensor5:63000 mC
I/ThermalEngine(  326): Sensor:pm8226_tz:58761 mC
I/ThermalEngine(  326): Sensor:tsens_tz_sensor1:61000 mC
I/ThermalEngine(  326): ACTION: CPU - Setting CPU[0] to 1344000
I/ThermalEngine(  326): ACTION: CPU - Setting CPU[1] to 1